[2023-01-09T21:17:33.460-0500][gc,init] CardTable entry size: 512
[2023-01-09T21:17:33.460-0500][gc     ] Using G1
[2023-01-09T21:17:33.461-0500][gc,init] Version: 19.0.1+10-21 (release)
[2023-01-09T21:17:33.461-0500][gc,init] CPUs: 8 total, 8 available
[2023-01-09T21:17:33.461-0500][gc,init] Memory: 16384M
[2023-01-09T21:17:33.461-0500][gc,init] Large Page Support: Disabled
[2023-01-09T21:17:33.461-0500][gc,init] NUMA Support: Disabled
[2023-01-09T21:17:33.461-0500][gc,init] Compressed Oops: Enabled (Zero based)
[2023-01-09T21:17:33.461-0500][gc,init] Heap Region Size: 1M
[2023-01-09T21:17:33.461-0500][gc,init] Heap Min Capacity: 1G
[2023-01-09T21:17:33.461-0500][gc,init] Heap Initial Capacity: 1G
[2023-01-09T21:17:33.461-0500][gc,init] Heap Max Capacity: 1G
[2023-01-09T21:17:33.461-0500][gc,init] Pre-touch: Disabled
[2023-01-09T21:17:33.461-0500][gc,init] Parallel Workers: 8
[2023-01-09T21:17:33.461-0500][gc,init] Concurrent Workers: 2
[2023-01-09T21:17:33.461-0500][gc,init] Concurrent Refinement Workers: 8
[2023-01-09T21:17:33.461-0500][gc,init] Periodic GC: Disabled
[2023-01-09T21:17:33.461-0500][gc,metaspace] CDS archive(s) mapped at: [0x0000000800000000-0x0000000800c44000-0x0000000800c44000), size 12861440, SharedBaseAddress: 0x0000000800000000, ArchiveRelocationMode: 0.
[2023-01-09T21:17:33.461-0500][gc,metaspace] Compressed class space mapped at: 0x0000000801000000-0x0000000841000000, reserved size: 1073741824
[2023-01-09T21:17:33.461-0500][gc,metaspace] Narrow klass base: 0x0000000800000000, Narrow klass shift: 0, Narrow klass range: 0x100000000
[2023-01-09T21:17:34.381-0500][gc,start    ] GC(0) Pause Young (Normal) (G1 Evacuation Pause)
[2023-01-09T21:17:34.381-0500][gc,task     ] GC(0) Using 8 workers of 8 for evacuation
[2023-01-09T21:17:34.384-0500][gc,phases   ] GC(0)   Pre Evacuate Collection Set: 0.1ms
[2023-01-09T21:17:34.384-0500][gc,phases   ] GC(0)   Merge Heap Roots: 0.0ms
[2023-01-09T21:17:34.384-0500][gc,phases   ] GC(0)   Evacuate Collection Set: 2.2ms
[2023-01-09T21:17:34.384-0500][gc,phases   ] GC(0)   Post Evacuate Collection Set: 0.3ms
[2023-01-09T21:17:34.384-0500][gc,phases   ] GC(0)   Other: 0.2ms
[2023-01-09T21:17:34.384-0500][gc,heap     ] GC(0) Eden regions: 51->0(44)
[2023-01-09T21:17:34.384-0500][gc,heap     ] GC(0) Survivor regions: 0->7(7)
[2023-01-09T21:17:34.384-0500][gc,heap     ] GC(0) Old regions: 0->1
[2023-01-09T21:17:34.384-0500][gc,heap     ] GC(0) Archive regions: 2->2
[2023-01-09T21:17:34.384-0500][gc,heap     ] GC(0) Humongous regions: 0->0
[2023-01-09T21:17:34.384-0500][gc,metaspace] GC(0) Metaspace: 18956K(19200K)->18956K(19200K) NonClass: 16584K(16704K)->16584K(16704K) Class: 2372K(2496K)->2372K(2496K)
[2023-01-09T21:17:34.384-0500][gc          ] GC(0) Pause Young (Normal) (G1 Evacuation Pause) 51M->8M(1024M) 3.055ms
[2023-01-09T21:17:34.384-0500][gc,cpu      ] GC(0) User=0.01s Sys=0.01s Real=0.00s
[2023-01-09T21:17:34.476-0500][gc,start    ] GC(1) Pause Young (Concurrent Start) (Metadata GC Threshold)
[2023-01-09T21:17:34.476-0500][gc,task     ] GC(1) Using 8 workers of 8 for evacuation
[2023-01-09T21:17:34.480-0500][gc,phases   ] GC(1)   Pre Evacuate Collection Set: 0.1ms
[2023-01-09T21:17:34.480-0500][gc,phases   ] GC(1)   Merge Heap Roots: 0.0ms
[2023-01-09T21:17:34.480-0500][gc,phases   ] GC(1)   Evacuate Collection Set: 2.8ms
[2023-01-09T21:17:34.480-0500][gc,phases   ] GC(1)   Post Evacuate Collection Set: 0.2ms
[2023-01-09T21:17:34.480-0500][gc,phases   ] GC(1)   Other: 0.0ms
[2023-01-09T21:17:34.480-0500][gc,heap     ] GC(1) Eden regions: 9->0(50)
[2023-01-09T21:17:34.480-0500][gc,heap     ] GC(1) Survivor regions: 7->1(7)
[2023-01-09T21:17:34.480-0500][gc,heap     ] GC(1) Old regions: 1->8
[2023-01-09T21:17:34.480-0500][gc,heap     ] GC(1) Archive regions: 2->2
[2023-01-09T21:17:34.480-0500][gc,heap     ] GC(1) Humongous regions: 0->0
[2023-01-09T21:17:34.480-0500][gc,metaspace] GC(1) Metaspace: 21268K(21504K)->21268K(21504K) NonClass: 18567K(18688K)->18567K(18688K) Class: 2701K(2816K)->2701K(2816K)
[2023-01-09T21:17:34.480-0500][gc          ] GC(1) Pause Young (Concurrent Start) (Metadata GC Threshold) 17M->9M(1024M) 3.305ms
[2023-01-09T21:17:34.480-0500][gc,cpu      ] GC(1) User=0.02s Sys=0.01s Real=0.01s
[2023-01-09T21:17:34.480-0500][gc          ] GC(2) Concurrent Mark Cycle
[2023-01-09T21:17:34.480-0500][gc,marking  ] GC(2) Concurrent Clear Claimed Marks
[2023-01-09T21:17:34.480-0500][gc,marking  ] GC(2) Concurrent Clear Claimed Marks 0.018ms
[2023-01-09T21:17:34.480-0500][gc,marking  ] GC(2) Concurrent Scan Root Regions
[2023-01-09T21:17:34.481-0500][gc,marking  ] GC(2) Concurrent Scan Root Regions 1.428ms
[2023-01-09T21:17:34.481-0500][gc,marking  ] GC(2) Concurrent Mark
[2023-01-09T21:17:34.481-0500][gc,marking  ] GC(2) Concurrent Mark From Roots
[2023-01-09T21:17:34.481-0500][gc,task     ] GC(2) Using 2 workers of 2 for marking
[2023-01-09T21:17:34.482-0500][gc,marking  ] GC(2) Concurrent Mark From Roots 1.021ms
[2023-01-09T21:17:34.482-0500][gc,marking  ] GC(2) Concurrent Preclean
[2023-01-09T21:17:34.482-0500][gc,marking  ] GC(2) Concurrent Preclean 0.009ms
[2023-01-09T21:17:34.482-0500][gc,start    ] GC(2) Pause Remark
[2023-01-09T21:17:34.484-0500][gc          ] GC(2) Pause Remark 9M->9M(1024M) 1.133ms
[2023-01-09T21:17:34.484-0500][gc,cpu      ] GC(2) User=0.00s Sys=0.00s Real=0.00s
[2023-01-09T21:17:34.484-0500][gc,marking  ] GC(2) Concurrent Mark 2.344ms
[2023-01-09T21:17:34.484-0500][gc,marking  ] GC(2) Concurrent Rebuild Remembered Sets
[2023-01-09T21:17:34.485-0500][gc,marking  ] GC(2) Concurrent Rebuild Remembered Sets 1.825ms
[2023-01-09T21:17:34.486-0500][gc,start    ] GC(2) Pause Cleanup
[2023-01-09T21:17:34.486-0500][gc          ] GC(2) Pause Cleanup 9M->9M(1024M) 0.090ms
[2023-01-09T21:17:34.486-0500][gc,cpu      ] GC(2) User=0.00s Sys=0.00s Real=0.00s
[2023-01-09T21:17:34.486-0500][gc,marking  ] GC(2) Concurrent Cleanup for Next Mark
[2023-01-09T21:17:34.487-0500][gc,marking  ] GC(2) Concurrent Cleanup for Next Mark 1.261ms
[2023-01-09T21:17:34.487-0500][gc          ] GC(2) Concurrent Mark Cycle 7.141ms
[2023-01-09T21:17:35.016-0500][gc,start    ] GC(3) Pause Young (Normal) (G1 Evacuation Pause)
[2023-01-09T21:17:35.016-0500][gc,task     ] GC(3) Using 8 workers of 8 for evacuation
[2023-01-09T21:17:35.018-0500][gc,phases   ] GC(3)   Pre Evacuate Collection Set: 0.1ms
[2023-01-09T21:17:35.018-0500][gc,phases   ] GC(3)   Merge Heap Roots: 0.0ms
[2023-01-09T21:17:35.018-0500][gc,phases   ] GC(3)   Evacuate Collection Set: 2.2ms
[2023-01-09T21:17:35.018-0500][gc,phases   ] GC(3)   Post Evacuate Collection Set: 0.3ms
[2023-01-09T21:17:35.018-0500][gc,phases   ] GC(3)   Other: 0.0ms
[2023-01-09T21:17:35.018-0500][gc,heap     ] GC(3) Eden regions: 50->0(45)
[2023-01-09T21:17:35.018-0500][gc,heap     ] GC(3) Survivor regions: 1->6(7)
[2023-01-09T21:17:35.018-0500][gc,heap     ] GC(3) Old regions: 8->8
[2023-01-09T21:17:35.018-0500][gc,heap     ] GC(3) Archive regions: 2->2
[2023-01-09T21:17:35.018-0500][gc,heap     ] GC(3) Humongous regions: 129->129
[2023-01-09T21:17:35.019-0500][gc,metaspace] GC(3) Metaspace: 31639K(32000K)->31639K(32000K) NonClass: 27820K(28032K)->27820K(28032K) Class: 3818K(3968K)->3818K(3968K)
[2023-01-09T21:17:35.019-0500][gc          ] GC(3) Pause Young (Normal) (G1 Evacuation Pause) 188M->142M(1024M) 2.806ms
[2023-01-09T21:17:35.019-0500][gc,cpu      ] GC(3) User=0.01s Sys=0.00s Real=0.00s
[2023-01-09T21:17:37.343-0500][gc,heap,exit] Heap
[2023-01-09T21:17:37.360-0500][gc,heap,exit]  garbage-first heap   total 1048576K, used 153148K [0x00000007c0000000, 0x0000000800000000)
[2023-01-09T21:17:37.360-0500][gc,heap,exit]   region size 1024K, 14 young (14336K), 6 survivors (6144K)
[2023-01-09T21:17:37.360-0500][gc,heap,exit]  Metaspace       used 32745K, committed 33088K, reserved 1114112K
[2023-01-09T21:17:37.360-0500][gc,heap,exit]   class space    used 3995K, committed 4160K, reserved 1048576K
