[2023-01-04T23:54:49.064-0500][gc,init] CardTable entry size: 512
[2023-01-04T23:54:49.064-0500][gc     ] Using G1
[2023-01-04T23:54:49.066-0500][gc,init] Version: 19.0.1+10-21 (release)
[2023-01-04T23:54:49.066-0500][gc,init] CPUs: 8 total, 8 available
[2023-01-04T23:54:49.066-0500][gc,init] Memory: 16384M
[2023-01-04T23:54:49.066-0500][gc,init] Large Page Support: Disabled
[2023-01-04T23:54:49.066-0500][gc,init] NUMA Support: Disabled
[2023-01-04T23:54:49.066-0500][gc,init] Compressed Oops: Enabled (Zero based)
[2023-01-04T23:54:49.066-0500][gc,init] Heap Region Size: 1M
[2023-01-04T23:54:49.066-0500][gc,init] Heap Min Capacity: 1G
[2023-01-04T23:54:49.066-0500][gc,init] Heap Initial Capacity: 1G
[2023-01-04T23:54:49.066-0500][gc,init] Heap Max Capacity: 1G
[2023-01-04T23:54:49.066-0500][gc,init] Pre-touch: Disabled
[2023-01-04T23:54:49.066-0500][gc,init] Parallel Workers: 8
[2023-01-04T23:54:49.066-0500][gc,init] Concurrent Workers: 2
[2023-01-04T23:54:49.066-0500][gc,init] Concurrent Refinement Workers: 8
[2023-01-04T23:54:49.066-0500][gc,init] Periodic GC: Disabled
[2023-01-04T23:54:49.066-0500][gc,metaspace] CDS archive(s) mapped at: [0x0000000800000000-0x0000000800c44000-0x0000000800c44000), size 12861440, SharedBaseAddress: 0x0000000800000000, ArchiveRelocationMode: 0.
[2023-01-04T23:54:49.066-0500][gc,metaspace] Compressed class space mapped at: 0x0000000801000000-0x0000000841000000, reserved size: 1073741824
[2023-01-04T23:54:49.066-0500][gc,metaspace] Narrow klass base: 0x0000000800000000, Narrow klass shift: 0, Narrow klass range: 0x100000000
[2023-01-04T23:54:50.025-0500][gc,start    ] GC(0) Pause Young (Normal) (G1 Evacuation Pause)
[2023-01-04T23:54:50.026-0500][gc,task     ] GC(0) Using 8 workers of 8 for evacuation
[2023-01-04T23:54:50.031-0500][gc,phases   ] GC(0)   Pre Evacuate Collection Set: 0.1ms
[2023-01-04T23:54:50.031-0500][gc,phases   ] GC(0)   Merge Heap Roots: 0.0ms
[2023-01-04T23:54:50.031-0500][gc,phases   ] GC(0)   Evacuate Collection Set: 5.1ms
[2023-01-04T23:54:50.031-0500][gc,phases   ] GC(0)   Post Evacuate Collection Set: 0.6ms
[2023-01-04T23:54:50.031-0500][gc,phases   ] GC(0)   Other: 0.2ms
[2023-01-04T23:54:50.031-0500][gc,heap     ] GC(0) Eden regions: 51->0(44)
[2023-01-04T23:54:50.031-0500][gc,heap     ] GC(0) Survivor regions: 0->7(7)
[2023-01-04T23:54:50.031-0500][gc,heap     ] GC(0) Old regions: 0->1
[2023-01-04T23:54:50.031-0500][gc,heap     ] GC(0) Archive regions: 2->2
[2023-01-04T23:54:50.031-0500][gc,heap     ] GC(0) Humongous regions: 0->0
[2023-01-04T23:54:50.031-0500][gc,metaspace] GC(0) Metaspace: 18984K(19200K)->18984K(19200K) NonClass: 16609K(16704K)->16609K(16704K) Class: 2374K(2496K)->2374K(2496K)
[2023-01-04T23:54:50.031-0500][gc          ] GC(0) Pause Young (Normal) (G1 Evacuation Pause) 51M->8M(1024M) 6.174ms
[2023-01-04T23:54:50.032-0500][gc,cpu      ] GC(0) User=0.02s Sys=0.00s Real=0.01s
[2023-01-04T23:54:50.186-0500][gc,start    ] GC(1) Pause Young (Concurrent Start) (Metadata GC Threshold)
[2023-01-04T23:54:50.187-0500][gc,task     ] GC(1) Using 8 workers of 8 for evacuation
[2023-01-04T23:54:50.193-0500][gc,phases   ] GC(1)   Pre Evacuate Collection Set: 0.2ms
[2023-01-04T23:54:50.193-0500][gc,phases   ] GC(1)   Merge Heap Roots: 0.0ms
[2023-01-04T23:54:50.193-0500][gc,phases   ] GC(1)   Evacuate Collection Set: 5.0ms
[2023-01-04T23:54:50.193-0500][gc,phases   ] GC(1)   Post Evacuate Collection Set: 1.2ms
[2023-01-04T23:54:50.193-0500][gc,phases   ] GC(1)   Other: 0.0ms
[2023-01-04T23:54:50.193-0500][gc,heap     ] GC(1) Eden regions: 9->0(50)
[2023-01-04T23:54:50.193-0500][gc,heap     ] GC(1) Survivor regions: 7->1(7)
[2023-01-04T23:54:50.193-0500][gc,heap     ] GC(1) Old regions: 1->8
[2023-01-04T23:54:50.193-0500][gc,heap     ] GC(1) Archive regions: 2->2
[2023-01-04T23:54:50.193-0500][gc,heap     ] GC(1) Humongous regions: 0->0
[2023-01-04T23:54:50.193-0500][gc,metaspace] GC(1) Metaspace: 21277K(21504K)->21277K(21504K) NonClass: 18576K(18688K)->18576K(18688K) Class: 2701K(2816K)->2701K(2816K)
[2023-01-04T23:54:50.193-0500][gc          ] GC(1) Pause Young (Concurrent Start) (Metadata GC Threshold) 17M->9M(1024M) 6.847ms
[2023-01-04T23:54:50.193-0500][gc          ] GC(2) Concurrent Mark Cycle
[2023-01-04T23:54:50.193-0500][gc,cpu      ] GC(1) User=0.02s Sys=0.00s Real=0.01s
[2023-01-04T23:54:50.193-0500][gc,marking  ] GC(2) Concurrent Clear Claimed Marks
[2023-01-04T23:54:50.193-0500][gc,marking  ] GC(2) Concurrent Clear Claimed Marks 0.048ms
[2023-01-04T23:54:50.194-0500][gc,marking  ] GC(2) Concurrent Scan Root Regions
[2023-01-04T23:54:50.197-0500][gc,marking  ] GC(2) Concurrent Scan Root Regions 3.014ms
[2023-01-04T23:54:50.197-0500][gc,marking  ] GC(2) Concurrent Mark
[2023-01-04T23:54:50.197-0500][gc,marking  ] GC(2) Concurrent Mark From Roots
[2023-01-04T23:54:50.197-0500][gc,task     ] GC(2) Using 2 workers of 2 for marking
[2023-01-04T23:54:50.198-0500][gc,marking  ] GC(2) Concurrent Mark From Roots 1.505ms
[2023-01-04T23:54:50.198-0500][gc,marking  ] GC(2) Concurrent Preclean
[2023-01-04T23:54:50.198-0500][gc,marking  ] GC(2) Concurrent Preclean 0.008ms
[2023-01-04T23:54:50.198-0500][gc,start    ] GC(2) Pause Remark
[2023-01-04T23:54:50.200-0500][gc          ] GC(2) Pause Remark 9M->9M(1024M) 1.220ms
[2023-01-04T23:54:50.200-0500][gc,cpu      ] GC(2) User=0.00s Sys=0.00s Real=0.01s
[2023-01-04T23:54:50.200-0500][gc,marking  ] GC(2) Concurrent Mark 3.003ms
[2023-01-04T23:54:50.200-0500][gc,marking  ] GC(2) Concurrent Rebuild Remembered Sets
[2023-01-04T23:54:50.201-0500][gc,marking  ] GC(2) Concurrent Rebuild Remembered Sets 1.366ms
[2023-01-04T23:54:50.201-0500][gc,start    ] GC(2) Pause Cleanup
[2023-01-04T23:54:50.201-0500][gc          ] GC(2) Pause Cleanup 9M->9M(1024M) 0.079ms
[2023-01-04T23:54:50.201-0500][gc,cpu      ] GC(2) User=0.00s Sys=0.00s Real=0.00s
[2023-01-04T23:54:50.201-0500][gc,marking  ] GC(2) Concurrent Cleanup for Next Mark
[2023-01-04T23:54:50.202-0500][gc,marking  ] GC(2) Concurrent Cleanup for Next Mark 1.367ms
[2023-01-04T23:54:50.203-0500][gc          ] GC(2) Concurrent Mark Cycle 9.856ms
[2023-01-04T23:54:51.936-0500][gc,start    ] GC(3) Pause Young (Normal) (G1 Evacuation Pause)
[2023-01-04T23:54:51.936-0500][gc,task     ] GC(3) Using 8 workers of 8 for evacuation
[2023-01-04T23:54:51.939-0500][gc,phases   ] GC(3)   Pre Evacuate Collection Set: 0.1ms
[2023-01-04T23:54:51.939-0500][gc,phases   ] GC(3)   Merge Heap Roots: 0.0ms
[2023-01-04T23:54:51.939-0500][gc,phases   ] GC(3)   Evacuate Collection Set: 2.1ms
[2023-01-04T23:54:51.939-0500][gc,phases   ] GC(3)   Post Evacuate Collection Set: 0.2ms
[2023-01-04T23:54:51.939-0500][gc,phases   ] GC(3)   Other: 0.0ms
[2023-01-04T23:54:51.939-0500][gc,heap     ] GC(3) Eden regions: 50->0(46)
[2023-01-04T23:54:51.939-0500][gc,heap     ] GC(3) Survivor regions: 1->5(7)
[2023-01-04T23:54:51.939-0500][gc,heap     ] GC(3) Old regions: 8->8
[2023-01-04T23:54:51.939-0500][gc,heap     ] GC(3) Archive regions: 2->2
[2023-01-04T23:54:51.939-0500][gc,heap     ] GC(3) Humongous regions: 129->129
[2023-01-04T23:54:51.939-0500][gc,metaspace] GC(3) Metaspace: 31318K(31680K)->31318K(31680K) NonClass: 27562K(27712K)->27562K(27712K) Class: 3756K(3968K)->3756K(3968K)
[2023-01-04T23:54:51.939-0500][gc          ] GC(3) Pause Young (Normal) (G1 Evacuation Pause) 188M->142M(1024M) 2.545ms
[2023-01-04T23:54:51.939-0500][gc,cpu      ] GC(3) User=0.02s Sys=0.00s Real=0.00s
[2023-01-04T23:54:54.572-0500][gc,heap,exit] Heap
[2023-01-04T23:54:54.572-0500][gc,heap,exit]  garbage-first heap   total 1048576K, used 156667K [0x00000007c0000000, 0x0000000800000000)
[2023-01-04T23:54:54.572-0500][gc,heap,exit]   region size 1024K, 16 young (16384K), 5 survivors (5120K)
[2023-01-04T23:54:54.572-0500][gc,heap,exit]  Metaspace       used 32806K, committed 33152K, reserved 1114112K
[2023-01-04T23:54:54.572-0500][gc,heap,exit]   class space    used 3998K, committed 4160K, reserved 1048576K
