[2023-01-04T11:17:49.354-0500][gc,init] CardTable entry size: 512
[2023-01-04T11:17:49.354-0500][gc     ] Using G1
[2023-01-04T11:17:49.355-0500][gc,init] Version: 19.0.1+10-21 (release)
[2023-01-04T11:17:49.355-0500][gc,init] CPUs: 8 total, 8 available
[2023-01-04T11:17:49.355-0500][gc,init] Memory: 16384M
[2023-01-04T11:17:49.355-0500][gc,init] Large Page Support: Disabled
[2023-01-04T11:17:49.355-0500][gc,init] NUMA Support: Disabled
[2023-01-04T11:17:49.355-0500][gc,init] Compressed Oops: Enabled (Zero based)
[2023-01-04T11:17:49.355-0500][gc,init] Heap Region Size: 1M
[2023-01-04T11:17:49.355-0500][gc,init] Heap Min Capacity: 1G
[2023-01-04T11:17:49.355-0500][gc,init] Heap Initial Capacity: 1G
[2023-01-04T11:17:49.355-0500][gc,init] Heap Max Capacity: 1G
[2023-01-04T11:17:49.355-0500][gc,init] Pre-touch: Disabled
[2023-01-04T11:17:49.355-0500][gc,init] Parallel Workers: 8
[2023-01-04T11:17:49.355-0500][gc,init] Concurrent Workers: 2
[2023-01-04T11:17:49.355-0500][gc,init] Concurrent Refinement Workers: 8
[2023-01-04T11:17:49.355-0500][gc,init] Periodic GC: Disabled
[2023-01-04T11:17:49.355-0500][gc,metaspace] CDS archive(s) mapped at: [0x0000000800000000-0x0000000800c44000-0x0000000800c44000), size 12861440, SharedBaseAddress: 0x0000000800000000, ArchiveRelocationMode: 0.
[2023-01-04T11:17:49.355-0500][gc,metaspace] Compressed class space mapped at: 0x0000000801000000-0x0000000841000000, reserved size: 1073741824
[2023-01-04T11:17:49.355-0500][gc,metaspace] Narrow klass base: 0x0000000800000000, Narrow klass shift: 0, Narrow klass range: 0x100000000
[2023-01-04T11:17:49.717-0500][gc,heap,exit] Heap
[2023-01-04T11:17:49.717-0500][gc,heap,exit]  garbage-first heap   total 1048576K, used 26594K [0x00000007c0000000, 0x0000000800000000)
[2023-01-04T11:17:49.717-0500][gc,heap,exit]   region size 1024K, 26 young (26624K), 0 survivors (0K)
[2023-01-04T11:17:49.717-0500][gc,heap,exit]  Metaspace       used 10019K, committed 10176K, reserved 1114112K
[2023-01-04T11:17:49.717-0500][gc,heap,exit]   class space    used 1183K, committed 1280K, reserved 1048576K
