[2023-01-04T23:55:52.961-0500][gc,init] CardTable entry size: 512
[2023-01-04T23:55:52.961-0500][gc     ] Using G1
[2023-01-04T23:55:52.963-0500][gc,init] Version: 19.0.1+10-21 (release)
[2023-01-04T23:55:52.963-0500][gc,init] CPUs: 8 total, 8 available
[2023-01-04T23:55:52.963-0500][gc,init] Memory: 16384M
[2023-01-04T23:55:52.963-0500][gc,init] Large Page Support: Disabled
[2023-01-04T23:55:52.963-0500][gc,init] NUMA Support: Disabled
[2023-01-04T23:55:52.963-0500][gc,init] Compressed Oops: Enabled (Zero based)
[2023-01-04T23:55:52.963-0500][gc,init] Heap Region Size: 1M
[2023-01-04T23:55:52.963-0500][gc,init] Heap Min Capacity: 1G
[2023-01-04T23:55:52.963-0500][gc,init] Heap Initial Capacity: 1G
[2023-01-04T23:55:52.963-0500][gc,init] Heap Max Capacity: 1G
[2023-01-04T23:55:52.963-0500][gc,init] Pre-touch: Disabled
[2023-01-04T23:55:52.963-0500][gc,init] Parallel Workers: 8
[2023-01-04T23:55:52.963-0500][gc,init] Concurrent Workers: 2
[2023-01-04T23:55:52.963-0500][gc,init] Concurrent Refinement Workers: 8
[2023-01-04T23:55:52.963-0500][gc,init] Periodic GC: Disabled
[2023-01-04T23:55:52.963-0500][gc,metaspace] CDS archive(s) mapped at: [0x0000000800000000-0x0000000800c44000-0x0000000800c44000), size 12861440, SharedBaseAddress: 0x0000000800000000, ArchiveRelocationMode: 0.
[2023-01-04T23:55:52.963-0500][gc,metaspace] Compressed class space mapped at: 0x0000000801000000-0x0000000841000000, reserved size: 1073741824
[2023-01-04T23:55:52.963-0500][gc,metaspace] Narrow klass base: 0x0000000800000000, Narrow klass shift: 0, Narrow klass range: 0x100000000
[2023-01-04T23:55:53.948-0500][gc,start    ] GC(0) Pause Young (Normal) (G1 Evacuation Pause)
[2023-01-04T23:55:53.948-0500][gc,task     ] GC(0) Using 8 workers of 8 for evacuation
[2023-01-04T23:55:53.951-0500][gc,phases   ] GC(0)   Pre Evacuate Collection Set: 0.1ms
[2023-01-04T23:55:53.951-0500][gc,phases   ] GC(0)   Merge Heap Roots: 0.0ms
[2023-01-04T23:55:53.951-0500][gc,phases   ] GC(0)   Evacuate Collection Set: 2.3ms
[2023-01-04T23:55:53.951-0500][gc,phases   ] GC(0)   Post Evacuate Collection Set: 0.3ms
[2023-01-04T23:55:53.951-0500][gc,phases   ] GC(0)   Other: 0.2ms
[2023-01-04T23:55:53.951-0500][gc,heap     ] GC(0) Eden regions: 51->0(44)
[2023-01-04T23:55:53.951-0500][gc,heap     ] GC(0) Survivor regions: 0->7(7)
[2023-01-04T23:55:53.951-0500][gc,heap     ] GC(0) Old regions: 0->1
[2023-01-04T23:55:53.951-0500][gc,heap     ] GC(0) Archive regions: 2->2
[2023-01-04T23:55:53.951-0500][gc,heap     ] GC(0) Humongous regions: 0->0
[2023-01-04T23:55:53.951-0500][gc,metaspace] GC(0) Metaspace: 18974K(19200K)->18974K(19200K) NonClass: 16600K(16704K)->16600K(16704K) Class: 2374K(2496K)->2374K(2496K)
[2023-01-04T23:55:53.951-0500][gc          ] GC(0) Pause Young (Normal) (G1 Evacuation Pause) 51M->8M(1024M) 3.089ms
[2023-01-04T23:55:53.951-0500][gc,cpu      ] GC(0) User=0.01s Sys=0.00s Real=0.01s
[2023-01-04T23:55:54.039-0500][gc,start    ] GC(1) Pause Young (Concurrent Start) (Metadata GC Threshold)
[2023-01-04T23:55:54.039-0500][gc,task     ] GC(1) Using 8 workers of 8 for evacuation
[2023-01-04T23:55:54.044-0500][gc,phases   ] GC(1)   Pre Evacuate Collection Set: 0.2ms
[2023-01-04T23:55:54.044-0500][gc,phases   ] GC(1)   Merge Heap Roots: 0.0ms
[2023-01-04T23:55:54.044-0500][gc,phases   ] GC(1)   Evacuate Collection Set: 3.7ms
[2023-01-04T23:55:54.044-0500][gc,phases   ] GC(1)   Post Evacuate Collection Set: 0.8ms
[2023-01-04T23:55:54.044-0500][gc,phases   ] GC(1)   Other: 0.0ms
[2023-01-04T23:55:54.044-0500][gc,heap     ] GC(1) Eden regions: 9->0(49)
[2023-01-04T23:55:54.044-0500][gc,heap     ] GC(1) Survivor regions: 7->2(7)
[2023-01-04T23:55:54.044-0500][gc,heap     ] GC(1) Old regions: 1->7
[2023-01-04T23:55:54.044-0500][gc,heap     ] GC(1) Archive regions: 2->2
[2023-01-04T23:55:54.044-0500][gc,heap     ] GC(1) Humongous regions: 0->0
[2023-01-04T23:55:54.044-0500][gc,metaspace] GC(1) Metaspace: 21315K(21504K)->21315K(21504K) NonClass: 18613K(18688K)->18613K(18688K) Class: 2701K(2816K)->2701K(2816K)
[2023-01-04T23:55:54.044-0500][gc          ] GC(1) Pause Young (Concurrent Start) (Metadata GC Threshold) 17M->9M(1024M) 4.990ms
[2023-01-04T23:55:54.044-0500][gc,cpu      ] GC(1) User=0.01s Sys=0.00s Real=0.01s
[2023-01-04T23:55:54.044-0500][gc          ] GC(2) Concurrent Mark Cycle
[2023-01-04T23:55:54.044-0500][gc,marking  ] GC(2) Concurrent Clear Claimed Marks
[2023-01-04T23:55:54.044-0500][gc,marking  ] GC(2) Concurrent Clear Claimed Marks 0.015ms
[2023-01-04T23:55:54.044-0500][gc,marking  ] GC(2) Concurrent Scan Root Regions
[2023-01-04T23:55:54.046-0500][gc,marking  ] GC(2) Concurrent Scan Root Regions 1.840ms
[2023-01-04T23:55:54.046-0500][gc,marking  ] GC(2) Concurrent Mark
[2023-01-04T23:55:54.046-0500][gc,marking  ] GC(2) Concurrent Mark From Roots
[2023-01-04T23:55:54.046-0500][gc,task     ] GC(2) Using 2 workers of 2 for marking
[2023-01-04T23:55:54.046-0500][gc,marking  ] GC(2) Concurrent Mark From Roots 0.573ms
[2023-01-04T23:55:54.046-0500][gc,marking  ] GC(2) Concurrent Preclean
[2023-01-04T23:55:54.046-0500][gc,marking  ] GC(2) Concurrent Preclean 0.007ms
[2023-01-04T23:55:54.046-0500][gc,start    ] GC(2) Pause Remark
[2023-01-04T23:55:54.047-0500][gc          ] GC(2) Pause Remark 9M->9M(1024M) 0.940ms
[2023-01-04T23:55:54.047-0500][gc,cpu      ] GC(2) User=0.01s Sys=0.00s Real=0.00s
[2023-01-04T23:55:54.047-0500][gc,marking  ] GC(2) Concurrent Mark 1.599ms
[2023-01-04T23:55:54.047-0500][gc,marking  ] GC(2) Concurrent Rebuild Remembered Sets
[2023-01-04T23:55:54.047-0500][gc,marking  ] GC(2) Concurrent Rebuild Remembered Sets 0.004ms
[2023-01-04T23:55:54.047-0500][gc,start    ] GC(2) Pause Cleanup
[2023-01-04T23:55:54.047-0500][gc          ] GC(2) Pause Cleanup 9M->9M(1024M) 0.012ms
[2023-01-04T23:55:54.047-0500][gc,cpu      ] GC(2) User=0.00s Sys=0.00s Real=0.00s
[2023-01-04T23:55:54.047-0500][gc,marking  ] GC(2) Concurrent Cleanup for Next Mark
[2023-01-04T23:55:54.049-0500][gc,marking  ] GC(2) Concurrent Cleanup for Next Mark 1.621ms
[2023-01-04T23:55:54.049-0500][gc          ] GC(2) Concurrent Mark Cycle 5.194ms
[2023-01-04T23:55:54.701-0500][gc,start    ] GC(3) Pause Young (Normal) (G1 Evacuation Pause)
[2023-01-04T23:55:54.701-0500][gc,task     ] GC(3) Using 8 workers of 8 for evacuation
[2023-01-04T23:55:54.713-0500][gc,phases   ] GC(3)   Pre Evacuate Collection Set: 0.4ms
[2023-01-04T23:55:54.713-0500][gc,phases   ] GC(3)   Merge Heap Roots: 2.1ms
[2023-01-04T23:55:54.713-0500][gc,phases   ] GC(3)   Evacuate Collection Set: 4.4ms
[2023-01-04T23:55:54.713-0500][gc,phases   ] GC(3)   Post Evacuate Collection Set: 4.6ms
[2023-01-04T23:55:54.713-0500][gc,phases   ] GC(3)   Other: 0.1ms
[2023-01-04T23:55:54.713-0500][gc,heap     ] GC(3) Eden regions: 49->0(46)
[2023-01-04T23:55:54.713-0500][gc,heap     ] GC(3) Survivor regions: 2->5(7)
[2023-01-04T23:55:54.713-0500][gc,heap     ] GC(3) Old regions: 7->7
[2023-01-04T23:55:54.713-0500][gc,heap     ] GC(3) Archive regions: 2->2
[2023-01-04T23:55:54.713-0500][gc,heap     ] GC(3) Humongous regions: 129->129
[2023-01-04T23:55:54.713-0500][gc,metaspace] GC(3) Metaspace: 31432K(31808K)->31432K(31808K) NonClass: 27657K(27840K)->27657K(27840K) Class: 3775K(3968K)->3775K(3968K)
[2023-01-04T23:55:54.713-0500][gc          ] GC(3) Pause Young (Normal) (G1 Evacuation Pause) 187M->141M(1024M) 11.812ms
[2023-01-04T23:55:54.713-0500][gc,cpu      ] GC(3) User=0.01s Sys=0.00s Real=0.01s
[2023-01-04T23:55:54.936-0500][gc,start    ] GC(4) Pause Young (Concurrent Start) (Metadata GC Threshold)
[2023-01-04T23:55:54.936-0500][gc,task     ] GC(4) Using 8 workers of 8 for evacuation
[2023-01-04T23:55:54.940-0500][gc,phases   ] GC(4)   Pre Evacuate Collection Set: 0.2ms
[2023-01-04T23:55:54.940-0500][gc,phases   ] GC(4)   Merge Heap Roots: 0.0ms
[2023-01-04T23:55:54.940-0500][gc,phases   ] GC(4)   Evacuate Collection Set: 3.1ms
[2023-01-04T23:55:54.940-0500][gc,phases   ] GC(4)   Post Evacuate Collection Set: 0.3ms
[2023-01-04T23:55:54.940-0500][gc,phases   ] GC(4)   Other: 0.0ms
[2023-01-04T23:55:54.940-0500][gc,heap     ] GC(4) Eden regions: 17->0(49)
[2023-01-04T23:55:54.940-0500][gc,heap     ] GC(4) Survivor regions: 5->2(7)
[2023-01-04T23:55:54.940-0500][gc,heap     ] GC(4) Old regions: 7->12
[2023-01-04T23:55:54.940-0500][gc,heap     ] GC(4) Archive regions: 2->2
[2023-01-04T23:55:54.940-0500][gc,heap     ] GC(4) Humongous regions: 129->129
[2023-01-04T23:55:54.940-0500][gc,metaspace] GC(4) Metaspace: 35611K(35968K)->35611K(35968K) NonClass: 31459K(31680K)->31459K(31680K) Class: 4151K(4288K)->4151K(4288K)
[2023-01-04T23:55:54.940-0500][gc          ] GC(4) Pause Young (Concurrent Start) (Metadata GC Threshold) 158M->143M(1024M) 3.830ms
[2023-01-04T23:55:54.940-0500][gc          ] GC(5) Concurrent Mark Cycle
[2023-01-04T23:55:54.940-0500][gc,cpu      ] GC(4) User=0.02s Sys=0.00s Real=0.01s
[2023-01-04T23:55:54.940-0500][gc,marking  ] GC(5) Concurrent Clear Claimed Marks
[2023-01-04T23:55:54.940-0500][gc,marking  ] GC(5) Concurrent Clear Claimed Marks 0.037ms
[2023-01-04T23:55:54.940-0500][gc,marking  ] GC(5) Concurrent Scan Root Regions
[2023-01-04T23:55:54.942-0500][gc,marking  ] GC(5) Concurrent Scan Root Regions 2.261ms
[2023-01-04T23:55:54.942-0500][gc,marking  ] GC(5) Concurrent Mark
[2023-01-04T23:55:54.942-0500][gc,marking  ] GC(5) Concurrent Mark From Roots
[2023-01-04T23:55:54.942-0500][gc,task     ] GC(5) Using 2 workers of 2 for marking
[2023-01-04T23:55:54.946-0500][gc,marking  ] GC(5) Concurrent Mark From Roots 4.161ms
[2023-01-04T23:55:54.947-0500][gc,marking  ] GC(5) Concurrent Preclean
[2023-01-04T23:55:54.947-0500][gc,marking  ] GC(5) Concurrent Preclean 0.099ms
[2023-01-04T23:55:54.947-0500][gc,start    ] GC(5) Pause Remark
[2023-01-04T23:55:54.949-0500][gc          ] GC(5) Pause Remark 144M->144M(1024M) 1.922ms
[2023-01-04T23:55:54.949-0500][gc,cpu      ] GC(5) User=0.01s Sys=0.00s Real=0.00s
[2023-01-04T23:55:54.950-0500][gc,marking  ] GC(5) Concurrent Mark 8.069ms
[2023-01-04T23:55:54.950-0500][gc,marking  ] GC(5) Concurrent Rebuild Remembered Sets
[2023-01-04T23:55:54.955-0500][gc,marking  ] GC(5) Concurrent Rebuild Remembered Sets 4.182ms
[2023-01-04T23:55:54.955-0500][gc,start    ] GC(5) Pause Cleanup
[2023-01-04T23:55:54.955-0500][gc          ] GC(5) Pause Cleanup 144M->144M(1024M) 0.111ms
[2023-01-04T23:55:54.955-0500][gc,cpu      ] GC(5) User=0.00s Sys=0.00s Real=0.00s
[2023-01-04T23:55:54.955-0500][gc,marking  ] GC(5) Concurrent Cleanup for Next Mark
[2023-01-04T23:55:54.958-0500][gc,marking  ] GC(5) Concurrent Cleanup for Next Mark 2.718ms
[2023-01-04T23:55:54.958-0500][gc          ] GC(5) Concurrent Mark Cycle 17.924ms
[2023-01-04T23:57:41.099-0500][gc,start    ] GC(6) Pause Young (Normal) (G1 Evacuation Pause)
[2023-01-04T23:57:41.100-0500][gc,task     ] GC(6) Using 8 workers of 8 for evacuation
[2023-01-04T23:57:41.139-0500][gc,mmu      ] GC(6) MMU target violated: 21.0ms (20.0ms/21.0ms)
[2023-01-04T23:57:41.139-0500][gc,phases   ] GC(6)   Pre Evacuate Collection Set: 5.2ms
[2023-01-04T23:57:41.139-0500][gc,phases   ] GC(6)   Merge Heap Roots: 0.7ms
[2023-01-04T23:57:41.139-0500][gc,phases   ] GC(6)   Evacuate Collection Set: 32.0ms
[2023-01-04T23:57:41.139-0500][gc,phases   ] GC(6)   Post Evacuate Collection Set: 0.7ms
[2023-01-04T23:57:41.139-0500][gc,phases   ] GC(6)   Other: 0.1ms
[2023-01-04T23:57:41.139-0500][gc,heap     ] GC(6) Eden regions: 49->0(46)
[2023-01-04T23:57:41.139-0500][gc,heap     ] GC(6) Survivor regions: 2->5(7)
[2023-01-04T23:57:41.139-0500][gc,heap     ] GC(6) Old regions: 12->12
[2023-01-04T23:57:41.139-0500][gc,heap     ] GC(6) Archive regions: 2->2
[2023-01-04T23:57:41.139-0500][gc,heap     ] GC(6) Humongous regions: 135->129
[2023-01-04T23:57:41.139-0500][gc,metaspace] GC(6) Metaspace: 41675K(42240K)->41675K(42240K) NonClass: 36662K(36992K)->36662K(36992K) Class: 5012K(5248K)->5012K(5248K)
[2023-01-04T23:57:41.139-0500][gc          ] GC(6) Pause Young (Normal) (G1 Evacuation Pause) 198M->146M(1024M) 40.093ms
[2023-01-04T23:57:41.139-0500][gc,cpu      ] GC(6) User=0.02s Sys=0.05s Real=0.04s
[2023-01-05T00:01:24.634-0500][gc,start    ] GC(7) Pause Young (Normal) (G1 Evacuation Pause)
[2023-01-05T00:01:24.634-0500][gc,task     ] GC(7) Using 8 workers of 8 for evacuation
[2023-01-05T00:01:24.640-0500][gc,phases   ] GC(7)   Pre Evacuate Collection Set: 1.1ms
[2023-01-05T00:01:24.640-0500][gc,phases   ] GC(7)   Merge Heap Roots: 0.0ms
[2023-01-05T00:01:24.640-0500][gc,phases   ] GC(7)   Evacuate Collection Set: 4.4ms
[2023-01-05T00:01:24.640-0500][gc,phases   ] GC(7)   Post Evacuate Collection Set: 0.7ms
[2023-01-05T00:01:24.641-0500][gc,phases   ] GC(7)   Other: 0.1ms
[2023-01-05T00:01:24.641-0500][gc,heap     ] GC(7) Eden regions: 46->0(47)
[2023-01-05T00:01:24.641-0500][gc,heap     ] GC(7) Survivor regions: 5->4(7)
[2023-01-05T00:01:24.641-0500][gc,heap     ] GC(7) Old regions: 12->13
[2023-01-05T00:01:24.641-0500][gc,heap     ] GC(7) Archive regions: 2->2
[2023-01-05T00:01:24.641-0500][gc,heap     ] GC(7) Humongous regions: 129->129
[2023-01-05T00:01:24.641-0500][gc,metaspace] GC(7) Metaspace: 41952K(42496K)->41952K(42496K) NonClass: 36937K(37248K)->36937K(37248K) Class: 5015K(5248K)->5015K(5248K)
[2023-01-05T00:01:24.641-0500][gc          ] GC(7) Pause Young (Normal) (G1 Evacuation Pause) 192M->146M(1024M) 6.832ms
[2023-01-05T00:01:24.641-0500][gc,cpu      ] GC(7) User=0.02s Sys=0.01s Real=0.01s
[2023-01-05T00:05:35.732-0500][gc,start    ] GC(8) Pause Young (Normal) (G1 Evacuation Pause)
[2023-01-05T00:05:35.734-0500][gc,task     ] GC(8) Using 8 workers of 8 for evacuation
[2023-01-05T00:05:35.753-0500][gc,phases   ] GC(8)   Pre Evacuate Collection Set: 1.8ms
[2023-01-05T00:05:35.753-0500][gc,phases   ] GC(8)   Merge Heap Roots: 0.3ms
[2023-01-05T00:05:35.753-0500][gc,phases   ] GC(8)   Evacuate Collection Set: 15.7ms
[2023-01-05T00:05:35.753-0500][gc,phases   ] GC(8)   Post Evacuate Collection Set: 1.0ms
[2023-01-05T00:05:35.753-0500][gc,phases   ] GC(8)   Other: 0.3ms
[2023-01-05T00:05:35.753-0500][gc,heap     ] GC(8) Eden regions: 47->0(47)
[2023-01-05T00:05:35.753-0500][gc,heap     ] GC(8) Survivor regions: 4->4(7)
[2023-01-05T00:05:35.753-0500][gc,heap     ] GC(8) Old regions: 13->13
[2023-01-05T00:05:35.753-0500][gc,heap     ] GC(8) Archive regions: 2->2
[2023-01-05T00:05:35.753-0500][gc,heap     ] GC(8) Humongous regions: 129->129
[2023-01-05T00:05:35.753-0500][gc,metaspace] GC(8) Metaspace: 42251K(42816K)->42251K(42816K) NonClass: 37235K(37568K)->37235K(37568K) Class: 5016K(5248K)->5016K(5248K)
[2023-01-05T00:05:35.753-0500][gc          ] GC(8) Pause Young (Normal) (G1 Evacuation Pause) 193M->146M(1024M) 21.201ms
[2023-01-05T00:05:35.753-0500][gc,cpu      ] GC(8) User=0.02s Sys=0.04s Real=0.02s
[2023-01-05T00:09:58.104-0500][gc,start    ] GC(9) Pause Young (Normal) (G1 Evacuation Pause)
[2023-01-05T00:09:58.104-0500][gc,task     ] GC(9) Using 8 workers of 8 for evacuation
[2023-01-05T00:09:58.125-0500][gc,mmu      ] GC(9) MMU target violated: 20.2ms (20.0ms/21.0ms)
[2023-01-05T00:09:58.125-0500][gc,phases   ] GC(9)   Pre Evacuate Collection Set: 2.4ms
[2023-01-05T00:09:58.125-0500][gc,phases   ] GC(9)   Merge Heap Roots: 0.1ms
[2023-01-05T00:09:58.125-0500][gc,phases   ] GC(9)   Evacuate Collection Set: 16.8ms
[2023-01-05T00:09:58.125-0500][gc,phases   ] GC(9)   Post Evacuate Collection Set: 0.7ms
[2023-01-05T00:09:58.125-0500][gc,phases   ] GC(9)   Other: 0.3ms
[2023-01-05T00:09:58.125-0500][gc,heap     ] GC(9) Eden regions: 47->0(47)
[2023-01-05T00:09:58.125-0500][gc,heap     ] GC(9) Survivor regions: 4->4(7)
[2023-01-05T00:09:58.125-0500][gc,heap     ] GC(9) Old regions: 13->13
[2023-01-05T00:09:58.125-0500][gc,heap     ] GC(9) Archive regions: 2->2
[2023-01-05T00:09:58.125-0500][gc,heap     ] GC(9) Humongous regions: 129->129
[2023-01-05T00:09:58.125-0500][gc,metaspace] GC(9) Metaspace: 42336K(42816K)->42336K(42816K) NonClass: 37314K(37568K)->37314K(37568K) Class: 5022K(5248K)->5022K(5248K)
[2023-01-05T00:09:58.125-0500][gc          ] GC(9) Pause Young (Normal) (G1 Evacuation Pause) 193M->146M(1024M) 21.280ms
[2023-01-05T00:09:58.125-0500][gc,cpu      ] GC(9) User=0.02s Sys=0.02s Real=0.02s
[2023-01-05T00:14:25.776-0500][gc,start    ] GC(10) Pause Young (Normal) (G1 Evacuation Pause)
[2023-01-05T00:14:25.776-0500][gc,task     ] GC(10) Using 8 workers of 8 for evacuation
[2023-01-05T00:14:25.789-0500][gc,phases   ] GC(10)   Pre Evacuate Collection Set: 1.1ms
[2023-01-05T00:14:25.789-0500][gc,phases   ] GC(10)   Merge Heap Roots: 0.4ms
[2023-01-05T00:14:25.789-0500][gc,phases   ] GC(10)   Evacuate Collection Set: 10.2ms
[2023-01-05T00:14:25.789-0500][gc,phases   ] GC(10)   Post Evacuate Collection Set: 1.0ms
[2023-01-05T00:14:25.789-0500][gc,phases   ] GC(10)   Other: 0.1ms
[2023-01-05T00:14:25.789-0500][gc,heap     ] GC(10) Eden regions: 47->0(53)
[2023-01-05T00:14:25.789-0500][gc,heap     ] GC(10) Survivor regions: 4->3(7)
[2023-01-05T00:14:25.789-0500][gc,heap     ] GC(10) Old regions: 13->15
[2023-01-05T00:14:25.789-0500][gc,heap     ] GC(10) Archive regions: 2->2
[2023-01-05T00:14:25.789-0500][gc,heap     ] GC(10) Humongous regions: 129->129
[2023-01-05T00:14:25.789-0500][gc,metaspace] GC(10) Metaspace: 42408K(42944K)->42408K(42944K) NonClass: 37386K(37696K)->37386K(37696K) Class: 5022K(5248K)->5022K(5248K)
[2023-01-05T00:14:25.789-0500][gc          ] GC(10) Pause Young (Normal) (G1 Evacuation Pause) 193M->147M(1024M) 13.234ms
[2023-01-05T00:14:25.789-0500][gc,cpu      ] GC(10) User=0.01s Sys=0.02s Real=0.01s
[2023-01-05T00:19:27.871-0500][gc,start    ] GC(11) Pause Young (Normal) (G1 Evacuation Pause)
[2023-01-05T00:19:27.872-0500][gc,task     ] GC(11) Using 8 workers of 8 for evacuation
[2023-01-05T00:19:27.880-0500][gc,phases   ] GC(11)   Pre Evacuate Collection Set: 0.5ms
[2023-01-05T00:19:27.880-0500][gc,phases   ] GC(11)   Merge Heap Roots: 0.1ms
[2023-01-05T00:19:27.880-0500][gc,phases   ] GC(11)   Evacuate Collection Set: 6.4ms
[2023-01-05T00:19:27.880-0500][gc,phases   ] GC(11)   Post Evacuate Collection Set: 1.0ms
[2023-01-05T00:19:27.880-0500][gc,phases   ] GC(11)   Other: 0.2ms
[2023-01-05T00:19:27.880-0500][gc,heap     ] GC(11) Eden regions: 53->0(123)
[2023-01-05T00:19:27.880-0500][gc,heap     ] GC(11) Survivor regions: 3->3(7)
[2023-01-05T00:19:27.880-0500][gc,heap     ] GC(11) Old regions: 15->15
[2023-01-05T00:19:27.880-0500][gc,heap     ] GC(11) Archive regions: 2->2
[2023-01-05T00:19:27.880-0500][gc,heap     ] GC(11) Humongous regions: 129->129
[2023-01-05T00:19:27.880-0500][gc,metaspace] GC(11) Metaspace: 42481K(43008K)->42481K(43008K) NonClass: 37459K(37760K)->37459K(37760K) Class: 5022K(5248K)->5022K(5248K)
[2023-01-05T00:19:27.880-0500][gc          ] GC(11) Pause Young (Normal) (G1 Evacuation Pause) 200M->147M(1024M) 9.043ms
[2023-01-05T00:19:27.880-0500][gc,cpu      ] GC(11) User=0.01s Sys=0.02s Real=0.01s
[2023-01-05T00:31:10.866-0500][gc,start    ] GC(12) Pause Young (Normal) (G1 Evacuation Pause)
[2023-01-05T00:31:10.867-0500][gc,task     ] GC(12) Using 8 workers of 8 for evacuation
[2023-01-05T00:31:10.929-0500][gc,mmu      ] GC(12) MMU target violated: 21.0ms (20.0ms/21.0ms)
[2023-01-05T00:31:10.929-0500][gc,phases   ] GC(12)   Pre Evacuate Collection Set: 4.1ms
[2023-01-05T00:31:10.929-0500][gc,phases   ] GC(12)   Merge Heap Roots: 1.2ms
[2023-01-05T00:31:10.929-0500][gc,phases   ] GC(12)   Evacuate Collection Set: 54.4ms
[2023-01-05T00:31:10.929-0500][gc,phases   ] GC(12)   Post Evacuate Collection Set: 1.2ms
[2023-01-05T00:31:10.929-0500][gc,phases   ] GC(12)   Other: 1.3ms
[2023-01-05T00:31:10.929-0500][gc,heap     ] GC(12) Eden regions: 123->0(48)
[2023-01-05T00:31:10.929-0500][gc,heap     ] GC(12) Survivor regions: 3->3(16)
[2023-01-05T00:31:10.929-0500][gc,heap     ] GC(12) Old regions: 15->15
[2023-01-05T00:31:10.929-0500][gc,heap     ] GC(12) Archive regions: 2->2
[2023-01-05T00:31:10.929-0500][gc,heap     ] GC(12) Humongous regions: 129->129
[2023-01-05T00:31:10.929-0500][gc,metaspace] GC(12) Metaspace: 42535K(43008K)->42535K(43008K) NonClass: 37512K(37760K)->37512K(37760K) Class: 5022K(5248K)->5022K(5248K)
[2023-01-05T00:31:10.929-0500][gc          ] GC(12) Pause Young (Normal) (G1 Evacuation Pause) 270M->147M(1024M) 63.475ms
[2023-01-05T00:31:10.929-0500][gc,cpu      ] GC(12) User=0.03s Sys=0.03s Real=0.06s
[2023-01-05T00:35:44.869-0500][gc,start    ] GC(13) Pause Young (Normal) (G1 Evacuation Pause)
[2023-01-05T00:35:44.869-0500][gc,task     ] GC(13) Using 8 workers of 8 for evacuation
[2023-01-05T00:35:44.897-0500][gc,mmu      ] GC(13) MMU target violated: 21.0ms (20.0ms/21.0ms)
[2023-01-05T00:35:44.897-0500][gc,phases   ] GC(13)   Pre Evacuate Collection Set: 3.5ms
[2023-01-05T00:35:44.897-0500][gc,phases   ] GC(13)   Merge Heap Roots: 0.2ms
[2023-01-05T00:35:44.897-0500][gc,phases   ] GC(13)   Evacuate Collection Set: 21.4ms
[2023-01-05T00:35:44.897-0500][gc,phases   ] GC(13)   Post Evacuate Collection Set: 1.4ms
[2023-01-05T00:35:44.897-0500][gc,phases   ] GC(13)   Other: 1.1ms
[2023-01-05T00:35:44.897-0500][gc,heap     ] GC(13) Eden regions: 48->0(47)
[2023-01-05T00:35:44.897-0500][gc,heap     ] GC(13) Survivor regions: 3->4(7)
[2023-01-05T00:35:44.897-0500][gc,heap     ] GC(13) Old regions: 15->15
[2023-01-05T00:35:44.897-0500][gc,heap     ] GC(13) Archive regions: 2->2
[2023-01-05T00:35:44.897-0500][gc,heap     ] GC(13) Humongous regions: 129->129
[2023-01-05T00:35:44.897-0500][gc,metaspace] GC(13) Metaspace: 42559K(43136K)->42559K(43136K) NonClass: 37537K(37888K)->37537K(37888K) Class: 5022K(5248K)->5022K(5248K)
[2023-01-05T00:35:44.897-0500][gc          ] GC(13) Pause Young (Normal) (G1 Evacuation Pause) 195M->148M(1024M) 28.549ms
[2023-01-05T00:35:44.897-0500][gc,cpu      ] GC(13) User=0.02s Sys=0.04s Real=0.03s
[2023-01-05T00:40:11.638-0500][gc,start    ] GC(14) Pause Young (Normal) (G1 Evacuation Pause)
[2023-01-05T00:40:11.638-0500][gc,task     ] GC(14) Using 8 workers of 8 for evacuation
[2023-01-05T00:40:11.668-0500][gc,mmu      ] GC(14) MMU target violated: 21.0ms (20.0ms/21.0ms)
[2023-01-05T00:40:11.669-0500][gc,phases   ] GC(14)   Pre Evacuate Collection Set: 6.6ms
[2023-01-05T00:40:11.669-0500][gc,phases   ] GC(14)   Merge Heap Roots: 0.9ms
[2023-01-05T00:40:11.669-0500][gc,phases   ] GC(14)   Evacuate Collection Set: 20.8ms
[2023-01-05T00:40:11.669-0500][gc,phases   ] GC(14)   Post Evacuate Collection Set: 0.8ms
[2023-01-05T00:40:11.669-0500][gc,phases   ] GC(14)   Other: 1.2ms
[2023-01-05T00:40:11.669-0500][gc,heap     ] GC(14) Eden regions: 47->0(47)
[2023-01-05T00:40:11.669-0500][gc,heap     ] GC(14) Survivor regions: 4->4(7)
[2023-01-05T00:40:11.669-0500][gc,heap     ] GC(14) Old regions: 15->15
[2023-01-05T00:40:11.669-0500][gc,heap     ] GC(14) Archive regions: 2->2
[2023-01-05T00:40:11.669-0500][gc,heap     ] GC(14) Humongous regions: 129->129
[2023-01-05T00:40:11.669-0500][gc,metaspace] GC(14) Metaspace: 42616K(43136K)->42616K(43136K) NonClass: 37594K(37888K)->37594K(37888K) Class: 5022K(5248K)->5022K(5248K)
[2023-01-05T00:40:11.669-0500][gc          ] GC(14) Pause Young (Normal) (G1 Evacuation Pause) 195M->148M(1024M) 31.151ms
[2023-01-05T00:40:11.669-0500][gc,cpu      ] GC(14) User=0.02s Sys=0.04s Real=0.03s
[2023-01-05T00:44:40.710-0500][gc,start    ] GC(15) Pause Young (Normal) (G1 Evacuation Pause)
[2023-01-05T00:44:40.713-0500][gc,task     ] GC(15) Using 8 workers of 8 for evacuation
[2023-01-05T00:44:40.748-0500][gc,mmu      ] GC(15) MMU target violated: 21.0ms (20.0ms/21.0ms)
[2023-01-05T00:44:40.748-0500][gc,phases   ] GC(15)   Pre Evacuate Collection Set: 5.6ms
[2023-01-05T00:44:40.748-0500][gc,phases   ] GC(15)   Merge Heap Roots: 0.7ms
[2023-01-05T00:44:40.748-0500][gc,phases   ] GC(15)   Evacuate Collection Set: 26.6ms
[2023-01-05T00:44:40.748-0500][gc,phases   ] GC(15)   Post Evacuate Collection Set: 1.3ms
[2023-01-05T00:44:40.748-0500][gc,phases   ] GC(15)   Other: 1.9ms
[2023-01-05T00:44:40.748-0500][gc,heap     ] GC(15) Eden regions: 47->0(47)
[2023-01-05T00:44:40.748-0500][gc,heap     ] GC(15) Survivor regions: 4->4(7)
[2023-01-05T00:44:40.748-0500][gc,heap     ] GC(15) Old regions: 15->15
[2023-01-05T00:44:40.748-0500][gc,heap     ] GC(15) Archive regions: 2->2
[2023-01-05T00:44:40.748-0500][gc,heap     ] GC(15) Humongous regions: 129->129
[2023-01-05T00:44:40.748-0500][gc,metaspace] GC(15) Metaspace: 42619K(43136K)->42619K(43136K) NonClass: 37596K(37888K)->37596K(37888K) Class: 5022K(5248K)->5022K(5248K)
[2023-01-05T00:44:40.748-0500][gc          ] GC(15) Pause Young (Normal) (G1 Evacuation Pause) 195M->148M(1024M) 37.843ms
[2023-01-05T00:44:40.748-0500][gc,cpu      ] GC(15) User=0.03s Sys=0.04s Real=0.03s
[2023-01-05T00:49:10.841-0500][gc,start    ] GC(16) Pause Young (Normal) (G1 Evacuation Pause)
[2023-01-05T00:49:10.841-0500][gc,task     ] GC(16) Using 8 workers of 8 for evacuation
[2023-01-05T00:49:10.860-0500][gc,phases   ] GC(16)   Pre Evacuate Collection Set: 1.5ms
[2023-01-05T00:49:10.860-0500][gc,phases   ] GC(16)   Merge Heap Roots: 0.2ms
[2023-01-05T00:49:10.860-0500][gc,phases   ] GC(16)   Evacuate Collection Set: 15.6ms
[2023-01-05T00:49:10.860-0500][gc,phases   ] GC(16)   Post Evacuate Collection Set: 1.1ms
[2023-01-05T00:49:10.860-0500][gc,phases   ] GC(16)   Other: 0.2ms
[2023-01-05T00:49:10.860-0500][gc,heap     ] GC(16) Eden regions: 47->0(46)
[2023-01-05T00:49:10.860-0500][gc,heap     ] GC(16) Survivor regions: 4->5(7)
[2023-01-05T00:49:10.860-0500][gc,heap     ] GC(16) Old regions: 15->16
[2023-01-05T00:49:10.860-0500][gc,heap     ] GC(16) Archive regions: 2->2
[2023-01-05T00:49:10.860-0500][gc,heap     ] GC(16) Humongous regions: 129->129
[2023-01-05T00:49:10.860-0500][gc,metaspace] GC(16) Metaspace: 42634K(43200K)->42634K(43200K) NonClass: 37611K(37952K)->37611K(37952K) Class: 5022K(5248K)->5022K(5248K)
[2023-01-05T00:49:10.860-0500][gc          ] GC(16) Pause Young (Normal) (G1 Evacuation Pause) 195M->149M(1024M) 19.420ms
[2023-01-05T00:49:10.860-0500][gc,cpu      ] GC(16) User=0.02s Sys=0.02s Real=0.02s
[2023-01-05T00:53:33.556-0500][gc,start    ] GC(17) Pause Young (Normal) (G1 Evacuation Pause)
[2023-01-05T00:53:33.557-0500][gc,task     ] GC(17) Using 8 workers of 8 for evacuation
[2023-01-05T00:53:33.571-0500][gc,phases   ] GC(17)   Pre Evacuate Collection Set: 2.2ms
[2023-01-05T00:53:33.572-0500][gc,phases   ] GC(17)   Merge Heap Roots: 0.2ms
[2023-01-05T00:53:33.572-0500][gc,phases   ] GC(17)   Evacuate Collection Set: 10.7ms
[2023-01-05T00:53:33.572-0500][gc,phases   ] GC(17)   Post Evacuate Collection Set: 0.9ms
[2023-01-05T00:53:33.572-0500][gc,phases   ] GC(17)   Other: 0.3ms
[2023-01-05T00:53:33.572-0500][gc,heap     ] GC(17) Eden regions: 46->0(47)
[2023-01-05T00:53:33.572-0500][gc,heap     ] GC(17) Survivor regions: 5->4(7)
[2023-01-05T00:53:33.572-0500][gc,heap     ] GC(17) Old regions: 16->16
[2023-01-05T00:53:33.572-0500][gc,heap     ] GC(17) Archive regions: 2->2
[2023-01-05T00:53:33.572-0500][gc,heap     ] GC(17) Humongous regions: 129->129
[2023-01-05T00:53:33.572-0500][gc,metaspace] GC(17) Metaspace: 42638K(43200K)->42638K(43200K) NonClass: 37615K(37952K)->37615K(37952K) Class: 5022K(5248K)->5022K(5248K)
[2023-01-05T00:53:33.572-0500][gc          ] GC(17) Pause Young (Normal) (G1 Evacuation Pause) 195M->149M(1024M) 15.495ms
[2023-01-05T00:53:33.572-0500][gc,cpu      ] GC(17) User=0.02s Sys=0.02s Real=0.02s
[2023-01-05T00:57:44.590-0500][gc,start    ] GC(18) Pause Young (Normal) (G1 Evacuation Pause)
[2023-01-05T00:57:44.590-0500][gc,task     ] GC(18) Using 8 workers of 8 for evacuation
[2023-01-05T00:57:44.614-0500][gc,mmu      ] GC(18) MMU target violated: 21.0ms (20.0ms/21.0ms)
[2023-01-05T00:57:44.614-0500][gc,phases   ] GC(18)   Pre Evacuate Collection Set: 1.2ms
[2023-01-05T00:57:44.614-0500][gc,phases   ] GC(18)   Merge Heap Roots: 1.2ms
[2023-01-05T00:57:44.614-0500][gc,phases   ] GC(18)   Evacuate Collection Set: 19.6ms
[2023-01-05T00:57:44.614-0500][gc,phases   ] GC(18)   Post Evacuate Collection Set: 1.0ms
[2023-01-05T00:57:44.614-0500][gc,phases   ] GC(18)   Other: 0.2ms
[2023-01-05T00:57:44.614-0500][gc,heap     ] GC(18) Eden regions: 47->0(45)
[2023-01-05T00:57:44.614-0500][gc,heap     ] GC(18) Survivor regions: 4->6(7)
[2023-01-05T00:57:44.614-0500][gc,heap     ] GC(18) Old regions: 16->16
[2023-01-05T00:57:44.614-0500][gc,heap     ] GC(18) Archive regions: 2->2
[2023-01-05T00:57:44.614-0500][gc,heap     ] GC(18) Humongous regions: 129->129
[2023-01-05T00:57:44.614-0500][gc,metaspace] GC(18) Metaspace: 42679K(43200K)->42679K(43200K) NonClass: 37652K(37952K)->37652K(37952K) Class: 5026K(5248K)->5026K(5248K)
[2023-01-05T00:57:44.614-0500][gc          ] GC(18) Pause Young (Normal) (G1 Evacuation Pause) 196M->150M(1024M) 23.909ms
[2023-01-05T00:57:44.614-0500][gc,cpu      ] GC(18) User=0.02s Sys=0.04s Real=0.02s
[2023-01-05T01:26:57.257-0500][gc,start    ] GC(19) Pause Young (Normal) (G1 Evacuation Pause)
[2023-01-05T01:26:57.261-0500][gc,task     ] GC(19) Using 8 workers of 8 for evacuation
[2023-01-05T01:26:57.323-0500][gc,mmu      ] GC(19) MMU target violated: 21.0ms (20.0ms/21.0ms)
[2023-01-05T01:26:57.323-0500][gc,phases   ] GC(19)   Pre Evacuate Collection Set: 6.1ms
[2023-01-05T01:26:57.323-0500][gc,phases   ] GC(19)   Merge Heap Roots: 0.8ms
[2023-01-05T01:26:57.323-0500][gc,phases   ] GC(19)   Evacuate Collection Set: 53.0ms
[2023-01-05T01:26:57.323-0500][gc,phases   ] GC(19)   Post Evacuate Collection Set: 1.7ms
[2023-01-05T01:26:57.323-0500][gc,phases   ] GC(19)   Other: 3.8ms
[2023-01-05T01:26:57.323-0500][gc,heap     ] GC(19) Eden regions: 45->0(47)
[2023-01-05T01:26:57.323-0500][gc,heap     ] GC(19) Survivor regions: 6->4(7)
[2023-01-05T01:26:57.323-0500][gc,heap     ] GC(19) Old regions: 16->18
[2023-01-05T01:26:57.323-0500][gc,heap     ] GC(19) Archive regions: 2->2
[2023-01-05T01:26:57.323-0500][gc,heap     ] GC(19) Humongous regions: 129->129
[2023-01-05T01:26:57.323-0500][gc,metaspace] GC(19) Metaspace: 42699K(43200K)->42699K(43200K) NonClass: 37672K(37952K)->37672K(37952K) Class: 5026K(5248K)->5026K(5248K)
[2023-01-05T01:26:57.323-0500][gc          ] GC(19) Pause Young (Normal) (G1 Evacuation Pause) 195M->150M(1024M) 65.855ms
[2023-01-05T01:26:57.323-0500][gc,cpu      ] GC(19) User=0.04s Sys=0.04s Real=0.07s
[2023-01-05T01:31:26.202-0500][gc,start    ] GC(20) Pause Young (Normal) (G1 Evacuation Pause)
[2023-01-05T01:31:26.204-0500][gc,task     ] GC(20) Using 8 workers of 8 for evacuation
[2023-01-05T01:31:26.226-0500][gc,mmu      ] GC(20) MMU target violated: 21.0ms (20.0ms/21.0ms)
[2023-01-05T01:31:26.226-0500][gc,phases   ] GC(20)   Pre Evacuate Collection Set: 4.0ms
[2023-01-05T01:31:26.226-0500][gc,phases   ] GC(20)   Merge Heap Roots: 0.1ms
[2023-01-05T01:31:26.227-0500][gc,phases   ] GC(20)   Evacuate Collection Set: 16.6ms
[2023-01-05T01:31:26.227-0500][gc,phases   ] GC(20)   Post Evacuate Collection Set: 1.4ms
[2023-01-05T01:31:26.227-0500][gc,phases   ] GC(20)   Other: 1.0ms
[2023-01-05T01:31:26.227-0500][gc,heap     ] GC(20) Eden regions: 47->0(47)
[2023-01-05T01:31:26.227-0500][gc,heap     ] GC(20) Survivor regions: 4->4(7)
[2023-01-05T01:31:26.227-0500][gc,heap     ] GC(20) Old regions: 18->18
[2023-01-05T01:31:26.227-0500][gc,heap     ] GC(20) Archive regions: 2->2
[2023-01-05T01:31:26.227-0500][gc,heap     ] GC(20) Humongous regions: 129->129
[2023-01-05T01:31:26.227-0500][gc,metaspace] GC(20) Metaspace: 42703K(43200K)->42703K(43200K) NonClass: 37677K(37952K)->37677K(37952K) Class: 5026K(5248K)->5026K(5248K)
[2023-01-05T01:31:26.227-0500][gc          ] GC(20) Pause Young (Normal) (G1 Evacuation Pause) 197M->150M(1024M) 24.877ms
[2023-01-05T01:31:26.227-0500][gc,cpu      ] GC(20) User=0.03s Sys=0.03s Real=0.02s
[2023-01-05T01:35:56.622-0500][gc,start    ] GC(21) Pause Young (Normal) (G1 Evacuation Pause)
[2023-01-05T01:35:56.623-0500][gc,task     ] GC(21) Using 8 workers of 8 for evacuation
[2023-01-05T01:35:56.645-0500][gc,mmu      ] GC(21) MMU target violated: 21.0ms (20.0ms/21.0ms)
[2023-01-05T01:35:56.645-0500][gc,phases   ] GC(21)   Pre Evacuate Collection Set: 2.4ms
[2023-01-05T01:35:56.645-0500][gc,phases   ] GC(21)   Merge Heap Roots: 0.8ms
[2023-01-05T01:35:56.645-0500][gc,phases   ] GC(21)   Evacuate Collection Set: 17.4ms
[2023-01-05T01:35:56.645-0500][gc,phases   ] GC(21)   Post Evacuate Collection Set: 0.9ms
[2023-01-05T01:35:56.645-0500][gc,phases   ] GC(21)   Other: 0.4ms
[2023-01-05T01:35:56.645-0500][gc,heap     ] GC(21) Eden regions: 47->0(47)
[2023-01-05T01:35:56.645-0500][gc,heap     ] GC(21) Survivor regions: 4->4(7)
[2023-01-05T01:35:56.645-0500][gc,heap     ] GC(21) Old regions: 18->18
[2023-01-05T01:35:56.645-0500][gc,heap     ] GC(21) Archive regions: 2->2
[2023-01-05T01:35:56.645-0500][gc,heap     ] GC(21) Humongous regions: 129->129
[2023-01-05T01:35:56.645-0500][gc,metaspace] GC(21) Metaspace: 42705K(43264K)->42705K(43264K) NonClass: 37679K(38016K)->37679K(38016K) Class: 5026K(5248K)->5026K(5248K)
[2023-01-05T01:35:56.645-0500][gc          ] GC(21) Pause Young (Normal) (G1 Evacuation Pause) 197M->150M(1024M) 23.541ms
[2023-01-05T01:35:56.645-0500][gc,cpu      ] GC(21) User=0.03s Sys=0.03s Real=0.02s
[2023-01-05T01:40:27.368-0500][gc,start    ] GC(22) Pause Young (Normal) (G1 Evacuation Pause)
[2023-01-05T01:40:27.369-0500][gc,task     ] GC(22) Using 8 workers of 8 for evacuation
[2023-01-05T01:40:27.392-0500][gc,mmu      ] GC(22) MMU target violated: 21.0ms (20.0ms/21.0ms)
[2023-01-05T01:40:27.392-0500][gc,phases   ] GC(22)   Pre Evacuate Collection Set: 2.5ms
[2023-01-05T01:40:27.392-0500][gc,phases   ] GC(22)   Merge Heap Roots: 0.9ms
[2023-01-05T01:40:27.392-0500][gc,phases   ] GC(22)   Evacuate Collection Set: 16.1ms
[2023-01-05T01:40:27.392-0500][gc,phases   ] GC(22)   Post Evacuate Collection Set: 1.0ms
[2023-01-05T01:40:27.392-0500][gc,phases   ] GC(22)   Other: 3.3ms
[2023-01-05T01:40:27.392-0500][gc,heap     ] GC(22) Eden regions: 47->0(47)
[2023-01-05T01:40:27.392-0500][gc,heap     ] GC(22) Survivor regions: 4->4(7)
[2023-01-05T01:40:27.392-0500][gc,heap     ] GC(22) Old regions: 18->18
[2023-01-05T01:40:27.392-0500][gc,heap     ] GC(22) Archive regions: 2->2
[2023-01-05T01:40:27.392-0500][gc,heap     ] GC(22) Humongous regions: 129->129
[2023-01-05T01:40:27.392-0500][gc,metaspace] GC(22) Metaspace: 42705K(43264K)->42705K(43264K) NonClass: 37679K(38016K)->37679K(38016K) Class: 5026K(5248K)->5026K(5248K)
[2023-01-05T01:40:27.392-0500][gc          ] GC(22) Pause Young (Normal) (G1 Evacuation Pause) 197M->150M(1024M) 24.704ms
[2023-01-05T01:40:27.392-0500][gc,cpu      ] GC(22) User=0.02s Sys=0.03s Real=0.03s
[2023-01-05T01:44:58.221-0500][gc,start    ] GC(23) Pause Young (Normal) (G1 Evacuation Pause)
[2023-01-05T01:44:58.222-0500][gc,task     ] GC(23) Using 8 workers of 8 for evacuation
[2023-01-05T01:44:58.275-0500][gc,mmu      ] GC(23) MMU target violated: 21.0ms (20.0ms/21.0ms)
[2023-01-05T01:44:58.275-0500][gc,phases   ] GC(23)   Pre Evacuate Collection Set: 4.3ms
[2023-01-05T01:44:58.275-0500][gc,phases   ] GC(23)   Merge Heap Roots: 1.8ms
[2023-01-05T01:44:58.275-0500][gc,phases   ] GC(23)   Evacuate Collection Set: 44.3ms
[2023-01-05T01:44:58.275-0500][gc,phases   ] GC(23)   Post Evacuate Collection Set: 1.7ms
[2023-01-05T01:44:58.275-0500][gc,phases   ] GC(23)   Other: 0.8ms
[2023-01-05T01:44:58.275-0500][gc,heap     ] GC(23) Eden regions: 47->0(47)
[2023-01-05T01:44:58.275-0500][gc,heap     ] GC(23) Survivor regions: 4->4(7)
[2023-01-05T01:44:58.275-0500][gc,heap     ] GC(23) Old regions: 18->18
[2023-01-05T01:44:58.275-0500][gc,heap     ] GC(23) Archive regions: 2->2
[2023-01-05T01:44:58.275-0500][gc,heap     ] GC(23) Humongous regions: 129->129
[2023-01-05T01:44:58.275-0500][gc,metaspace] GC(23) Metaspace: 42707K(43264K)->42707K(43264K) NonClass: 37681K(38016K)->37681K(38016K) Class: 5026K(5248K)->5026K(5248K)
[2023-01-05T01:44:58.275-0500][gc          ] GC(23) Pause Young (Normal) (G1 Evacuation Pause) 197M->150M(1024M) 53.593ms
[2023-01-05T01:44:58.275-0500][gc,cpu      ] GC(23) User=0.03s Sys=0.04s Real=0.05s
[2023-01-05T01:49:30.212-0500][gc,start    ] GC(24) Pause Young (Normal) (G1 Evacuation Pause)
[2023-01-05T01:49:30.213-0500][gc,task     ] GC(24) Using 8 workers of 8 for evacuation
[2023-01-05T01:49:30.273-0500][gc,mmu      ] GC(24) MMU target violated: 21.0ms (20.0ms/21.0ms)
[2023-01-05T01:49:30.273-0500][gc,phases   ] GC(24)   Pre Evacuate Collection Set: 4.9ms
[2023-01-05T01:49:30.273-0500][gc,phases   ] GC(24)   Merge Heap Roots: 1.0ms
[2023-01-05T01:49:30.273-0500][gc,phases   ] GC(24)   Evacuate Collection Set: 47.1ms
[2023-01-05T01:49:30.273-0500][gc,phases   ] GC(24)   Post Evacuate Collection Set: 2.0ms
[2023-01-05T01:49:30.273-0500][gc,phases   ] GC(24)   Other: 5.0ms
[2023-01-05T01:49:30.273-0500][gc,heap     ] GC(24) Eden regions: 47->0(47)
[2023-01-05T01:49:30.273-0500][gc,heap     ] GC(24) Survivor regions: 4->4(7)
[2023-01-05T01:49:30.273-0500][gc,heap     ] GC(24) Old regions: 18->18
[2023-01-05T01:49:30.273-0500][gc,heap     ] GC(24) Archive regions: 2->2
[2023-01-05T01:49:30.273-0500][gc,heap     ] GC(24) Humongous regions: 129->129
[2023-01-05T01:49:30.273-0500][gc,metaspace] GC(24) Metaspace: 42707K(43264K)->42707K(43264K) NonClass: 37681K(38016K)->37681K(38016K) Class: 5026K(5248K)->5026K(5248K)
[2023-01-05T01:49:30.273-0500][gc          ] GC(24) Pause Young (Normal) (G1 Evacuation Pause) 197M->150M(1024M) 60.553ms
[2023-01-05T01:49:30.273-0500][gc,cpu      ] GC(24) User=0.03s Sys=0.03s Real=0.06s
[2023-01-05T01:54:01.840-0500][gc,start    ] GC(25) Pause Young (Normal) (G1 Evacuation Pause)
[2023-01-05T01:54:01.841-0500][gc,task     ] GC(25) Using 8 workers of 8 for evacuation
[2023-01-05T01:54:01.898-0500][gc,mmu      ] GC(25) MMU target violated: 21.0ms (20.0ms/21.0ms)
[2023-01-05T01:54:01.898-0500][gc,phases   ] GC(25)   Pre Evacuate Collection Set: 7.9ms
[2023-01-05T01:54:01.898-0500][gc,phases   ] GC(25)   Merge Heap Roots: 1.2ms
[2023-01-05T01:54:01.898-0500][gc,phases   ] GC(25)   Evacuate Collection Set: 45.3ms
[2023-01-05T01:54:01.898-0500][gc,phases   ] GC(25)   Post Evacuate Collection Set: 1.6ms
[2023-01-05T01:54:01.898-0500][gc,phases   ] GC(25)   Other: 1.2ms
[2023-01-05T01:54:01.898-0500][gc,heap     ] GC(25) Eden regions: 47->0(47)
[2023-01-05T01:54:01.898-0500][gc,heap     ] GC(25) Survivor regions: 4->4(7)
[2023-01-05T01:54:01.898-0500][gc,heap     ] GC(25) Old regions: 18->18
[2023-01-05T01:54:01.898-0500][gc,heap     ] GC(25) Archive regions: 2->2
[2023-01-05T01:54:01.898-0500][gc,heap     ] GC(25) Humongous regions: 129->129
[2023-01-05T01:54:01.898-0500][gc,metaspace] GC(25) Metaspace: 42709K(43264K)->42709K(43264K) NonClass: 37682K(38016K)->37682K(38016K) Class: 5026K(5248K)->5026K(5248K)
[2023-01-05T01:54:01.898-0500][gc          ] GC(25) Pause Young (Normal) (G1 Evacuation Pause) 197M->151M(1024M) 57.867ms
[2023-01-05T01:54:01.898-0500][gc,cpu      ] GC(25) User=0.04s Sys=0.04s Real=0.05s
[2023-01-05T01:58:33.564-0500][gc,start    ] GC(26) Pause Young (Normal) (G1 Evacuation Pause)
[2023-01-05T01:58:33.565-0500][gc,task     ] GC(26) Using 8 workers of 8 for evacuation
[2023-01-05T01:58:33.618-0500][gc,mmu      ] GC(26) MMU target violated: 21.0ms (20.0ms/21.0ms)
[2023-01-05T01:58:33.618-0500][gc,phases   ] GC(26)   Pre Evacuate Collection Set: 4.2ms
[2023-01-05T01:58:33.618-0500][gc,phases   ] GC(26)   Merge Heap Roots: 0.8ms
[2023-01-05T01:58:33.618-0500][gc,phases   ] GC(26)   Evacuate Collection Set: 40.0ms
[2023-01-05T01:58:33.618-0500][gc,phases   ] GC(26)   Post Evacuate Collection Set: 2.1ms
[2023-01-05T01:58:33.618-0500][gc,phases   ] GC(26)   Other: 6.4ms
[2023-01-05T01:58:33.618-0500][gc,heap     ] GC(26) Eden regions: 47->0(47)
[2023-01-05T01:58:33.618-0500][gc,heap     ] GC(26) Survivor regions: 4->4(7)
[2023-01-05T01:58:33.618-0500][gc,heap     ] GC(26) Old regions: 18->18
[2023-01-05T01:58:33.618-0500][gc,heap     ] GC(26) Archive regions: 2->2
[2023-01-05T01:58:33.618-0500][gc,heap     ] GC(26) Humongous regions: 129->129
[2023-01-05T01:58:33.618-0500][gc,metaspace] GC(26) Metaspace: 42720K(43264K)->42720K(43264K) NonClass: 37693K(38016K)->37693K(38016K) Class: 5026K(5248K)->5026K(5248K)
[2023-01-05T01:58:33.618-0500][gc          ] GC(26) Pause Young (Normal) (G1 Evacuation Pause) 198M->150M(1024M) 54.215ms
[2023-01-05T01:58:33.618-0500][gc,cpu      ] GC(26) User=0.03s Sys=0.04s Real=0.05s
[2023-01-05T02:03:05.199-0500][gc,start    ] GC(27) Pause Young (Normal) (G1 Evacuation Pause)
[2023-01-05T02:03:05.200-0500][gc,task     ] GC(27) Using 8 workers of 8 for evacuation
[2023-01-05T02:03:05.259-0500][gc,mmu      ] GC(27) MMU target violated: 21.0ms (20.0ms/21.0ms)
[2023-01-05T02:03:05.259-0500][gc,phases   ] GC(27)   Pre Evacuate Collection Set: 5.7ms
[2023-01-05T02:03:05.259-0500][gc,phases   ] GC(27)   Merge Heap Roots: 0.5ms
[2023-01-05T02:03:05.259-0500][gc,phases   ] GC(27)   Evacuate Collection Set: 50.3ms
[2023-01-05T02:03:05.259-0500][gc,phases   ] GC(27)   Post Evacuate Collection Set: 1.6ms
[2023-01-05T02:03:05.259-0500][gc,phases   ] GC(27)   Other: 1.0ms
[2023-01-05T02:03:05.259-0500][gc,heap     ] GC(27) Eden regions: 47->0(47)
[2023-01-05T02:03:05.259-0500][gc,heap     ] GC(27) Survivor regions: 4->4(7)
[2023-01-05T02:03:05.259-0500][gc,heap     ] GC(27) Old regions: 18->18
[2023-01-05T02:03:05.259-0500][gc,heap     ] GC(27) Archive regions: 2->2
[2023-01-05T02:03:05.259-0500][gc,heap     ] GC(27) Humongous regions: 129->129
[2023-01-05T02:03:05.259-0500][gc,metaspace] GC(27) Metaspace: 42723K(43264K)->42723K(43264K) NonClass: 37696K(38016K)->37696K(38016K) Class: 5026K(5248K)->5026K(5248K)
[2023-01-05T02:03:05.259-0500][gc          ] GC(27) Pause Young (Normal) (G1 Evacuation Pause) 197M->151M(1024M) 59.744ms
[2023-01-05T02:03:05.259-0500][gc,cpu      ] GC(27) User=0.05s Sys=0.02s Real=0.06s
[2023-01-05T02:07:36.686-0500][gc,start    ] GC(28) Pause Young (Normal) (G1 Evacuation Pause)
[2023-01-05T02:07:36.687-0500][gc,task     ] GC(28) Using 8 workers of 8 for evacuation
[2023-01-05T02:07:36.710-0500][gc,mmu      ] GC(28) MMU target violated: 21.0ms (20.0ms/21.0ms)
[2023-01-05T02:07:36.710-0500][gc,phases   ] GC(28)   Pre Evacuate Collection Set: 3.7ms
[2023-01-05T02:07:36.710-0500][gc,phases   ] GC(28)   Merge Heap Roots: 0.8ms
[2023-01-05T02:07:36.710-0500][gc,phases   ] GC(28)   Evacuate Collection Set: 15.2ms
[2023-01-05T02:07:36.710-0500][gc,phases   ] GC(28)   Post Evacuate Collection Set: 1.5ms
[2023-01-05T02:07:36.710-0500][gc,phases   ] GC(28)   Other: 2.1ms
[2023-01-05T02:07:36.710-0500][gc,heap     ] GC(28) Eden regions: 47->0(47)
[2023-01-05T02:07:36.710-0500][gc,heap     ] GC(28) Survivor regions: 4->4(7)
[2023-01-05T02:07:36.710-0500][gc,heap     ] GC(28) Old regions: 18->18
[2023-01-05T02:07:36.710-0500][gc,heap     ] GC(28) Archive regions: 2->2
[2023-01-05T02:07:36.710-0500][gc,heap     ] GC(28) Humongous regions: 129->129
[2023-01-05T02:07:36.710-0500][gc,metaspace] GC(28) Metaspace: 42723K(43264K)->42723K(43264K) NonClass: 37696K(38016K)->37696K(38016K) Class: 5026K(5248K)->5026K(5248K)
[2023-01-05T02:07:36.710-0500][gc          ] GC(28) Pause Young (Normal) (G1 Evacuation Pause) 198M->151M(1024M) 24.475ms
[2023-01-05T02:07:36.710-0500][gc,cpu      ] GC(28) User=0.02s Sys=0.04s Real=0.03s
[2023-01-05T02:12:08.565-0500][gc,start    ] GC(29) Pause Young (Normal) (G1 Evacuation Pause)
[2023-01-05T02:12:08.566-0500][gc,task     ] GC(29) Using 8 workers of 8 for evacuation
[2023-01-05T02:12:08.588-0500][gc,mmu      ] GC(29) MMU target violated: 21.0ms (20.0ms/21.0ms)
[2023-01-05T02:12:08.588-0500][gc,phases   ] GC(29)   Pre Evacuate Collection Set: 2.9ms
[2023-01-05T02:12:08.588-0500][gc,phases   ] GC(29)   Merge Heap Roots: 0.2ms
[2023-01-05T02:12:08.588-0500][gc,phases   ] GC(29)   Evacuate Collection Set: 17.2ms
[2023-01-05T02:12:08.588-0500][gc,phases   ] GC(29)   Post Evacuate Collection Set: 1.4ms
[2023-01-05T02:12:08.588-0500][gc,phases   ] GC(29)   Other: 0.3ms
[2023-01-05T02:12:08.588-0500][gc,heap     ] GC(29) Eden regions: 47->0(47)
[2023-01-05T02:12:08.588-0500][gc,heap     ] GC(29) Survivor regions: 4->4(7)
[2023-01-05T02:12:08.588-0500][gc,heap     ] GC(29) Old regions: 18->18
[2023-01-05T02:12:08.588-0500][gc,heap     ] GC(29) Archive regions: 2->2
[2023-01-05T02:12:08.588-0500][gc,heap     ] GC(29) Humongous regions: 129->129
[2023-01-05T02:12:08.588-0500][gc,metaspace] GC(29) Metaspace: 42724K(43264K)->42724K(43264K) NonClass: 37697K(38016K)->37697K(38016K) Class: 5026K(5248K)->5026K(5248K)
[2023-01-05T02:12:08.588-0500][gc          ] GC(29) Pause Young (Normal) (G1 Evacuation Pause) 198M->150M(1024M) 22.859ms
[2023-01-05T02:12:08.588-0500][gc,cpu      ] GC(29) User=0.02s Sys=0.04s Real=0.02s
[2023-01-05T02:16:39.762-0500][gc,start    ] GC(30) Pause Young (Normal) (G1 Evacuation Pause)
[2023-01-05T02:16:39.763-0500][gc,task     ] GC(30) Using 8 workers of 8 for evacuation
[2023-01-05T02:16:39.838-0500][gc,mmu      ] GC(30) MMU target violated: 21.0ms (20.0ms/21.0ms)
[2023-01-05T02:16:39.838-0500][gc,phases   ] GC(30)   Pre Evacuate Collection Set: 5.4ms
[2023-01-05T02:16:39.838-0500][gc,phases   ] GC(30)   Merge Heap Roots: 0.8ms
[2023-01-05T02:16:39.838-0500][gc,phases   ] GC(30)   Evacuate Collection Set: 65.0ms
[2023-01-05T02:16:39.838-0500][gc,phases   ] GC(30)   Post Evacuate Collection Set: 2.1ms
[2023-01-05T02:16:39.838-0500][gc,phases   ] GC(30)   Other: 2.2ms
[2023-01-05T02:16:39.838-0500][gc,heap     ] GC(30) Eden regions: 47->0(47)
[2023-01-05T02:16:39.838-0500][gc,heap     ] GC(30) Survivor regions: 4->4(7)
[2023-01-05T02:16:39.838-0500][gc,heap     ] GC(30) Old regions: 18->18
[2023-01-05T02:16:39.838-0500][gc,heap     ] GC(30) Archive regions: 2->2
[2023-01-05T02:16:39.838-0500][gc,heap     ] GC(30) Humongous regions: 129->129
[2023-01-05T02:16:39.838-0500][gc,metaspace] GC(30) Metaspace: 42725K(43264K)->42725K(43264K) NonClass: 37698K(38016K)->37698K(38016K) Class: 5026K(5248K)->5026K(5248K)
[2023-01-05T02:16:39.838-0500][gc          ] GC(30) Pause Young (Normal) (G1 Evacuation Pause) 197M->150M(1024M) 76.045ms
[2023-01-05T02:16:39.838-0500][gc,cpu      ] GC(30) User=0.05s Sys=0.04s Real=0.07s
[2023-01-05T02:20:54.281-0500][gc,start    ] GC(31) Pause Young (Normal) (G1 Evacuation Pause)
[2023-01-05T02:20:54.282-0500][gc,task     ] GC(31) Using 8 workers of 8 for evacuation
[2023-01-05T02:20:54.318-0500][gc,mmu      ] GC(31) MMU target violated: 21.0ms (20.0ms/21.0ms)
[2023-01-05T02:20:54.318-0500][gc,phases   ] GC(31)   Pre Evacuate Collection Set: 1.6ms
[2023-01-05T02:20:54.318-0500][gc,phases   ] GC(31)   Merge Heap Roots: 0.2ms
[2023-01-05T02:20:54.318-0500][gc,phases   ] GC(31)   Evacuate Collection Set: 33.1ms
[2023-01-05T02:20:54.318-0500][gc,phases   ] GC(31)   Post Evacuate Collection Set: 0.6ms
[2023-01-05T02:20:54.318-0500][gc,phases   ] GC(31)   Other: 0.3ms
[2023-01-05T02:20:54.318-0500][gc,heap     ] GC(31) Eden regions: 47->0(47)
[2023-01-05T02:20:54.318-0500][gc,heap     ] GC(31) Survivor regions: 4->4(7)
[2023-01-05T02:20:54.318-0500][gc,heap     ] GC(31) Old regions: 18->18
[2023-01-05T02:20:54.318-0500][gc,heap     ] GC(31) Archive regions: 2->2
[2023-01-05T02:20:54.318-0500][gc,heap     ] GC(31) Humongous regions: 129->129
[2023-01-05T02:20:54.318-0500][gc,metaspace] GC(31) Metaspace: 42731K(43264K)->42731K(43264K) NonClass: 37705K(38016K)->37705K(38016K) Class: 5026K(5248K)->5026K(5248K)
[2023-01-05T02:20:54.318-0500][gc          ] GC(31) Pause Young (Normal) (G1 Evacuation Pause) 197M->150M(1024M) 36.794ms
[2023-01-05T02:20:54.318-0500][gc,cpu      ] GC(31) User=0.03s Sys=0.03s Real=0.03s
[2023-01-05T02:25:21.700-0500][gc,start    ] GC(32) Pause Young (Normal) (G1 Evacuation Pause)
[2023-01-05T02:25:21.701-0500][gc,task     ] GC(32) Using 8 workers of 8 for evacuation
[2023-01-05T02:25:21.723-0500][gc,mmu      ] GC(32) MMU target violated: 21.0ms (20.0ms/21.0ms)
[2023-01-05T02:25:21.723-0500][gc,phases   ] GC(32)   Pre Evacuate Collection Set: 1.5ms
[2023-01-05T02:25:21.723-0500][gc,phases   ] GC(32)   Merge Heap Roots: 1.6ms
[2023-01-05T02:25:21.723-0500][gc,phases   ] GC(32)   Evacuate Collection Set: 18.2ms
[2023-01-05T02:25:21.723-0500][gc,phases   ] GC(32)   Post Evacuate Collection Set: 0.6ms
[2023-01-05T02:25:21.723-0500][gc,phases   ] GC(32)   Other: 0.8ms
[2023-01-05T02:25:21.723-0500][gc,heap     ] GC(32) Eden regions: 47->0(47)
[2023-01-05T02:25:21.723-0500][gc,heap     ] GC(32) Survivor regions: 4->4(7)
[2023-01-05T02:25:21.723-0500][gc,heap     ] GC(32) Old regions: 18->18
[2023-01-05T02:25:21.723-0500][gc,heap     ] GC(32) Archive regions: 2->2
[2023-01-05T02:25:21.723-0500][gc,heap     ] GC(32) Humongous regions: 129->129
[2023-01-05T02:25:21.723-0500][gc,metaspace] GC(32) Metaspace: 42733K(43264K)->42733K(43264K) NonClass: 37706K(38016K)->37706K(38016K) Class: 5026K(5248K)->5026K(5248K)
[2023-01-05T02:25:21.723-0500][gc          ] GC(32) Pause Young (Normal) (G1 Evacuation Pause) 197M->150M(1024M) 23.199ms
[2023-01-05T02:25:21.723-0500][gc,cpu      ] GC(32) User=0.02s Sys=0.01s Real=0.02s
[2023-01-05T02:58:42.500-0500][gc,start    ] GC(33) Pause Young (Normal) (G1 Evacuation Pause)
[2023-01-05T02:58:42.503-0500][gc,task     ] GC(33) Using 8 workers of 8 for evacuation
[2023-01-05T02:58:42.633-0500][gc,mmu      ] GC(33) MMU target violated: 21.0ms (20.0ms/21.0ms)
[2023-01-05T02:58:42.633-0500][gc,phases   ] GC(33)   Pre Evacuate Collection Set: 6.0ms
[2023-01-05T02:58:42.633-0500][gc,phases   ] GC(33)   Merge Heap Roots: 0.6ms
[2023-01-05T02:58:42.633-0500][gc,phases   ] GC(33)   Evacuate Collection Set: 117.5ms
[2023-01-05T02:58:42.633-0500][gc,phases   ] GC(33)   Post Evacuate Collection Set: 3.9ms
[2023-01-05T02:58:42.633-0500][gc,phases   ] GC(33)   Other: 2.7ms
[2023-01-05T02:58:42.633-0500][gc,heap     ] GC(33) Eden regions: 47->0(48)
[2023-01-05T02:58:42.633-0500][gc,heap     ] GC(33) Survivor regions: 4->3(7)
[2023-01-05T02:58:42.633-0500][gc,heap     ] GC(33) Old regions: 18->19
[2023-01-05T02:58:42.633-0500][gc,heap     ] GC(33) Archive regions: 2->2
[2023-01-05T02:58:42.633-0500][gc,heap     ] GC(33) Humongous regions: 129->129
[2023-01-05T02:58:42.633-0500][gc,metaspace] GC(33) Metaspace: 42747K(43264K)->42747K(43264K) NonClass: 37719K(38016K)->37719K(38016K) Class: 5027K(5248K)->5027K(5248K)
[2023-01-05T02:58:42.633-0500][gc          ] GC(33) Pause Young (Normal) (G1 Evacuation Pause) 197M->150M(1024M) 133.298ms
[2023-01-05T02:58:42.633-0500][gc,cpu      ] GC(33) User=0.04s Sys=0.04s Real=0.13s
[2023-01-05T03:21:34.403-0500][gc,start    ] GC(34) Pause Young (Normal) (G1 Evacuation Pause)
[2023-01-05T03:21:34.405-0500][gc,task     ] GC(34) Using 8 workers of 8 for evacuation
[2023-01-05T03:21:34.494-0500][gc,mmu      ] GC(34) MMU target violated: 21.0ms (20.0ms/21.0ms)
[2023-01-05T03:21:34.494-0500][gc,phases   ] GC(34)   Pre Evacuate Collection Set: 1.9ms
[2023-01-05T03:21:34.494-0500][gc,phases   ] GC(34)   Merge Heap Roots: 0.6ms
[2023-01-05T03:21:34.494-0500][gc,phases   ] GC(34)   Evacuate Collection Set: 82.6ms
[2023-01-05T03:21:34.494-0500][gc,phases   ] GC(34)   Post Evacuate Collection Set: 1.4ms
[2023-01-05T03:21:34.494-0500][gc,phases   ] GC(34)   Other: 3.4ms
[2023-01-05T03:21:34.494-0500][gc,heap     ] GC(34) Eden regions: 48->0(48)
[2023-01-05T03:21:34.494-0500][gc,heap     ] GC(34) Survivor regions: 3->3(7)
[2023-01-05T03:21:34.494-0500][gc,heap     ] GC(34) Old regions: 19->19
[2023-01-05T03:21:34.494-0500][gc,heap     ] GC(34) Archive regions: 2->2
[2023-01-05T03:21:34.494-0500][gc,heap     ] GC(34) Humongous regions: 129->129
[2023-01-05T03:21:34.494-0500][gc,metaspace] GC(34) Metaspace: 42753K(43264K)->42753K(43264K) NonClass: 37725K(38016K)->37725K(38016K) Class: 5027K(5248K)->5027K(5248K)
[2023-01-05T03:21:34.494-0500][gc          ] GC(34) Pause Young (Normal) (G1 Evacuation Pause) 198M->151M(1024M) 91.017ms
[2023-01-05T03:21:34.494-0500][gc,cpu      ] GC(34) User=0.06s Sys=0.05s Real=0.09s
[2023-01-05T03:44:28.294-0500][gc,start    ] GC(35) Pause Young (Normal) (G1 Evacuation Pause)
[2023-01-05T03:44:28.296-0500][gc,task     ] GC(35) Using 8 workers of 8 for evacuation
[2023-01-05T03:44:28.423-0500][gc,mmu      ] GC(35) MMU target violated: 21.0ms (20.0ms/21.0ms)
[2023-01-05T03:44:28.423-0500][gc,phases   ] GC(35)   Pre Evacuate Collection Set: 13.7ms
[2023-01-05T03:44:28.423-0500][gc,phases   ] GC(35)   Merge Heap Roots: 1.2ms
[2023-01-05T03:44:28.423-0500][gc,phases   ] GC(35)   Evacuate Collection Set: 100.1ms
[2023-01-05T03:44:28.423-0500][gc,phases   ] GC(35)   Post Evacuate Collection Set: 4.6ms
[2023-01-05T03:44:28.423-0500][gc,phases   ] GC(35)   Other: 8.5ms
[2023-01-05T03:44:28.423-0500][gc,heap     ] GC(35) Eden regions: 48->0(48)
[2023-01-05T03:44:28.423-0500][gc,heap     ] GC(35) Survivor regions: 3->3(7)
[2023-01-05T03:44:28.423-0500][gc,heap     ] GC(35) Old regions: 19->19
[2023-01-05T03:44:28.423-0500][gc,heap     ] GC(35) Archive regions: 2->2
[2023-01-05T03:44:28.423-0500][gc,heap     ] GC(35) Humongous regions: 129->129
[2023-01-05T03:44:28.423-0500][gc,metaspace] GC(35) Metaspace: 42760K(43264K)->42760K(43264K) NonClass: 37733K(38016K)->37733K(38016K) Class: 5027K(5248K)->5027K(5248K)
[2023-01-05T03:44:28.423-0500][gc          ] GC(35) Pause Young (Normal) (G1 Evacuation Pause) 199M->151M(1024M) 129.839ms
[2023-01-05T03:44:28.423-0500][gc,cpu      ] GC(35) User=0.07s Sys=0.05s Real=0.13s
[2023-01-05T04:26:02.530-0500][gc,start    ] GC(36) Pause Young (Normal) (G1 Evacuation Pause)
[2023-01-05T04:26:02.533-0500][gc,task     ] GC(36) Using 8 workers of 8 for evacuation
[2023-01-05T04:26:02.626-0500][gc,mmu      ] GC(36) MMU target violated: 21.0ms (20.0ms/21.0ms)
[2023-01-05T04:26:02.627-0500][gc,phases   ] GC(36)   Pre Evacuate Collection Set: 6.3ms
[2023-01-05T04:26:02.627-0500][gc,phases   ] GC(36)   Merge Heap Roots: 2.0ms
[2023-01-05T04:26:02.627-0500][gc,phases   ] GC(36)   Evacuate Collection Set: 82.0ms
[2023-01-05T04:26:02.627-0500][gc,phases   ] GC(36)   Post Evacuate Collection Set: 2.8ms
[2023-01-05T04:26:02.627-0500][gc,phases   ] GC(36)   Other: 2.2ms
[2023-01-05T04:26:02.627-0500][gc,heap     ] GC(36) Eden regions: 48->0(48)
[2023-01-05T04:26:02.627-0500][gc,heap     ] GC(36) Survivor regions: 3->3(7)
[2023-01-05T04:26:02.627-0500][gc,heap     ] GC(36) Old regions: 19->19
[2023-01-05T04:26:02.627-0500][gc,heap     ] GC(36) Archive regions: 2->2
[2023-01-05T04:26:02.627-0500][gc,heap     ] GC(36) Humongous regions: 129->129
[2023-01-05T04:26:02.627-0500][gc,metaspace] GC(36) Metaspace: 42763K(43264K)->42763K(43264K) NonClass: 37736K(38016K)->37736K(38016K) Class: 5027K(5248K)->5027K(5248K)
[2023-01-05T04:26:02.627-0500][gc          ] GC(36) Pause Young (Normal) (G1 Evacuation Pause) 199M->151M(1024M) 96.986ms
[2023-01-05T04:26:02.627-0500][gc,cpu      ] GC(36) User=0.05s Sys=0.08s Real=0.09s
[2023-01-05T04:49:45.709-0500][gc,start    ] GC(37) Pause Young (Normal) (G1 Evacuation Pause)
[2023-01-05T04:49:45.727-0500][gc,task     ] GC(37) Using 8 workers of 8 for evacuation
[2023-01-05T04:49:45.809-0500][gc,mmu      ] GC(37) MMU target violated: 21.0ms (20.0ms/21.0ms)
[2023-01-05T04:49:45.809-0500][gc,phases   ] GC(37)   Pre Evacuate Collection Set: 6.0ms
[2023-01-05T04:49:45.809-0500][gc,phases   ] GC(37)   Merge Heap Roots: 0.1ms
[2023-01-05T04:49:45.809-0500][gc,phases   ] GC(37)   Evacuate Collection Set: 68.1ms
[2023-01-05T04:49:45.809-0500][gc,phases   ] GC(37)   Post Evacuate Collection Set: 0.9ms
[2023-01-05T04:49:45.809-0500][gc,phases   ] GC(37)   Other: 8.5ms
[2023-01-05T04:49:45.809-0500][gc,heap     ] GC(37) Eden regions: 48->0(48)
[2023-01-05T04:49:45.809-0500][gc,heap     ] GC(37) Survivor regions: 3->3(7)
[2023-01-05T04:49:45.809-0500][gc,heap     ] GC(37) Old regions: 19->19
[2023-01-05T04:49:45.809-0500][gc,heap     ] GC(37) Archive regions: 2->2
[2023-01-05T04:49:45.809-0500][gc,heap     ] GC(37) Humongous regions: 129->129
[2023-01-05T04:49:45.809-0500][gc,metaspace] GC(37) Metaspace: 42764K(43264K)->42764K(43264K) NonClass: 37737K(38016K)->37737K(38016K) Class: 5027K(5248K)->5027K(5248K)
[2023-01-05T04:49:45.809-0500][gc          ] GC(37) Pause Young (Normal) (G1 Evacuation Pause) 199M->151M(1024M) 102.047ms
[2023-01-05T04:49:45.809-0500][gc,cpu      ] GC(37) User=0.03s Sys=0.03s Real=0.10s
[2023-01-05T05:14:49.955-0500][gc,start    ] GC(38) Pause Young (Normal) (G1 Evacuation Pause)
[2023-01-05T05:14:49.957-0500][gc,task     ] GC(38) Using 8 workers of 8 for evacuation
[2023-01-05T05:14:50.048-0500][gc,mmu      ] GC(38) MMU target violated: 21.0ms (20.0ms/21.0ms)
[2023-01-05T05:14:50.048-0500][gc,phases   ] GC(38)   Pre Evacuate Collection Set: 17.4ms
[2023-01-05T05:14:50.048-0500][gc,phases   ] GC(38)   Merge Heap Roots: 0.6ms
[2023-01-05T05:14:50.048-0500][gc,phases   ] GC(38)   Evacuate Collection Set: 67.1ms
[2023-01-05T05:14:50.048-0500][gc,phases   ] GC(38)   Post Evacuate Collection Set: 0.7ms
[2023-01-05T05:14:50.048-0500][gc,phases   ] GC(38)   Other: 5.9ms
[2023-01-05T05:14:50.048-0500][gc,heap     ] GC(38) Eden regions: 48->0(48)
[2023-01-05T05:14:50.048-0500][gc,heap     ] GC(38) Survivor regions: 3->3(7)
[2023-01-05T05:14:50.048-0500][gc,heap     ] GC(38) Old regions: 19->19
[2023-01-05T05:14:50.048-0500][gc,heap     ] GC(38) Archive regions: 2->2
[2023-01-05T05:14:50.048-0500][gc,heap     ] GC(38) Humongous regions: 129->129
[2023-01-05T05:14:50.048-0500][gc,metaspace] GC(38) Metaspace: 42774K(43264K)->42774K(43264K) NonClass: 37746K(38016K)->37746K(38016K) Class: 5027K(5248K)->5027K(5248K)
[2023-01-05T05:14:50.048-0500][gc          ] GC(38) Pause Young (Normal) (G1 Evacuation Pause) 199M->151M(1024M) 93.748ms
[2023-01-05T05:14:50.048-0500][gc,cpu      ] GC(38) User=0.03s Sys=0.04s Real=0.09s
[2023-01-05T05:38:43.048-0500][gc,start    ] GC(39) Pause Young (Normal) (G1 Evacuation Pause)
[2023-01-05T05:38:43.050-0500][gc,task     ] GC(39) Using 8 workers of 8 for evacuation
[2023-01-05T05:38:43.136-0500][gc,mmu      ] GC(39) MMU target violated: 21.0ms (20.0ms/21.0ms)
[2023-01-05T05:38:43.136-0500][gc,phases   ] GC(39)   Pre Evacuate Collection Set: 6.2ms
[2023-01-05T05:38:43.136-0500][gc,phases   ] GC(39)   Merge Heap Roots: 0.8ms
[2023-01-05T05:38:43.136-0500][gc,phases   ] GC(39)   Evacuate Collection Set: 76.5ms
[2023-01-05T05:38:43.136-0500][gc,phases   ] GC(39)   Post Evacuate Collection Set: 1.2ms
[2023-01-05T05:38:43.136-0500][gc,phases   ] GC(39)   Other: 1.9ms
[2023-01-05T05:38:43.136-0500][gc,heap     ] GC(39) Eden regions: 48->0(48)
[2023-01-05T05:38:43.136-0500][gc,heap     ] GC(39) Survivor regions: 3->3(7)
[2023-01-05T05:38:43.136-0500][gc,heap     ] GC(39) Old regions: 19->19
[2023-01-05T05:38:43.136-0500][gc,heap     ] GC(39) Archive regions: 2->2
[2023-01-05T05:38:43.136-0500][gc,heap     ] GC(39) Humongous regions: 129->129
[2023-01-05T05:38:43.136-0500][gc,metaspace] GC(39) Metaspace: 42791K(43328K)->42791K(43328K) NonClass: 37763K(38080K)->37763K(38080K) Class: 5027K(5248K)->5027K(5248K)
[2023-01-05T05:38:43.136-0500][gc          ] GC(39) Pause Young (Normal) (G1 Evacuation Pause) 199M->151M(1024M) 87.466ms
[2023-01-05T05:38:43.136-0500][gc,cpu      ] GC(39) User=0.05s Sys=0.06s Real=0.09s
[2023-01-05T06:02:13.030-0500][gc,start    ] GC(40) Pause Young (Normal) (G1 Evacuation Pause)
[2023-01-05T06:02:13.033-0500][gc,task     ] GC(40) Using 8 workers of 8 for evacuation
[2023-01-05T06:02:13.150-0500][gc,mmu      ] GC(40) MMU target violated: 21.0ms (20.0ms/21.0ms)
[2023-01-05T06:02:13.150-0500][gc,phases   ] GC(40)   Pre Evacuate Collection Set: 6.0ms
[2023-01-05T06:02:13.150-0500][gc,phases   ] GC(40)   Merge Heap Roots: 0.7ms
[2023-01-05T06:02:13.150-0500][gc,phases   ] GC(40)   Evacuate Collection Set: 109.1ms
[2023-01-05T06:02:13.150-0500][gc,phases   ] GC(40)   Post Evacuate Collection Set: 0.7ms
[2023-01-05T06:02:13.150-0500][gc,phases   ] GC(40)   Other: 2.8ms
[2023-01-05T06:02:13.150-0500][gc,heap     ] GC(40) Eden regions: 48->0(48)
[2023-01-05T06:02:13.150-0500][gc,heap     ] GC(40) Survivor regions: 3->3(7)
[2023-01-05T06:02:13.150-0500][gc,heap     ] GC(40) Old regions: 19->19
[2023-01-05T06:02:13.150-0500][gc,heap     ] GC(40) Archive regions: 2->2
[2023-01-05T06:02:13.150-0500][gc,heap     ] GC(40) Humongous regions: 129->129
[2023-01-05T06:02:13.150-0500][gc,metaspace] GC(40) Metaspace: 42791K(43328K)->42791K(43328K) NonClass: 37763K(38080K)->37763K(38080K) Class: 5027K(5248K)->5027K(5248K)
[2023-01-05T06:02:13.150-0500][gc          ] GC(40) Pause Young (Normal) (G1 Evacuation Pause) 199M->151M(1024M) 120.677ms
[2023-01-05T06:02:13.150-0500][gc,cpu      ] GC(40) User=0.07s Sys=0.06s Real=0.12s
[2023-01-05T07:10:14.733-0500][gc,start    ] GC(41) Pause Young (Normal) (G1 Evacuation Pause)
[2023-01-05T07:10:14.738-0500][gc,task     ] GC(41) Using 8 workers of 8 for evacuation
[2023-01-05T07:10:14.852-0500][gc,mmu      ] GC(41) MMU target violated: 21.0ms (20.0ms/21.0ms)
[2023-01-05T07:10:14.852-0500][gc,phases   ] GC(41)   Pre Evacuate Collection Set: 7.7ms
[2023-01-05T07:10:14.852-0500][gc,phases   ] GC(41)   Merge Heap Roots: 1.3ms
[2023-01-05T07:10:14.852-0500][gc,phases   ] GC(41)   Evacuate Collection Set: 100.1ms
[2023-01-05T07:10:14.852-0500][gc,phases   ] GC(41)   Post Evacuate Collection Set: 2.0ms
[2023-01-05T07:10:14.852-0500][gc,phases   ] GC(41)   Other: 4.5ms
[2023-01-05T07:10:14.852-0500][gc,heap     ] GC(41) Eden regions: 48->0(48)
[2023-01-05T07:10:14.852-0500][gc,heap     ] GC(41) Survivor regions: 3->3(7)
[2023-01-05T07:10:14.852-0500][gc,heap     ] GC(41) Old regions: 19->19
[2023-01-05T07:10:14.852-0500][gc,heap     ] GC(41) Archive regions: 2->2
[2023-01-05T07:10:14.852-0500][gc,heap     ] GC(41) Humongous regions: 129->129
[2023-01-05T07:10:14.852-0500][gc,metaspace] GC(41) Metaspace: 42808K(43328K)->42808K(43328K) NonClass: 37780K(38080K)->37780K(38080K) Class: 5027K(5248K)->5027K(5248K)
[2023-01-05T07:10:14.852-0500][gc          ] GC(41) Pause Young (Normal) (G1 Evacuation Pause) 199M->151M(1024M) 118.592ms
[2023-01-05T07:10:14.852-0500][gc,cpu      ] GC(41) User=0.06s Sys=0.06s Real=0.12s
[2023-01-05T07:34:23.018-0500][gc,start    ] GC(42) Pause Young (Normal) (G1 Evacuation Pause)
[2023-01-05T07:34:23.021-0500][gc,task     ] GC(42) Using 8 workers of 8 for evacuation
[2023-01-05T07:34:23.102-0500][gc,mmu      ] GC(42) MMU target violated: 21.0ms (20.0ms/21.0ms)
[2023-01-05T07:34:23.102-0500][gc,phases   ] GC(42)   Pre Evacuate Collection Set: 3.3ms
[2023-01-05T07:34:23.102-0500][gc,phases   ] GC(42)   Merge Heap Roots: 0.6ms
[2023-01-05T07:34:23.102-0500][gc,phases   ] GC(42)   Evacuate Collection Set: 75.0ms
[2023-01-05T07:34:23.102-0500][gc,phases   ] GC(42)   Post Evacuate Collection Set: 1.3ms
[2023-01-05T07:34:23.102-0500][gc,phases   ] GC(42)   Other: 1.9ms
[2023-01-05T07:34:23.102-0500][gc,heap     ] GC(42) Eden regions: 48->0(48)
[2023-01-05T07:34:23.102-0500][gc,heap     ] GC(42) Survivor regions: 3->3(7)
[2023-01-05T07:34:23.102-0500][gc,heap     ] GC(42) Old regions: 19->19
[2023-01-05T07:34:23.102-0500][gc,heap     ] GC(42) Archive regions: 2->2
[2023-01-05T07:34:23.102-0500][gc,heap     ] GC(42) Humongous regions: 129->129
[2023-01-05T07:34:23.102-0500][gc,metaspace] GC(42) Metaspace: 42808K(43328K)->42808K(43328K) NonClass: 37780K(38080K)->37780K(38080K) Class: 5027K(5248K)->5027K(5248K)
[2023-01-05T07:34:23.102-0500][gc          ] GC(42) Pause Young (Normal) (G1 Evacuation Pause) 199M->151M(1024M) 84.007ms
[2023-01-05T07:34:23.102-0500][gc,cpu      ] GC(42) User=0.05s Sys=0.02s Real=0.09s
[2023-01-05T07:57:54.721-0500][gc,start    ] GC(43) Pause Young (Normal) (G1 Evacuation Pause)
[2023-01-05T07:57:54.722-0500][gc,task     ] GC(43) Using 8 workers of 8 for evacuation
[2023-01-05T07:57:54.808-0500][gc,mmu      ] GC(43) MMU target violated: 21.0ms (20.0ms/21.0ms)
[2023-01-05T07:57:54.808-0500][gc,phases   ] GC(43)   Pre Evacuate Collection Set: 5.2ms
[2023-01-05T07:57:54.808-0500][gc,phases   ] GC(43)   Merge Heap Roots: 0.1ms
[2023-01-05T07:57:54.808-0500][gc,phases   ] GC(43)   Evacuate Collection Set: 73.0ms
[2023-01-05T07:57:54.808-0500][gc,phases   ] GC(43)   Post Evacuate Collection Set: 5.8ms
[2023-01-05T07:57:54.808-0500][gc,phases   ] GC(43)   Other: 2.1ms
[2023-01-05T07:57:54.808-0500][gc,heap     ] GC(43) Eden regions: 48->0(48)
[2023-01-05T07:57:54.808-0500][gc,heap     ] GC(43) Survivor regions: 3->3(7)
[2023-01-05T07:57:54.808-0500][gc,heap     ] GC(43) Old regions: 19->19
[2023-01-05T07:57:54.808-0500][gc,heap     ] GC(43) Archive regions: 2->2
[2023-01-05T07:57:54.808-0500][gc,heap     ] GC(43) Humongous regions: 129->129
[2023-01-05T07:57:54.808-0500][gc,metaspace] GC(43) Metaspace: 42810K(43328K)->42810K(43328K) NonClass: 37782K(38080K)->37782K(38080K) Class: 5027K(5248K)->5027K(5248K)
[2023-01-05T07:57:54.809-0500][gc          ] GC(43) Pause Young (Normal) (G1 Evacuation Pause) 199M->151M(1024M) 86.999ms
[2023-01-05T07:57:54.809-0500][gc,cpu      ] GC(43) User=0.05s Sys=0.05s Real=0.08s
[2023-01-05T08:42:13.059-0500][gc,start    ] GC(44) Pause Young (Normal) (G1 Evacuation Pause)
[2023-01-05T08:42:13.062-0500][gc,task     ] GC(44) Using 8 workers of 8 for evacuation
[2023-01-05T08:42:13.195-0500][gc,mmu      ] GC(44) MMU target violated: 21.0ms (20.0ms/21.0ms)
[2023-01-05T08:42:13.195-0500][gc,phases   ] GC(44)   Pre Evacuate Collection Set: 7.3ms
[2023-01-05T08:42:13.195-0500][gc,phases   ] GC(44)   Merge Heap Roots: 1.3ms
[2023-01-05T08:42:13.195-0500][gc,phases   ] GC(44)   Evacuate Collection Set: 101.9ms
[2023-01-05T08:42:13.195-0500][gc,phases   ] GC(44)   Post Evacuate Collection Set: 19.3ms
[2023-01-05T08:42:13.198-0500][gc,phases   ] GC(44)   Other: 5.6ms
[2023-01-05T08:42:13.198-0500][gc,heap     ] GC(44) Eden regions: 48->0(48)
[2023-01-05T08:42:13.198-0500][gc,heap     ] GC(44) Survivor regions: 3->3(7)
[2023-01-05T08:42:13.198-0500][gc,heap     ] GC(44) Old regions: 19->19
[2023-01-05T08:42:13.198-0500][gc,heap     ] GC(44) Archive regions: 2->2
[2023-01-05T08:42:13.198-0500][gc,heap     ] GC(44) Humongous regions: 129->129
[2023-01-05T08:42:13.198-0500][gc,metaspace] GC(44) Metaspace: 42818K(43328K)->42818K(43328K) NonClass: 37790K(38080K)->37790K(38080K) Class: 5027K(5248K)->5027K(5248K)
[2023-01-05T08:42:13.198-0500][gc          ] GC(44) Pause Young (Normal) (G1 Evacuation Pause) 199M->151M(1024M) 139.117ms
[2023-01-05T08:42:13.198-0500][gc,cpu      ] GC(44) User=0.04s Sys=0.06s Real=0.14s
[2023-01-05T09:05:43.597-0500][gc,start    ] GC(45) Pause Young (Normal) (G1 Evacuation Pause)
[2023-01-05T09:05:43.597-0500][gc,task     ] GC(45) Using 8 workers of 8 for evacuation
[2023-01-05T09:05:43.700-0500][gc,mmu      ] GC(45) MMU target violated: 21.0ms (20.0ms/21.0ms)
[2023-01-05T09:05:43.700-0500][gc,phases   ] GC(45)   Pre Evacuate Collection Set: 3.9ms
[2023-01-05T09:05:43.700-0500][gc,phases   ] GC(45)   Merge Heap Roots: 0.6ms
[2023-01-05T09:05:43.700-0500][gc,phases   ] GC(45)   Evacuate Collection Set: 86.6ms
[2023-01-05T09:05:43.700-0500][gc,phases   ] GC(45)   Post Evacuate Collection Set: 5.8ms
[2023-01-05T09:05:43.700-0500][gc,phases   ] GC(45)   Other: 6.2ms
[2023-01-05T09:05:43.701-0500][gc,heap     ] GC(45) Eden regions: 48->0(48)
[2023-01-05T09:05:43.701-0500][gc,heap     ] GC(45) Survivor regions: 3->3(7)
[2023-01-05T09:05:43.701-0500][gc,heap     ] GC(45) Old regions: 19->19
[2023-01-05T09:05:43.701-0500][gc,heap     ] GC(45) Archive regions: 2->2
[2023-01-05T09:05:43.701-0500][gc,heap     ] GC(45) Humongous regions: 129->129
[2023-01-05T09:05:43.701-0500][gc,metaspace] GC(45) Metaspace: 42824K(43392K)->42824K(43392K) NonClass: 37796K(38144K)->37796K(38144K) Class: 5027K(5248K)->5027K(5248K)
[2023-01-05T09:05:43.701-0500][gc          ] GC(45) Pause Young (Normal) (G1 Evacuation Pause) 199M->151M(1024M) 103.865ms
[2023-01-05T09:05:43.701-0500][gc,cpu      ] GC(45) User=0.07s Sys=0.05s Real=0.11s
[2023-01-05T09:29:48.398-0500][gc,start    ] GC(46) Pause Young (Normal) (G1 Evacuation Pause)
[2023-01-05T09:29:48.400-0500][gc,task     ] GC(46) Using 8 workers of 8 for evacuation
[2023-01-05T09:29:48.461-0500][gc,mmu      ] GC(46) MMU target violated: 21.0ms (20.0ms/21.0ms)
[2023-01-05T09:29:48.461-0500][gc,phases   ] GC(46)   Pre Evacuate Collection Set: 6.0ms
[2023-01-05T09:29:48.461-0500][gc,phases   ] GC(46)   Merge Heap Roots: 1.9ms
[2023-01-05T09:29:48.461-0500][gc,phases   ] GC(46)   Evacuate Collection Set: 48.7ms
[2023-01-05T09:29:48.461-0500][gc,phases   ] GC(46)   Post Evacuate Collection Set: 3.7ms
[2023-01-05T09:29:48.461-0500][gc,phases   ] GC(46)   Other: 0.8ms
[2023-01-05T09:29:48.461-0500][gc,heap     ] GC(46) Eden regions: 48->0(48)
[2023-01-05T09:29:48.461-0500][gc,heap     ] GC(46) Survivor regions: 3->3(7)
[2023-01-05T09:29:48.461-0500][gc,heap     ] GC(46) Old regions: 19->19
[2023-01-05T09:29:48.461-0500][gc,heap     ] GC(46) Archive regions: 2->2
[2023-01-05T09:29:48.461-0500][gc,heap     ] GC(46) Humongous regions: 129->129
[2023-01-05T09:29:48.461-0500][gc,metaspace] GC(46) Metaspace: 42825K(43392K)->42825K(43392K) NonClass: 37797K(38144K)->37797K(38144K) Class: 5027K(5248K)->5027K(5248K)
[2023-01-05T09:29:48.461-0500][gc          ] GC(46) Pause Young (Normal) (G1 Evacuation Pause) 199M->151M(1024M) 62.629ms
[2023-01-05T09:29:48.461-0500][gc,cpu      ] GC(46) User=0.04s Sys=0.06s Real=0.07s
[2023-01-05T09:53:44.928-0500][gc,start    ] GC(47) Pause Young (Normal) (G1 Evacuation Pause)
[2023-01-05T09:53:44.943-0500][gc,task     ] GC(47) Using 8 workers of 8 for evacuation
[2023-01-05T09:53:45.354-0500][gc,mmu      ] GC(47) MMU target violated: 21.0ms (20.0ms/21.0ms)
[2023-01-05T09:53:45.354-0500][gc,phases   ] GC(47)   Pre Evacuate Collection Set: 55.8ms
[2023-01-05T09:53:45.354-0500][gc,phases   ] GC(47)   Merge Heap Roots: 14.2ms
[2023-01-05T09:53:45.354-0500][gc,phases   ] GC(47)   Evacuate Collection Set: 286.4ms
[2023-01-05T09:53:45.354-0500][gc,phases   ] GC(47)   Post Evacuate Collection Set: 19.4ms
[2023-01-05T09:53:45.354-0500][gc,phases   ] GC(47)   Other: 41.7ms
[2023-01-05T09:53:45.354-0500][gc,heap     ] GC(47) Eden regions: 48->0(48)
[2023-01-05T09:53:45.354-0500][gc,heap     ] GC(47) Survivor regions: 3->3(7)
[2023-01-05T09:53:45.354-0500][gc,heap     ] GC(47) Old regions: 19->20
[2023-01-05T09:53:45.354-0500][gc,heap     ] GC(47) Archive regions: 2->2
[2023-01-05T09:53:45.354-0500][gc,heap     ] GC(47) Humongous regions: 129->129
[2023-01-05T09:53:45.354-0500][gc,metaspace] GC(47) Metaspace: 42826K(43392K)->42826K(43392K) NonClass: 37798K(38144K)->37798K(38144K) Class: 5028K(5248K)->5028K(5248K)
[2023-01-05T09:53:45.355-0500][gc          ] GC(47) Pause Young (Normal) (G1 Evacuation Pause) 199M->151M(1024M) 426.411ms
[2023-01-05T09:53:45.355-0500][gc,cpu      ] GC(47) User=0.13s Sys=0.10s Real=0.43s
[2023-01-05T10:13:31.727-0500][gc,start    ] GC(48) Pause Young (Normal) (G1 Evacuation Pause)
[2023-01-05T10:13:31.727-0500][gc,task     ] GC(48) Using 8 workers of 8 for evacuation
[2023-01-05T10:13:31.773-0500][gc,mmu      ] GC(48) MMU target violated: 21.0ms (20.0ms/21.0ms)
[2023-01-05T10:13:31.773-0500][gc,phases   ] GC(48)   Pre Evacuate Collection Set: 1.5ms
[2023-01-05T10:13:31.773-0500][gc,phases   ] GC(48)   Merge Heap Roots: 0.1ms
[2023-01-05T10:13:31.773-0500][gc,phases   ] GC(48)   Evacuate Collection Set: 43.8ms
[2023-01-05T10:13:31.773-0500][gc,phases   ] GC(48)   Post Evacuate Collection Set: 0.3ms
[2023-01-05T10:13:31.773-0500][gc,phases   ] GC(48)   Other: 0.1ms
[2023-01-05T10:13:31.773-0500][gc,heap     ] GC(48) Eden regions: 48->0(49)
[2023-01-05T10:13:31.773-0500][gc,heap     ] GC(48) Survivor regions: 3->2(7)
[2023-01-05T10:13:31.773-0500][gc,heap     ] GC(48) Old regions: 20->21
[2023-01-05T10:13:31.773-0500][gc,heap     ] GC(48) Archive regions: 2->2
[2023-01-05T10:13:31.773-0500][gc,heap     ] GC(48) Humongous regions: 129->129
[2023-01-05T10:13:31.773-0500][gc,metaspace] GC(48) Metaspace: 43447K(43968K)->43447K(43968K) NonClass: 38271K(38528K)->38271K(38528K) Class: 5175K(5440K)->5175K(5440K)
[2023-01-05T10:13:31.773-0500][gc          ] GC(48) Pause Young (Normal) (G1 Evacuation Pause) 199M->151M(1024M) 46.190ms
[2023-01-05T10:13:31.773-0500][gc,cpu      ] GC(48) User=0.04s Sys=0.02s Real=0.05s
[2023-01-05T10:13:31.796-0500][gc,heap,exit] Heap
[2023-01-05T10:13:31.796-0500][gc,heap,exit]  garbage-first heap   total 1048576K, used 157230K [0x00000007c0000000, 0x0000000800000000)
[2023-01-05T10:13:31.796-0500][gc,heap,exit]   region size 1024K, 4 young (4096K), 2 survivors (2048K)
[2023-01-05T10:13:31.796-0500][gc,heap,exit]  Metaspace       used 43476K, committed 44032K, reserved 1114112K
[2023-01-05T10:13:31.796-0500][gc,heap,exit]   class space    used 5183K, committed 5440K, reserved 1048576K
