[2023-01-04T11:21:08.697-0500][gc,init] CardTable entry size: 512
[2023-01-04T11:21:08.697-0500][gc     ] Using G1
[2023-01-04T11:21:08.698-0500][gc,init] Version: 19.0.1+10-21 (release)
[2023-01-04T11:21:08.699-0500][gc,init] CPUs: 8 total, 8 available
[2023-01-04T11:21:08.699-0500][gc,init] Memory: 16384M
[2023-01-04T11:21:08.699-0500][gc,init] Large Page Support: Disabled
[2023-01-04T11:21:08.699-0500][gc,init] NUMA Support: Disabled
[2023-01-04T11:21:08.699-0500][gc,init] Compressed Oops: Enabled (Zero based)
[2023-01-04T11:21:08.699-0500][gc,init] Heap Region Size: 1M
[2023-01-04T11:21:08.699-0500][gc,init] Heap Min Capacity: 1G
[2023-01-04T11:21:08.699-0500][gc,init] Heap Initial Capacity: 1G
[2023-01-04T11:21:08.699-0500][gc,init] Heap Max Capacity: 1G
[2023-01-04T11:21:08.699-0500][gc,init] Pre-touch: Disabled
[2023-01-04T11:21:08.699-0500][gc,init] Parallel Workers: 8
[2023-01-04T11:21:08.699-0500][gc,init] Concurrent Workers: 2
[2023-01-04T11:21:08.699-0500][gc,init] Concurrent Refinement Workers: 8
[2023-01-04T11:21:08.699-0500][gc,init] Periodic GC: Disabled
[2023-01-04T11:21:08.699-0500][gc,metaspace] CDS archive(s) mapped at: [0x0000000800000000-0x0000000800c44000-0x0000000800c44000), size 12861440, SharedBaseAddress: 0x0000000800000000, ArchiveRelocationMode: 0.
[2023-01-04T11:21:08.699-0500][gc,metaspace] Compressed class space mapped at: 0x0000000801000000-0x0000000841000000, reserved size: 1073741824
[2023-01-04T11:21:08.699-0500][gc,metaspace] Narrow klass base: 0x0000000800000000, Narrow klass shift: 0, Narrow klass range: 0x100000000
[2023-01-04T11:21:09.645-0500][gc,start    ] GC(0) Pause Young (Normal) (G1 Evacuation Pause)
[2023-01-04T11:21:09.645-0500][gc,task     ] GC(0) Using 8 workers of 8 for evacuation
[2023-01-04T11:21:09.648-0500][gc,phases   ] GC(0)   Pre Evacuate Collection Set: 0.1ms
[2023-01-04T11:21:09.648-0500][gc,phases   ] GC(0)   Merge Heap Roots: 0.0ms
[2023-01-04T11:21:09.648-0500][gc,phases   ] GC(0)   Evacuate Collection Set: 2.6ms
[2023-01-04T11:21:09.648-0500][gc,phases   ] GC(0)   Post Evacuate Collection Set: 0.4ms
[2023-01-04T11:21:09.648-0500][gc,phases   ] GC(0)   Other: 0.2ms
[2023-01-04T11:21:09.648-0500][gc,heap     ] GC(0) Eden regions: 51->0(44)
[2023-01-04T11:21:09.648-0500][gc,heap     ] GC(0) Survivor regions: 0->7(7)
[2023-01-04T11:21:09.648-0500][gc,heap     ] GC(0) Old regions: 0->1
[2023-01-04T11:21:09.648-0500][gc,heap     ] GC(0) Archive regions: 2->2
[2023-01-04T11:21:09.648-0500][gc,heap     ] GC(0) Humongous regions: 0->0
[2023-01-04T11:21:09.648-0500][gc,metaspace] GC(0) Metaspace: 18958K(19200K)->18958K(19200K) NonClass: 16580K(16704K)->16580K(16704K) Class: 2377K(2496K)->2377K(2496K)
[2023-01-04T11:21:09.648-0500][gc          ] GC(0) Pause Young (Normal) (G1 Evacuation Pause) 51M->8M(1024M) 3.557ms
[2023-01-04T11:21:09.648-0500][gc,cpu      ] GC(0) User=0.01s Sys=0.01s Real=0.00s
[2023-01-04T11:21:09.749-0500][gc,start    ] GC(1) Pause Young (Concurrent Start) (Metadata GC Threshold)
[2023-01-04T11:21:09.749-0500][gc,task     ] GC(1) Using 8 workers of 8 for evacuation
[2023-01-04T11:21:09.753-0500][gc,phases   ] GC(1)   Pre Evacuate Collection Set: 0.1ms
[2023-01-04T11:21:09.753-0500][gc,phases   ] GC(1)   Merge Heap Roots: 0.0ms
[2023-01-04T11:21:09.753-0500][gc,phases   ] GC(1)   Evacuate Collection Set: 3.2ms
[2023-01-04T11:21:09.753-0500][gc,phases   ] GC(1)   Post Evacuate Collection Set: 0.3ms
[2023-01-04T11:21:09.753-0500][gc,phases   ] GC(1)   Other: 0.0ms
[2023-01-04T11:21:09.753-0500][gc,heap     ] GC(1) Eden regions: 9->0(50)
[2023-01-04T11:21:09.753-0500][gc,heap     ] GC(1) Survivor regions: 7->1(7)
[2023-01-04T11:21:09.753-0500][gc,heap     ] GC(1) Old regions: 1->8
[2023-01-04T11:21:09.753-0500][gc,heap     ] GC(1) Archive regions: 2->2
[2023-01-04T11:21:09.753-0500][gc,heap     ] GC(1) Humongous regions: 0->0
[2023-01-04T11:21:09.753-0500][gc,metaspace] GC(1) Metaspace: 21276K(21504K)->21276K(21504K) NonClass: 18553K(18688K)->18553K(18688K) Class: 2722K(2816K)->2722K(2816K)
[2023-01-04T11:21:09.753-0500][gc          ] GC(1) Pause Young (Concurrent Start) (Metadata GC Threshold) 17M->9M(1024M) 3.792ms
[2023-01-04T11:21:09.753-0500][gc          ] GC(2) Concurrent Mark Cycle
[2023-01-04T11:21:09.753-0500][gc,cpu      ] GC(1) User=0.01s Sys=0.01s Real=0.01s
[2023-01-04T11:21:09.753-0500][gc,marking  ] GC(2) Concurrent Clear Claimed Marks
[2023-01-04T11:21:09.753-0500][gc,marking  ] GC(2) Concurrent Clear Claimed Marks 0.024ms
[2023-01-04T11:21:09.753-0500][gc,marking  ] GC(2) Concurrent Scan Root Regions
[2023-01-04T11:21:09.754-0500][gc,marking  ] GC(2) Concurrent Scan Root Regions 1.434ms
[2023-01-04T11:21:09.754-0500][gc,marking  ] GC(2) Concurrent Mark
[2023-01-04T11:21:09.754-0500][gc,marking  ] GC(2) Concurrent Mark From Roots
[2023-01-04T11:21:09.754-0500][gc,task     ] GC(2) Using 2 workers of 2 for marking
[2023-01-04T11:21:09.755-0500][gc,marking  ] GC(2) Concurrent Mark From Roots 0.543ms
[2023-01-04T11:21:09.755-0500][gc,marking  ] GC(2) Concurrent Preclean
[2023-01-04T11:21:09.755-0500][gc,marking  ] GC(2) Concurrent Preclean 0.006ms
[2023-01-04T11:21:09.755-0500][gc,start    ] GC(2) Pause Remark
[2023-01-04T11:21:09.756-0500][gc          ] GC(2) Pause Remark 9M->9M(1024M) 0.912ms
[2023-01-04T11:21:09.756-0500][gc,cpu      ] GC(2) User=0.00s Sys=0.00s Real=0.00s
[2023-01-04T11:21:09.756-0500][gc,marking  ] GC(2) Concurrent Mark 1.594ms
[2023-01-04T11:21:09.756-0500][gc,marking  ] GC(2) Concurrent Rebuild Remembered Sets
[2023-01-04T11:21:09.757-0500][gc,marking  ] GC(2) Concurrent Rebuild Remembered Sets 1.421ms
[2023-01-04T11:21:09.757-0500][gc,start    ] GC(2) Pause Cleanup
[2023-01-04T11:21:09.757-0500][gc          ] GC(2) Pause Cleanup 9M->9M(1024M) 0.104ms
[2023-01-04T11:21:09.757-0500][gc,cpu      ] GC(2) User=0.00s Sys=0.00s Real=0.00s
[2023-01-04T11:21:09.758-0500][gc,marking  ] GC(2) Concurrent Cleanup for Next Mark
[2023-01-04T11:21:09.760-0500][gc,marking  ] GC(2) Concurrent Cleanup for Next Mark 2.553ms
[2023-01-04T11:21:09.760-0500][gc          ] GC(2) Concurrent Mark Cycle 7.450ms
[2023-01-04T11:21:10.265-0500][gc,start    ] GC(3) Pause Young (Normal) (G1 Evacuation Pause)
[2023-01-04T11:21:10.265-0500][gc,task     ] GC(3) Using 8 workers of 8 for evacuation
[2023-01-04T11:21:10.270-0500][gc,phases   ] GC(3)   Pre Evacuate Collection Set: 0.3ms
[2023-01-04T11:21:10.270-0500][gc,phases   ] GC(3)   Merge Heap Roots: 0.5ms
[2023-01-04T11:21:10.270-0500][gc,phases   ] GC(3)   Evacuate Collection Set: 4.2ms
[2023-01-04T11:21:10.270-0500][gc,phases   ] GC(3)   Post Evacuate Collection Set: 0.4ms
[2023-01-04T11:21:10.270-0500][gc,phases   ] GC(3)   Other: 0.1ms
[2023-01-04T11:21:10.270-0500][gc,heap     ] GC(3) Eden regions: 50->0(45)
[2023-01-04T11:21:10.270-0500][gc,heap     ] GC(3) Survivor regions: 1->6(7)
[2023-01-04T11:21:10.270-0500][gc,heap     ] GC(3) Old regions: 8->8
[2023-01-04T11:21:10.270-0500][gc,heap     ] GC(3) Archive regions: 2->2
[2023-01-04T11:21:10.270-0500][gc,heap     ] GC(3) Humongous regions: 129->129
[2023-01-04T11:21:10.270-0500][gc,metaspace] GC(3) Metaspace: 33267K(33600K)->33267K(33600K) NonClass: 29383K(29568K)->29383K(29568K) Class: 3883K(4032K)->3883K(4032K)
[2023-01-04T11:21:10.270-0500][gc          ] GC(3) Pause Young (Normal) (G1 Evacuation Pause) 188M->142M(1024M) 5.751ms
[2023-01-04T11:21:10.270-0500][gc,cpu      ] GC(3) User=0.01s Sys=0.00s Real=0.01s
[2023-01-04T11:21:52.162-0500][gc,start    ] GC(4) Pause Young (Concurrent Start) (Metadata GC Threshold)
[2023-01-04T11:21:52.162-0500][gc,task     ] GC(4) Using 8 workers of 8 for evacuation
[2023-01-04T11:21:52.165-0500][gc,phases   ] GC(4)   Pre Evacuate Collection Set: 0.3ms
[2023-01-04T11:21:52.165-0500][gc,phases   ] GC(4)   Merge Heap Roots: 0.1ms
[2023-01-04T11:21:52.165-0500][gc,phases   ] GC(4)   Evacuate Collection Set: 2.6ms
[2023-01-04T11:21:52.165-0500][gc,phases   ] GC(4)   Post Evacuate Collection Set: 0.2ms
[2023-01-04T11:21:52.165-0500][gc,phases   ] GC(4)   Other: 0.1ms
[2023-01-04T11:21:52.165-0500][gc,heap     ] GC(4) Eden regions: 13->0(49)
[2023-01-04T11:21:52.165-0500][gc,heap     ] GC(4) Survivor regions: 6->2(7)
[2023-01-04T11:21:52.165-0500][gc,heap     ] GC(4) Old regions: 8->13
[2023-01-04T11:21:52.166-0500][gc,heap     ] GC(4) Archive regions: 2->2
[2023-01-04T11:21:52.166-0500][gc,heap     ] GC(4) Humongous regions: 129->129
[2023-01-04T11:21:52.166-0500][gc,metaspace] GC(4) Metaspace: 35644K(35968K)->35644K(35968K) NonClass: 31395K(31552K)->31395K(31552K) Class: 4249K(4416K)->4249K(4416K)
[2023-01-04T11:21:52.166-0500][gc          ] GC(4) Pause Young (Concurrent Start) (Metadata GC Threshold) 154M->143M(1024M) 3.645ms
[2023-01-04T11:21:52.166-0500][gc          ] GC(5) Concurrent Mark Cycle
[2023-01-04T11:21:52.166-0500][gc,cpu      ] GC(4) User=0.02s Sys=0.01s Real=0.00s
[2023-01-04T11:21:52.166-0500][gc,marking  ] GC(5) Concurrent Clear Claimed Marks
[2023-01-04T11:21:52.166-0500][gc,marking  ] GC(5) Concurrent Clear Claimed Marks 0.028ms
[2023-01-04T11:21:52.166-0500][gc,marking  ] GC(5) Concurrent Scan Root Regions
[2023-01-04T11:21:52.168-0500][gc,marking  ] GC(5) Concurrent Scan Root Regions 2.196ms
[2023-01-04T11:21:52.168-0500][gc,marking  ] GC(5) Concurrent Mark
[2023-01-04T11:21:52.168-0500][gc,marking  ] GC(5) Concurrent Mark From Roots
[2023-01-04T11:21:52.168-0500][gc,task     ] GC(5) Using 2 workers of 2 for marking
[2023-01-04T11:21:52.171-0500][gc,marking  ] GC(5) Concurrent Mark From Roots 3.579ms
[2023-01-04T11:21:52.171-0500][gc,marking  ] GC(5) Concurrent Preclean
[2023-01-04T11:21:52.171-0500][gc,marking  ] GC(5) Concurrent Preclean 0.033ms
[2023-01-04T11:21:52.172-0500][gc,start    ] GC(5) Pause Remark
[2023-01-04T11:21:52.173-0500][gc          ] GC(5) Pause Remark 143M->143M(1024M) 1.298ms
[2023-01-04T11:21:52.173-0500][gc,cpu      ] GC(5) User=0.00s Sys=0.00s Real=0.00s
[2023-01-04T11:21:52.173-0500][gc,marking  ] GC(5) Concurrent Mark 5.448ms
[2023-01-04T11:21:52.173-0500][gc,marking  ] GC(5) Concurrent Rebuild Remembered Sets
[2023-01-04T11:21:52.176-0500][gc,marking  ] GC(5) Concurrent Rebuild Remembered Sets 2.780ms
[2023-01-04T11:21:52.176-0500][gc,start    ] GC(5) Pause Cleanup
[2023-01-04T11:21:52.176-0500][gc          ] GC(5) Pause Cleanup 143M->143M(1024M) 0.200ms
[2023-01-04T11:21:52.176-0500][gc,cpu      ] GC(5) User=0.00s Sys=0.00s Real=0.00s
[2023-01-04T11:21:52.177-0500][gc,marking  ] GC(5) Concurrent Cleanup for Next Mark
[2023-01-04T11:21:52.179-0500][gc,marking  ] GC(5) Concurrent Cleanup for Next Mark 2.131ms
[2023-01-04T11:21:52.179-0500][gc          ] GC(5) Concurrent Mark Cycle 13.319ms
[2023-01-04T11:37:57.089-0500][gc,start    ] GC(6) Pause Young (Normal) (G1 Evacuation Pause)
[2023-01-04T11:37:57.093-0500][gc,task     ] GC(6) Using 8 workers of 8 for evacuation
[2023-01-04T11:37:57.108-0500][gc,phases   ] GC(6)   Pre Evacuate Collection Set: 1.8ms
[2023-01-04T11:37:57.108-0500][gc,phases   ] GC(6)   Merge Heap Roots: 1.7ms
[2023-01-04T11:37:57.108-0500][gc,phases   ] GC(6)   Evacuate Collection Set: 11.3ms
[2023-01-04T11:37:57.108-0500][gc,phases   ] GC(6)   Post Evacuate Collection Set: 0.4ms
[2023-01-04T11:37:57.108-0500][gc,phases   ] GC(6)   Other: 0.4ms
[2023-01-04T11:37:57.108-0500][gc,heap     ] GC(6) Eden regions: 49->0(47)
[2023-01-04T11:37:57.108-0500][gc,heap     ] GC(6) Survivor regions: 2->4(7)
[2023-01-04T11:37:57.108-0500][gc,heap     ] GC(6) Old regions: 13->13
[2023-01-04T11:37:57.108-0500][gc,heap     ] GC(6) Archive regions: 2->2
[2023-01-04T11:37:57.108-0500][gc,heap     ] GC(6) Humongous regions: 129->129
[2023-01-04T11:37:57.108-0500][gc,metaspace] GC(6) Metaspace: 41125K(41664K)->41125K(41664K) NonClass: 36116K(36416K)->36116K(36416K) Class: 5009K(5248K)->5009K(5248K)
[2023-01-04T11:37:57.108-0500][gc          ] GC(6) Pause Young (Normal) (G1 Evacuation Pause) 192M->145M(1024M) 19.537ms
[2023-01-04T11:37:57.108-0500][gc,cpu      ] GC(6) User=0.01s Sys=0.02s Real=0.02s
[2023-01-04T11:43:00.271-0500][gc,start    ] GC(7) Pause Young (Normal) (G1 Evacuation Pause)
[2023-01-04T11:43:00.272-0500][gc,task     ] GC(7) Using 8 workers of 8 for evacuation
[2023-01-04T11:43:00.281-0500][gc,phases   ] GC(7)   Pre Evacuate Collection Set: 0.4ms
[2023-01-04T11:43:00.281-0500][gc,phases   ] GC(7)   Merge Heap Roots: 0.5ms
[2023-01-04T11:43:00.281-0500][gc,phases   ] GC(7)   Evacuate Collection Set: 7.2ms
[2023-01-04T11:43:00.281-0500][gc,phases   ] GC(7)   Post Evacuate Collection Set: 0.5ms
[2023-01-04T11:43:00.281-0500][gc,phases   ] GC(7)   Other: 0.5ms
[2023-01-04T11:43:00.281-0500][gc,heap     ] GC(7) Eden regions: 47->0(47)
[2023-01-04T11:43:00.281-0500][gc,heap     ] GC(7) Survivor regions: 4->4(7)
[2023-01-04T11:43:00.281-0500][gc,heap     ] GC(7) Old regions: 13->13
[2023-01-04T11:43:00.281-0500][gc,heap     ] GC(7) Archive regions: 2->2
[2023-01-04T11:43:00.281-0500][gc,heap     ] GC(7) Humongous regions: 129->129
[2023-01-04T11:43:00.281-0500][gc,metaspace] GC(7) Metaspace: 41406K(41920K)->41406K(41920K) NonClass: 36390K(36672K)->36390K(36672K) Class: 5015K(5248K)->5015K(5248K)
[2023-01-04T11:43:00.281-0500][gc          ] GC(7) Pause Young (Normal) (G1 Evacuation Pause) 192M->145M(1024M) 9.857ms
[2023-01-04T11:43:00.281-0500][gc,cpu      ] GC(7) User=0.01s Sys=0.02s Real=0.01s
[2023-01-04T11:47:29.683-0500][gc,start    ] GC(8) Pause Young (Normal) (G1 Evacuation Pause)
[2023-01-04T11:47:29.685-0500][gc,task     ] GC(8) Using 8 workers of 8 for evacuation
[2023-01-04T11:47:29.692-0500][gc,phases   ] GC(8)   Pre Evacuate Collection Set: 0.8ms
[2023-01-04T11:47:29.692-0500][gc,phases   ] GC(8)   Merge Heap Roots: 0.1ms
[2023-01-04T11:47:29.692-0500][gc,phases   ] GC(8)   Evacuate Collection Set: 5.5ms
[2023-01-04T11:47:29.692-0500][gc,phases   ] GC(8)   Post Evacuate Collection Set: 0.6ms
[2023-01-04T11:47:29.692-0500][gc,phases   ] GC(8)   Other: 0.1ms
[2023-01-04T11:47:29.692-0500][gc,heap     ] GC(8) Eden regions: 47->0(47)
[2023-01-04T11:47:29.692-0500][gc,heap     ] GC(8) Survivor regions: 4->4(7)
[2023-01-04T11:47:29.692-0500][gc,heap     ] GC(8) Old regions: 13->13
[2023-01-04T11:47:29.692-0500][gc,heap     ] GC(8) Archive regions: 2->2
[2023-01-04T11:47:29.692-0500][gc,heap     ] GC(8) Humongous regions: 129->129
[2023-01-04T11:47:29.692-0500][gc,metaspace] GC(8) Metaspace: 41691K(42240K)->41691K(42240K) NonClass: 36675K(36992K)->36675K(36992K) Class: 5016K(5248K)->5016K(5248K)
[2023-01-04T11:47:29.692-0500][gc          ] GC(8) Pause Young (Normal) (G1 Evacuation Pause) 192M->145M(1024M) 9.100ms
[2023-01-04T11:47:29.692-0500][gc,cpu      ] GC(8) User=0.02s Sys=0.01s Real=0.01s
[2023-01-04T11:52:01.695-0500][gc,start    ] GC(9) Pause Young (Normal) (G1 Evacuation Pause)
[2023-01-04T11:52:01.697-0500][gc,task     ] GC(9) Using 8 workers of 8 for evacuation
[2023-01-04T11:52:01.715-0500][gc,phases   ] GC(9)   Pre Evacuate Collection Set: 4.3ms
[2023-01-04T11:52:01.715-0500][gc,phases   ] GC(9)   Merge Heap Roots: 0.2ms
[2023-01-04T11:52:01.715-0500][gc,phases   ] GC(9)   Evacuate Collection Set: 12.3ms
[2023-01-04T11:52:01.715-0500][gc,phases   ] GC(9)   Post Evacuate Collection Set: 0.9ms
[2023-01-04T11:52:01.715-0500][gc,phases   ] GC(9)   Other: 0.3ms
[2023-01-04T11:52:01.715-0500][gc,heap     ] GC(9) Eden regions: 47->0(47)
[2023-01-04T11:52:01.715-0500][gc,heap     ] GC(9) Survivor regions: 4->4(7)
[2023-01-04T11:52:01.715-0500][gc,heap     ] GC(9) Old regions: 13->13
[2023-01-04T11:52:01.715-0500][gc,heap     ] GC(9) Archive regions: 2->2
[2023-01-04T11:52:01.715-0500][gc,heap     ] GC(9) Humongous regions: 129->129
[2023-01-04T11:52:01.715-0500][gc,metaspace] GC(9) Metaspace: 41750K(42240K)->41750K(42240K) NonClass: 36733K(36992K)->36733K(36992K) Class: 5016K(5248K)->5016K(5248K)
[2023-01-04T11:52:01.715-0500][gc          ] GC(9) Pause Young (Normal) (G1 Evacuation Pause) 192M->145M(1024M) 20.270ms
[2023-01-04T11:52:01.715-0500][gc,cpu      ] GC(9) User=0.03s Sys=0.03s Real=0.02s
[2023-01-04T11:56:39.878-0500][gc,start    ] GC(10) Pause Young (Normal) (G1 Evacuation Pause)
[2023-01-04T11:56:39.879-0500][gc,task     ] GC(10) Using 8 workers of 8 for evacuation
[2023-01-04T11:56:39.889-0500][gc,phases   ] GC(10)   Pre Evacuate Collection Set: 0.3ms
[2023-01-04T11:56:39.889-0500][gc,phases   ] GC(10)   Merge Heap Roots: 0.2ms
[2023-01-04T11:56:39.889-0500][gc,phases   ] GC(10)   Evacuate Collection Set: 9.6ms
[2023-01-04T11:56:39.889-0500][gc,phases   ] GC(10)   Post Evacuate Collection Set: 0.4ms
[2023-01-04T11:56:39.889-0500][gc,phases   ] GC(10)   Other: 0.1ms
[2023-01-04T11:56:39.889-0500][gc,heap     ] GC(10) Eden regions: 47->0(52)
[2023-01-04T11:56:39.889-0500][gc,heap     ] GC(10) Survivor regions: 4->4(7)
[2023-01-04T11:56:39.889-0500][gc,heap     ] GC(10) Old regions: 13->13
[2023-01-04T11:56:39.889-0500][gc,heap     ] GC(10) Archive regions: 2->2
[2023-01-04T11:56:39.889-0500][gc,heap     ] GC(10) Humongous regions: 129->129
[2023-01-04T11:56:39.889-0500][gc,metaspace] GC(10) Metaspace: 41800K(42304K)->41800K(42304K) NonClass: 36783K(37056K)->36783K(37056K) Class: 5016K(5248K)->5016K(5248K)
[2023-01-04T11:56:39.889-0500][gc          ] GC(10) Pause Young (Normal) (G1 Evacuation Pause) 192M->146M(1024M) 11.342ms
[2023-01-04T11:56:39.889-0500][gc,cpu      ] GC(10) User=0.01s Sys=0.02s Real=0.01s
[2023-01-04T12:01:48.610-0500][gc,start    ] GC(11) Pause Young (Normal) (G1 Evacuation Pause)
[2023-01-04T12:01:48.612-0500][gc,task     ] GC(11) Using 8 workers of 8 for evacuation
[2023-01-04T12:01:48.627-0500][gc,phases   ] GC(11)   Pre Evacuate Collection Set: 1.7ms
[2023-01-04T12:01:48.627-0500][gc,phases   ] GC(11)   Merge Heap Roots: 0.6ms
[2023-01-04T12:01:48.627-0500][gc,phases   ] GC(11)   Evacuate Collection Set: 10.8ms
[2023-01-04T12:01:48.627-0500][gc,phases   ] GC(11)   Post Evacuate Collection Set: 1.1ms
[2023-01-04T12:01:48.627-0500][gc,phases   ] GC(11)   Other: 1.0ms
[2023-01-04T12:01:48.627-0500][gc,heap     ] GC(11) Eden regions: 52->0(81)
[2023-01-04T12:01:48.627-0500][gc,heap     ] GC(11) Survivor regions: 4->4(7)
[2023-01-04T12:01:48.627-0500][gc,heap     ] GC(11) Old regions: 13->13
[2023-01-04T12:01:48.627-0500][gc,heap     ] GC(11) Archive regions: 2->2
[2023-01-04T12:01:48.627-0500][gc,heap     ] GC(11) Humongous regions: 129->129
[2023-01-04T12:01:48.627-0500][gc,metaspace] GC(11) Metaspace: 41867K(42368K)->41867K(42368K) NonClass: 36850K(37120K)->36850K(37120K) Class: 5016K(5248K)->5016K(5248K)
[2023-01-04T12:01:48.628-0500][gc          ] GC(11) Pause Young (Normal) (G1 Evacuation Pause) 198M->146M(1024M) 17.368ms
[2023-01-04T12:01:48.628-0500][gc,cpu      ] GC(11) User=0.02s Sys=0.01s Real=0.01s
[2023-01-04T12:09:55.518-0500][gc,start    ] GC(12) Pause Young (Normal) (G1 Evacuation Pause)
[2023-01-04T12:09:55.520-0500][gc,task     ] GC(12) Using 8 workers of 8 for evacuation
[2023-01-04T12:09:55.539-0500][gc,phases   ] GC(12)   Pre Evacuate Collection Set: 1.8ms
[2023-01-04T12:09:55.539-0500][gc,phases   ] GC(12)   Merge Heap Roots: 0.2ms
[2023-01-04T12:09:55.539-0500][gc,phases   ] GC(12)   Evacuate Collection Set: 14.6ms
[2023-01-04T12:09:55.539-0500][gc,phases   ] GC(12)   Post Evacuate Collection Set: 1.7ms
[2023-01-04T12:09:55.539-0500][gc,phases   ] GC(12)   Other: 0.8ms
[2023-01-04T12:09:55.539-0500][gc,heap     ] GC(12) Eden regions: 81->0(162)
[2023-01-04T12:09:55.539-0500][gc,heap     ] GC(12) Survivor regions: 4->4(11)
[2023-01-04T12:09:55.539-0500][gc,heap     ] GC(12) Old regions: 13->13
[2023-01-04T12:09:55.539-0500][gc,heap     ] GC(12) Archive regions: 2->2
[2023-01-04T12:09:55.539-0500][gc,heap     ] GC(12) Humongous regions: 129->129
[2023-01-04T12:09:55.539-0500][gc,metaspace] GC(12) Metaspace: 41918K(42496K)->41918K(42496K) NonClass: 36901K(37248K)->36901K(37248K) Class: 5016K(5248K)->5016K(5248K)
[2023-01-04T12:09:55.539-0500][gc          ] GC(12) Pause Young (Normal) (G1 Evacuation Pause) 227M->146M(1024M) 21.273ms
[2023-01-04T12:09:55.539-0500][gc,cpu      ] GC(12) User=0.03s Sys=0.02s Real=0.02s
[2023-01-04T12:27:20.424-0500][gc,start    ] GC(13) Pause Young (Normal) (G1 Evacuation Pause)
[2023-01-04T12:27:20.426-0500][gc,task     ] GC(13) Using 8 workers of 8 for evacuation
[2023-01-04T12:27:20.443-0500][gc,phases   ] GC(13)   Pre Evacuate Collection Set: 3.6ms
[2023-01-04T12:27:20.443-0500][gc,phases   ] GC(13)   Merge Heap Roots: 0.8ms
[2023-01-04T12:27:20.443-0500][gc,phases   ] GC(13)   Evacuate Collection Set: 11.9ms
[2023-01-04T12:27:20.443-0500][gc,phases   ] GC(13)   Post Evacuate Collection Set: 1.0ms
[2023-01-04T12:27:20.443-0500][gc,phases   ] GC(13)   Other: 0.2ms
[2023-01-04T12:27:20.443-0500][gc,heap     ] GC(13) Eden regions: 162->0(447)
[2023-01-04T12:27:20.443-0500][gc,heap     ] GC(13) Survivor regions: 4->4(21)
[2023-01-04T12:27:20.443-0500][gc,heap     ] GC(13) Old regions: 13->13
[2023-01-04T12:27:20.443-0500][gc,heap     ] GC(13) Archive regions: 2->2
[2023-01-04T12:27:20.443-0500][gc,heap     ] GC(13) Humongous regions: 129->129
[2023-01-04T12:27:20.443-0500][gc,metaspace] GC(13) Metaspace: 42063K(42560K)->42063K(42560K) NonClass: 37042K(37312K)->37042K(37312K) Class: 5020K(5248K)->5020K(5248K)
[2023-01-04T12:27:20.443-0500][gc          ] GC(13) Pause Young (Normal) (G1 Evacuation Pause) 308M->146M(1024M) 19.707ms
[2023-01-04T12:27:20.443-0500][gc,cpu      ] GC(13) User=0.02s Sys=0.02s Real=0.02s
[2023-01-04T13:17:31.516-0500][gc,start    ] GC(14) Pause Young (Normal) (G1 Evacuation Pause)
[2023-01-04T13:17:31.519-0500][gc,task     ] GC(14) Using 8 workers of 8 for evacuation
[2023-01-04T13:17:31.561-0500][gc,mmu      ] GC(14) MMU target violated: 21.0ms (20.0ms/21.0ms)
[2023-01-04T13:17:31.561-0500][gc,phases   ] GC(14)   Pre Evacuate Collection Set: 5.1ms
[2023-01-04T13:17:31.561-0500][gc,phases   ] GC(14)   Merge Heap Roots: 0.9ms
[2023-01-04T13:17:31.561-0500][gc,phases   ] GC(14)   Evacuate Collection Set: 34.0ms
[2023-01-04T13:17:31.561-0500][gc,phases   ] GC(14)   Post Evacuate Collection Set: 1.0ms
[2023-01-04T13:17:31.561-0500][gc,phases   ] GC(14)   Other: 2.0ms
[2023-01-04T13:17:31.561-0500][gc,heap     ] GC(14) Eden regions: 447->0(46)
[2023-01-04T13:17:31.561-0500][gc,heap     ] GC(14) Survivor regions: 4->5(57)
[2023-01-04T13:17:31.561-0500][gc,heap     ] GC(14) Old regions: 13->13
[2023-01-04T13:17:31.561-0500][gc,heap     ] GC(14) Archive regions: 2->2
[2023-01-04T13:17:31.561-0500][gc,heap     ] GC(14) Humongous regions: 129->129
[2023-01-04T13:17:31.561-0500][gc,metaspace] GC(14) Metaspace: 42177K(42688K)->42177K(42688K) NonClass: 37156K(37440K)->37156K(37440K) Class: 5021K(5248K)->5021K(5248K)
[2023-01-04T13:17:31.561-0500][gc          ] GC(14) Pause Young (Normal) (G1 Evacuation Pause) 593M->146M(1024M) 44.854ms
[2023-01-04T13:17:31.561-0500][gc,cpu      ] GC(14) User=0.03s Sys=0.09s Real=0.05s
[2023-01-04T13:21:46.856-0500][gc,start    ] GC(15) Pause Young (Normal) (G1 Evacuation Pause)
[2023-01-04T13:21:46.857-0500][gc,task     ] GC(15) Using 8 workers of 8 for evacuation
[2023-01-04T13:21:46.885-0500][gc,mmu      ] GC(15) MMU target violated: 21.0ms (20.0ms/21.0ms)
[2023-01-04T13:21:46.885-0500][gc,phases   ] GC(15)   Pre Evacuate Collection Set: 0.5ms
[2023-01-04T13:21:46.885-0500][gc,phases   ] GC(15)   Merge Heap Roots: 1.0ms
[2023-01-04T13:21:46.885-0500][gc,phases   ] GC(15)   Evacuate Collection Set: 25.3ms
[2023-01-04T13:21:46.885-0500][gc,phases   ] GC(15)   Post Evacuate Collection Set: 1.2ms
[2023-01-04T13:21:46.885-0500][gc,phases   ] GC(15)   Other: 0.2ms
[2023-01-04T13:21:46.885-0500][gc,heap     ] GC(15) Eden regions: 46->0(48)
[2023-01-04T13:21:46.885-0500][gc,heap     ] GC(15) Survivor regions: 5->3(7)
[2023-01-04T13:21:46.885-0500][gc,heap     ] GC(15) Old regions: 13->14
[2023-01-04T13:21:46.885-0500][gc,heap     ] GC(15) Archive regions: 2->2
[2023-01-04T13:21:46.885-0500][gc,heap     ] GC(15) Humongous regions: 129->129
[2023-01-04T13:21:46.885-0500][gc,metaspace] GC(15) Metaspace: 42216K(42752K)->42216K(42752K) NonClass: 37194K(37504K)->37194K(37504K) Class: 5021K(5248K)->5021K(5248K)
[2023-01-04T13:21:46.885-0500][gc          ] GC(15) Pause Young (Normal) (G1 Evacuation Pause) 192M->146M(1024M) 28.897ms
[2023-01-04T13:21:46.885-0500][gc,cpu      ] GC(15) User=0.03s Sys=0.04s Real=0.03s
[2023-01-04T13:26:06.329-0500][gc,start    ] GC(16) Pause Young (Normal) (G1 Evacuation Pause)
[2023-01-04T13:26:06.330-0500][gc,task     ] GC(16) Using 8 workers of 8 for evacuation
[2023-01-04T13:26:06.345-0500][gc,phases   ] GC(16)   Pre Evacuate Collection Set: 0.4ms
[2023-01-04T13:26:06.345-0500][gc,phases   ] GC(16)   Merge Heap Roots: 0.1ms
[2023-01-04T13:26:06.345-0500][gc,phases   ] GC(16)   Evacuate Collection Set: 13.6ms
[2023-01-04T13:26:06.345-0500][gc,phases   ] GC(16)   Post Evacuate Collection Set: 0.4ms
[2023-01-04T13:26:06.345-0500][gc,phases   ] GC(16)   Other: 0.4ms
[2023-01-04T13:26:06.345-0500][gc,heap     ] GC(16) Eden regions: 48->0(48)
[2023-01-04T13:26:06.345-0500][gc,heap     ] GC(16) Survivor regions: 3->3(7)
[2023-01-04T13:26:06.345-0500][gc,heap     ] GC(16) Old regions: 14->14
[2023-01-04T13:26:06.345-0500][gc,heap     ] GC(16) Archive regions: 2->2
[2023-01-04T13:26:06.345-0500][gc,heap     ] GC(16) Humongous regions: 129->129
[2023-01-04T13:26:06.345-0500][gc,metaspace] GC(16) Metaspace: 42217K(42752K)->42217K(42752K) NonClass: 37195K(37504K)->37195K(37504K) Class: 5021K(5248K)->5021K(5248K)
[2023-01-04T13:26:06.345-0500][gc          ] GC(16) Pause Young (Normal) (G1 Evacuation Pause) 194M->146M(1024M) 15.413ms
[2023-01-04T13:26:06.345-0500][gc,cpu      ] GC(16) User=0.01s Sys=0.02s Real=0.02s
[2023-01-04T13:34:19.097-0500][gc,start    ] GC(17) Pause Young (Normal) (G1 Evacuation Pause)
[2023-01-04T13:34:19.099-0500][gc,task     ] GC(17) Using 8 workers of 8 for evacuation
[2023-01-04T13:34:19.107-0500][gc,phases   ] GC(17)   Pre Evacuate Collection Set: 1.5ms
[2023-01-04T13:34:19.107-0500][gc,phases   ] GC(17)   Merge Heap Roots: 0.8ms
[2023-01-04T13:34:19.107-0500][gc,phases   ] GC(17)   Evacuate Collection Set: 5.1ms
[2023-01-04T13:34:19.107-0500][gc,phases   ] GC(17)   Post Evacuate Collection Set: 0.4ms
[2023-01-04T13:34:19.107-0500][gc,phases   ] GC(17)   Other: 0.1ms
[2023-01-04T13:34:19.107-0500][gc,heap     ] GC(17) Eden regions: 48->0(58)
[2023-01-04T13:34:19.107-0500][gc,heap     ] GC(17) Survivor regions: 3->3(7)
[2023-01-04T13:34:19.107-0500][gc,heap     ] GC(17) Old regions: 14->14
[2023-01-04T13:34:19.107-0500][gc,heap     ] GC(17) Archive regions: 2->2
[2023-01-04T13:34:19.107-0500][gc,heap     ] GC(17) Humongous regions: 129->129
[2023-01-04T13:34:19.107-0500][gc,metaspace] GC(17) Metaspace: 42237K(42752K)->42237K(42752K) NonClass: 37216K(37504K)->37216K(37504K) Class: 5021K(5248K)->5021K(5248K)
[2023-01-04T13:34:19.107-0500][gc          ] GC(17) Pause Young (Normal) (G1 Evacuation Pause) 194M->146M(1024M) 10.103ms
[2023-01-04T13:34:19.107-0500][gc,cpu      ] GC(17) User=0.01s Sys=0.01s Real=0.01s
[2023-01-04T13:39:55.133-0500][gc,start    ] GC(18) Pause Young (Normal) (G1 Evacuation Pause)
[2023-01-04T13:39:55.134-0500][gc,task     ] GC(18) Using 8 workers of 8 for evacuation
[2023-01-04T13:39:55.183-0500][gc,mmu      ] GC(18) MMU target violated: 21.0ms (20.0ms/21.0ms)
[2023-01-04T13:39:55.183-0500][gc,phases   ] GC(18)   Pre Evacuate Collection Set: 0.6ms
[2023-01-04T13:39:55.183-0500][gc,phases   ] GC(18)   Merge Heap Roots: 0.1ms
[2023-01-04T13:39:55.183-0500][gc,phases   ] GC(18)   Evacuate Collection Set: 47.2ms
[2023-01-04T13:39:55.183-0500][gc,phases   ] GC(18)   Post Evacuate Collection Set: 0.8ms
[2023-01-04T13:39:55.183-0500][gc,phases   ] GC(18)   Other: 0.2ms
[2023-01-04T13:39:55.183-0500][gc,heap     ] GC(18) Eden regions: 58->0(48)
[2023-01-04T13:39:55.183-0500][gc,heap     ] GC(18) Survivor regions: 3->3(8)
[2023-01-04T13:39:55.183-0500][gc,heap     ] GC(18) Old regions: 14->14
[2023-01-04T13:39:55.183-0500][gc,heap     ] GC(18) Archive regions: 2->2
[2023-01-04T13:39:55.183-0500][gc,heap     ] GC(18) Humongous regions: 129->129
[2023-01-04T13:39:55.183-0500][gc,metaspace] GC(18) Metaspace: 42269K(42752K)->42269K(42752K) NonClass: 37248K(37504K)->37248K(37504K) Class: 5021K(5248K)->5021K(5248K)
[2023-01-04T13:39:55.183-0500][gc          ] GC(18) Pause Young (Normal) (G1 Evacuation Pause) 204M->146M(1024M) 50.412ms
[2023-01-04T13:39:55.183-0500][gc,cpu      ] GC(18) User=0.01s Sys=0.03s Real=0.05s
[2023-01-04T13:44:40.759-0500][gc,start    ] GC(19) Pause Young (Normal) (G1 Evacuation Pause)
[2023-01-04T13:44:40.761-0500][gc,task     ] GC(19) Using 8 workers of 8 for evacuation
[2023-01-04T13:44:40.783-0500][gc,mmu      ] GC(19) MMU target violated: 21.0ms (20.0ms/21.0ms)
[2023-01-04T13:44:40.783-0500][gc,phases   ] GC(19)   Pre Evacuate Collection Set: 4.0ms
[2023-01-04T13:44:40.783-0500][gc,phases   ] GC(19)   Merge Heap Roots: 0.2ms
[2023-01-04T13:44:40.783-0500][gc,phases   ] GC(19)   Evacuate Collection Set: 16.4ms
[2023-01-04T13:44:40.783-0500][gc,phases   ] GC(19)   Post Evacuate Collection Set: 0.9ms
[2023-01-04T13:44:40.783-0500][gc,phases   ] GC(19)   Other: 0.4ms
[2023-01-04T13:44:40.783-0500][gc,heap     ] GC(19) Eden regions: 48->0(48)
[2023-01-04T13:44:40.783-0500][gc,heap     ] GC(19) Survivor regions: 3->3(7)
[2023-01-04T13:44:40.783-0500][gc,heap     ] GC(19) Old regions: 14->14
[2023-01-04T13:44:40.783-0500][gc,heap     ] GC(19) Archive regions: 2->2
[2023-01-04T13:44:40.783-0500][gc,heap     ] GC(19) Humongous regions: 129->129
[2023-01-04T13:44:40.783-0500][gc,metaspace] GC(19) Metaspace: 42272K(42752K)->42272K(42752K) NonClass: 37251K(37504K)->37251K(37504K) Class: 5021K(5248K)->5021K(5248K)
[2023-01-04T13:44:40.783-0500][gc          ] GC(19) Pause Young (Normal) (G1 Evacuation Pause) 194M->146M(1024M) 23.773ms
[2023-01-04T13:44:40.783-0500][gc,cpu      ] GC(19) User=0.02s Sys=0.01s Real=0.03s
[2023-01-04T13:48:17.707-0500][gc,start    ] GC(20) Pause Young (Normal) (G1 Evacuation Pause)
[2023-01-04T13:48:17.708-0500][gc,task     ] GC(20) Using 8 workers of 8 for evacuation
[2023-01-04T13:48:17.712-0500][gc,phases   ] GC(20)   Pre Evacuate Collection Set: 0.4ms
[2023-01-04T13:48:17.712-0500][gc,phases   ] GC(20)   Merge Heap Roots: 0.1ms
[2023-01-04T13:48:17.712-0500][gc,phases   ] GC(20)   Evacuate Collection Set: 3.2ms
[2023-01-04T13:48:17.712-0500][gc,phases   ] GC(20)   Post Evacuate Collection Set: 0.2ms
[2023-01-04T13:48:17.712-0500][gc,phases   ] GC(20)   Other: 0.1ms
[2023-01-04T13:48:17.712-0500][gc,heap     ] GC(20) Eden regions: 48->0(47)
[2023-01-04T13:48:17.712-0500][gc,heap     ] GC(20) Survivor regions: 3->4(7)
[2023-01-04T13:48:17.712-0500][gc,heap     ] GC(20) Old regions: 14->14
[2023-01-04T13:48:17.712-0500][gc,heap     ] GC(20) Archive regions: 2->2
[2023-01-04T13:48:17.712-0500][gc,heap     ] GC(20) Humongous regions: 129->129
[2023-01-04T13:48:17.712-0500][gc,metaspace] GC(20) Metaspace: 42544K(43008K)->42544K(43008K) NonClass: 37503K(37760K)->37503K(37760K) Class: 5041K(5248K)->5041K(5248K)
[2023-01-04T13:48:17.712-0500][gc          ] GC(20) Pause Young (Normal) (G1 Evacuation Pause) 194M->147M(1024M) 4.611ms
[2023-01-04T13:48:17.712-0500][gc,cpu      ] GC(20) User=0.01s Sys=0.00s Real=0.01s
[2023-01-04T13:51:09.818-0500][gc,start    ] GC(21) Pause Young (Normal) (G1 Evacuation Pause)
[2023-01-04T13:51:09.820-0500][gc,task     ] GC(21) Using 8 workers of 8 for evacuation
[2023-01-04T13:51:09.839-0500][gc,phases   ] GC(21)   Pre Evacuate Collection Set: 1.4ms
[2023-01-04T13:51:09.839-0500][gc,phases   ] GC(21)   Merge Heap Roots: 0.2ms
[2023-01-04T13:51:09.839-0500][gc,phases   ] GC(21)   Evacuate Collection Set: 16.5ms
[2023-01-04T13:51:09.839-0500][gc,phases   ] GC(21)   Post Evacuate Collection Set: 1.1ms
[2023-01-04T13:51:09.839-0500][gc,phases   ] GC(21)   Other: 0.3ms
[2023-01-04T13:51:09.839-0500][gc,heap     ] GC(21) Eden regions: 47->0(46)
[2023-01-04T13:51:09.839-0500][gc,heap     ] GC(21) Survivor regions: 4->5(7)
[2023-01-04T13:51:09.839-0500][gc,heap     ] GC(21) Old regions: 14->14
[2023-01-04T13:51:09.839-0500][gc,heap     ] GC(21) Archive regions: 2->2
[2023-01-04T13:51:09.839-0500][gc,heap     ] GC(21) Humongous regions: 129->129
[2023-01-04T13:51:09.839-0500][gc,metaspace] GC(21) Metaspace: 44015K(44608K)->44015K(44608K) NonClass: 38717K(39040K)->38717K(39040K) Class: 5298K(5568K)->5298K(5568K)
[2023-01-04T13:51:09.839-0500][gc          ] GC(21) Pause Young (Normal) (G1 Evacuation Pause) 194M->148M(1024M) 21.469ms
[2023-01-04T13:51:09.840-0500][gc,cpu      ] GC(21) User=0.03s Sys=0.03s Real=0.03s
[2023-01-04T13:55:13.587-0500][gc,start    ] GC(22) Pause Young (Normal) (G1 Evacuation Pause)
[2023-01-04T13:55:13.588-0500][gc,task     ] GC(22) Using 8 workers of 8 for evacuation
[2023-01-04T13:55:13.600-0500][gc,phases   ] GC(22)   Pre Evacuate Collection Set: 1.3ms
[2023-01-04T13:55:13.600-0500][gc,phases   ] GC(22)   Merge Heap Roots: 0.2ms
[2023-01-04T13:55:13.600-0500][gc,phases   ] GC(22)   Evacuate Collection Set: 9.9ms
[2023-01-04T13:55:13.600-0500][gc,phases   ] GC(22)   Post Evacuate Collection Set: 0.8ms
[2023-01-04T13:55:13.600-0500][gc,phases   ] GC(22)   Other: 0.3ms
[2023-01-04T13:55:13.600-0500][gc,heap     ] GC(22) Eden regions: 46->0(47)
[2023-01-04T13:55:13.600-0500][gc,heap     ] GC(22) Survivor regions: 5->4(7)
[2023-01-04T13:55:13.600-0500][gc,heap     ] GC(22) Old regions: 14->15
[2023-01-04T13:55:13.600-0500][gc,heap     ] GC(22) Archive regions: 2->2
[2023-01-04T13:55:13.601-0500][gc,heap     ] GC(22) Humongous regions: 129->129
[2023-01-04T13:55:13.601-0500][gc,metaspace] GC(22) Metaspace: 44020K(44608K)->44020K(44608K) NonClass: 38722K(39040K)->38722K(39040K) Class: 5298K(5568K)->5298K(5568K)
[2023-01-04T13:55:13.601-0500][gc          ] GC(22) Pause Young (Normal) (G1 Evacuation Pause) 194M->148M(1024M) 13.796ms
[2023-01-04T13:55:13.601-0500][gc,cpu      ] GC(22) User=0.02s Sys=0.02s Real=0.02s
[2023-01-04T13:59:26.736-0500][gc,start    ] GC(23) Pause Young (Normal) (G1 Evacuation Pause)
[2023-01-04T13:59:26.737-0500][gc,task     ] GC(23) Using 8 workers of 8 for evacuation
[2023-01-04T13:59:26.750-0500][gc,phases   ] GC(23)   Pre Evacuate Collection Set: 0.6ms
[2023-01-04T13:59:26.750-0500][gc,phases   ] GC(23)   Merge Heap Roots: 0.1ms
[2023-01-04T13:59:26.750-0500][gc,phases   ] GC(23)   Evacuate Collection Set: 9.2ms
[2023-01-04T13:59:26.750-0500][gc,phases   ] GC(23)   Post Evacuate Collection Set: 3.1ms
[2023-01-04T13:59:26.750-0500][gc,phases   ] GC(23)   Other: 0.2ms
[2023-01-04T13:59:26.750-0500][gc,heap     ] GC(23) Eden regions: 47->0(47)
[2023-01-04T13:59:26.750-0500][gc,heap     ] GC(23) Survivor regions: 4->4(7)
[2023-01-04T13:59:26.750-0500][gc,heap     ] GC(23) Old regions: 15->15
[2023-01-04T13:59:26.750-0500][gc,heap     ] GC(23) Archive regions: 2->2
[2023-01-04T13:59:26.750-0500][gc,heap     ] GC(23) Humongous regions: 129->129
[2023-01-04T13:59:26.750-0500][gc,metaspace] GC(23) Metaspace: 44080K(44672K)->44080K(44672K) NonClass: 38767K(39104K)->38767K(39104K) Class: 5313K(5568K)->5313K(5568K)
[2023-01-04T13:59:26.751-0500][gc          ] GC(23) Pause Young (Normal) (G1 Evacuation Pause) 195M->148M(1024M) 14.432ms
[2023-01-04T13:59:26.751-0500][gc,cpu      ] GC(23) User=0.02s Sys=0.01s Real=0.02s
[2023-01-04T14:03:43.697-0500][gc,start    ] GC(24) Pause Young (Normal) (G1 Evacuation Pause)
[2023-01-04T14:03:43.699-0500][gc,task     ] GC(24) Using 8 workers of 8 for evacuation
[2023-01-04T14:03:43.713-0500][gc,phases   ] GC(24)   Pre Evacuate Collection Set: 1.4ms
[2023-01-04T14:03:43.713-0500][gc,phases   ] GC(24)   Merge Heap Roots: 0.2ms
[2023-01-04T14:03:43.713-0500][gc,phases   ] GC(24)   Evacuate Collection Set: 11.0ms
[2023-01-04T14:03:43.713-0500][gc,phases   ] GC(24)   Post Evacuate Collection Set: 0.8ms
[2023-01-04T14:03:43.713-0500][gc,phases   ] GC(24)   Other: 1.2ms
[2023-01-04T14:03:43.713-0500][gc,heap     ] GC(24) Eden regions: 47->0(46)
[2023-01-04T14:03:43.713-0500][gc,heap     ] GC(24) Survivor regions: 4->5(7)
[2023-01-04T14:03:43.713-0500][gc,heap     ] GC(24) Old regions: 15->16
[2023-01-04T14:03:43.713-0500][gc,heap     ] GC(24) Archive regions: 2->2
[2023-01-04T14:03:43.713-0500][gc,heap     ] GC(24) Humongous regions: 129->129
[2023-01-04T14:03:43.713-0500][gc,metaspace] GC(24) Metaspace: 44090K(44672K)->44090K(44672K) NonClass: 38777K(39104K)->38777K(39104K) Class: 5313K(5568K)->5313K(5568K)
[2023-01-04T14:03:43.714-0500][gc          ] GC(24) Pause Young (Normal) (G1 Evacuation Pause) 195M->149M(1024M) 16.624ms
[2023-01-04T14:03:43.714-0500][gc,cpu      ] GC(24) User=0.02s Sys=0.02s Real=0.02s
[2023-01-04T14:07:56.658-0500][gc,start    ] GC(25) Pause Young (Normal) (G1 Evacuation Pause)
[2023-01-04T14:07:56.659-0500][gc,task     ] GC(25) Using 8 workers of 8 for evacuation
[2023-01-04T14:07:56.671-0500][gc,phases   ] GC(25)   Pre Evacuate Collection Set: 1.6ms
[2023-01-04T14:07:56.671-0500][gc,phases   ] GC(25)   Merge Heap Roots: 0.2ms
[2023-01-04T14:07:56.671-0500][gc,phases   ] GC(25)   Evacuate Collection Set: 8.6ms
[2023-01-04T14:07:56.671-0500][gc,phases   ] GC(25)   Post Evacuate Collection Set: 0.9ms
[2023-01-04T14:07:56.671-0500][gc,phases   ] GC(25)   Other: 0.5ms
[2023-01-04T14:07:56.671-0500][gc,heap     ] GC(25) Eden regions: 46->0(93)
[2023-01-04T14:07:56.671-0500][gc,heap     ] GC(25) Survivor regions: 5->4(7)
[2023-01-04T14:07:56.671-0500][gc,heap     ] GC(25) Old regions: 16->17
[2023-01-04T14:07:56.671-0500][gc,heap     ] GC(25) Archive regions: 2->2
[2023-01-04T14:07:56.671-0500][gc,heap     ] GC(25) Humongous regions: 129->129
[2023-01-04T14:07:56.671-0500][gc,metaspace] GC(25) Metaspace: 44092K(44672K)->44092K(44672K) NonClass: 38779K(39104K)->38779K(39104K) Class: 5313K(5568K)->5313K(5568K)
[2023-01-04T14:07:56.671-0500][gc          ] GC(25) Pause Young (Normal) (G1 Evacuation Pause) 195M->149M(1024M) 12.982ms
[2023-01-04T14:07:56.671-0500][gc,cpu      ] GC(25) User=0.02s Sys=0.01s Real=0.02s
[2023-01-04T14:16:07.706-0500][gc,start    ] GC(26) Pause Young (Normal) (G1 Evacuation Pause)
[2023-01-04T14:16:07.706-0500][gc,task     ] GC(26) Using 8 workers of 8 for evacuation
[2023-01-04T14:16:07.747-0500][gc,mmu      ] GC(26) MMU target violated: 21.0ms (20.0ms/21.0ms)
[2023-01-04T14:16:07.747-0500][gc,phases   ] GC(26)   Pre Evacuate Collection Set: 3.6ms
[2023-01-04T14:16:07.747-0500][gc,phases   ] GC(26)   Merge Heap Roots: 0.2ms
[2023-01-04T14:16:07.747-0500][gc,phases   ] GC(26)   Evacuate Collection Set: 35.5ms
[2023-01-04T14:16:07.747-0500][gc,phases   ] GC(26)   Post Evacuate Collection Set: 1.3ms
[2023-01-04T14:16:07.747-0500][gc,phases   ] GC(26)   Other: 0.2ms
[2023-01-04T14:16:07.747-0500][gc,heap     ] GC(26) Eden regions: 89->0(47)
[2023-01-04T14:16:07.747-0500][gc,heap     ] GC(26) Survivor regions: 4->4(12)
[2023-01-04T14:16:07.747-0500][gc,heap     ] GC(26) Old regions: 17->17
[2023-01-04T14:16:07.747-0500][gc,heap     ] GC(26) Archive regions: 2->2
[2023-01-04T14:16:07.747-0500][gc,heap     ] GC(26) Humongous regions: 129->129
[2023-01-04T14:16:07.747-0500][gc,metaspace] GC(26) Metaspace: 44096K(44672K)->44096K(44672K) NonClass: 38783K(39104K)->38783K(39104K) Class: 5313K(5568K)->5313K(5568K)
[2023-01-04T14:16:07.747-0500][gc          ] GC(26) Pause Young (Normal) (G1 Evacuation Pause) 238M->149M(1024M) 41.651ms
[2023-01-04T14:16:07.747-0500][gc,cpu      ] GC(26) User=0.03s Sys=0.05s Real=0.04s
[2023-01-04T14:20:27.113-0500][gc,start    ] GC(27) Pause Young (Normal) (G1 Evacuation Pause)
[2023-01-04T14:20:27.114-0500][gc,task     ] GC(27) Using 8 workers of 8 for evacuation
[2023-01-04T14:20:27.133-0500][gc,phases   ] GC(27)   Pre Evacuate Collection Set: 2.6ms
[2023-01-04T14:20:27.133-0500][gc,phases   ] GC(27)   Merge Heap Roots: 0.1ms
[2023-01-04T14:20:27.133-0500][gc,phases   ] GC(27)   Evacuate Collection Set: 14.1ms
[2023-01-04T14:20:27.133-0500][gc,phases   ] GC(27)   Post Evacuate Collection Set: 0.7ms
[2023-01-04T14:20:27.133-0500][gc,phases   ] GC(27)   Other: 1.0ms
[2023-01-04T14:20:27.133-0500][gc,heap     ] GC(27) Eden regions: 47->0(47)
[2023-01-04T14:20:27.133-0500][gc,heap     ] GC(27) Survivor regions: 4->4(7)
[2023-01-04T14:20:27.133-0500][gc,heap     ] GC(27) Old regions: 17->17
[2023-01-04T14:20:27.133-0500][gc,heap     ] GC(27) Archive regions: 2->2
[2023-01-04T14:20:27.133-0500][gc,heap     ] GC(27) Humongous regions: 129->129
[2023-01-04T14:20:27.133-0500][gc,metaspace] GC(27) Metaspace: 44147K(44736K)->44147K(44736K) NonClass: 38828K(39168K)->38828K(39168K) Class: 5318K(5568K)->5318K(5568K)
[2023-01-04T14:20:27.133-0500][gc          ] GC(27) Pause Young (Normal) (G1 Evacuation Pause) 196M->150M(1024M) 20.354ms
[2023-01-04T14:20:27.133-0500][gc,cpu      ] GC(27) User=0.02s Sys=0.04s Real=0.02s
[2023-01-04T14:24:47.465-0500][gc,start    ] GC(28) Pause Young (Normal) (G1 Evacuation Pause)
[2023-01-04T14:24:47.465-0500][gc,task     ] GC(28) Using 8 workers of 8 for evacuation
[2023-01-04T14:24:47.493-0500][gc,mmu      ] GC(28) MMU target violated: 21.0ms (20.0ms/21.0ms)
[2023-01-04T14:24:47.493-0500][gc,phases   ] GC(28)   Pre Evacuate Collection Set: 1.5ms
[2023-01-04T14:24:47.493-0500][gc,phases   ] GC(28)   Merge Heap Roots: 1.2ms
[2023-01-04T14:24:47.493-0500][gc,phases   ] GC(28)   Evacuate Collection Set: 23.3ms
[2023-01-04T14:24:47.493-0500][gc,phases   ] GC(28)   Post Evacuate Collection Set: 0.8ms
[2023-01-04T14:24:47.493-0500][gc,phases   ] GC(28)   Other: 0.9ms
[2023-01-04T14:24:47.493-0500][gc,heap     ] GC(28) Eden regions: 47->0(47)
[2023-01-04T14:24:47.493-0500][gc,heap     ] GC(28) Survivor regions: 4->4(7)
[2023-01-04T14:24:47.493-0500][gc,heap     ] GC(28) Old regions: 17->17
[2023-01-04T14:24:47.493-0500][gc,heap     ] GC(28) Archive regions: 2->2
[2023-01-04T14:24:47.493-0500][gc,heap     ] GC(28) Humongous regions: 129->129
[2023-01-04T14:24:47.493-0500][gc,metaspace] GC(28) Metaspace: 44152K(44736K)->44152K(44736K) NonClass: 38833K(39168K)->38833K(39168K) Class: 5318K(5568K)->5318K(5568K)
[2023-01-04T14:24:47.493-0500][gc          ] GC(28) Pause Young (Normal) (G1 Evacuation Pause) 197M->150M(1024M) 28.443ms
[2023-01-04T14:24:47.493-0500][gc,cpu      ] GC(28) User=0.02s Sys=0.05s Real=0.03s
[2023-01-04T14:28:45.208-0500][gc,start    ] GC(29) Pause Young (Normal) (G1 Evacuation Pause)
[2023-01-04T14:28:45.208-0500][gc,task     ] GC(29) Using 8 workers of 8 for evacuation
[2023-01-04T14:28:45.232-0500][gc,mmu      ] GC(29) MMU target violated: 21.0ms (20.0ms/21.0ms)
[2023-01-04T14:28:45.232-0500][gc,phases   ] GC(29)   Pre Evacuate Collection Set: 0.7ms
[2023-01-04T14:28:45.232-0500][gc,phases   ] GC(29)   Merge Heap Roots: 0.2ms
[2023-01-04T14:28:45.232-0500][gc,phases   ] GC(29)   Evacuate Collection Set: 21.8ms
[2023-01-04T14:28:45.232-0500][gc,phases   ] GC(29)   Post Evacuate Collection Set: 0.9ms
[2023-01-04T14:28:45.232-0500][gc,phases   ] GC(29)   Other: 0.3ms
[2023-01-04T14:28:45.232-0500][gc,heap     ] GC(29) Eden regions: 47->0(46)
[2023-01-04T14:28:45.232-0500][gc,heap     ] GC(29) Survivor regions: 4->5(7)
[2023-01-04T14:28:45.232-0500][gc,heap     ] GC(29) Old regions: 17->17
[2023-01-04T14:28:45.232-0500][gc,heap     ] GC(29) Archive regions: 2->2
[2023-01-04T14:28:45.232-0500][gc,heap     ] GC(29) Humongous regions: 129->129
[2023-01-04T14:28:45.232-0500][gc,metaspace] GC(29) Metaspace: 44154K(44736K)->44154K(44736K) NonClass: 38835K(39168K)->38835K(39168K) Class: 5318K(5568K)->5318K(5568K)
[2023-01-04T14:28:45.232-0500][gc          ] GC(29) Pause Young (Normal) (G1 Evacuation Pause) 197M->151M(1024M) 24.798ms
[2023-01-04T14:28:45.232-0500][gc,cpu      ] GC(29) User=0.02s Sys=0.02s Real=0.03s
[2023-01-04T14:32:59.854-0500][gc,start    ] GC(30) Pause Young (Normal) (G1 Evacuation Pause)
[2023-01-04T14:32:59.855-0500][gc,task     ] GC(30) Using 8 workers of 8 for evacuation
[2023-01-04T14:32:59.870-0500][gc,phases   ] GC(30)   Pre Evacuate Collection Set: 2.6ms
[2023-01-04T14:32:59.870-0500][gc,phases   ] GC(30)   Merge Heap Roots: 1.1ms
[2023-01-04T14:32:59.870-0500][gc,phases   ] GC(30)   Evacuate Collection Set: 10.6ms
[2023-01-04T14:32:59.870-0500][gc,phases   ] GC(30)   Post Evacuate Collection Set: 0.5ms
[2023-01-04T14:32:59.870-0500][gc,phases   ] GC(30)   Other: 0.2ms
[2023-01-04T14:32:59.870-0500][gc,heap     ] GC(30) Eden regions: 46->0(47)
[2023-01-04T14:32:59.870-0500][gc,heap     ] GC(30) Survivor regions: 5->4(7)
[2023-01-04T14:32:59.870-0500][gc,heap     ] GC(30) Old regions: 17->19
[2023-01-04T14:32:59.870-0500][gc,heap     ] GC(30) Archive regions: 2->2
[2023-01-04T14:32:59.870-0500][gc,heap     ] GC(30) Humongous regions: 129->129
[2023-01-04T14:32:59.870-0500][gc,metaspace] GC(30) Metaspace: 44154K(44736K)->44154K(44736K) NonClass: 38836K(39168K)->38836K(39168K) Class: 5318K(5568K)->5318K(5568K)
[2023-01-04T14:32:59.870-0500][gc          ] GC(30) Pause Young (Normal) (G1 Evacuation Pause) 197M->152M(1024M) 16.619ms
[2023-01-04T14:32:59.870-0500][gc,cpu      ] GC(30) User=0.02s Sys=0.03s Real=0.02s
[2023-01-04T14:37:20.313-0500][gc,start    ] GC(31) Pause Young (Normal) (G1 Evacuation Pause)
[2023-01-04T14:37:20.314-0500][gc,task     ] GC(31) Using 8 workers of 8 for evacuation
[2023-01-04T14:37:20.340-0500][gc,mmu      ] GC(31) MMU target violated: 21.0ms (20.0ms/21.0ms)
[2023-01-04T14:37:20.340-0500][gc,phases   ] GC(31)   Pre Evacuate Collection Set: 1.4ms
[2023-01-04T14:37:20.340-0500][gc,phases   ] GC(31)   Merge Heap Roots: 0.2ms
[2023-01-04T14:37:20.340-0500][gc,phases   ] GC(31)   Evacuate Collection Set: 23.2ms
[2023-01-04T14:37:20.340-0500][gc,phases   ] GC(31)   Post Evacuate Collection Set: 0.5ms
[2023-01-04T14:37:20.340-0500][gc,phases   ] GC(31)   Other: 1.0ms
[2023-01-04T14:37:20.340-0500][gc,heap     ] GC(31) Eden regions: 47->0(47)
[2023-01-04T14:37:20.340-0500][gc,heap     ] GC(31) Survivor regions: 4->4(7)
[2023-01-04T14:37:20.340-0500][gc,heap     ] GC(31) Old regions: 19->19
[2023-01-04T14:37:20.340-0500][gc,heap     ] GC(31) Archive regions: 2->2
[2023-01-04T14:37:20.340-0500][gc,heap     ] GC(31) Humongous regions: 129->129
[2023-01-04T14:37:20.340-0500][gc,metaspace] GC(31) Metaspace: 44159K(44736K)->44159K(44736K) NonClass: 38840K(39168K)->38840K(39168K) Class: 5318K(5568K)->5318K(5568K)
[2023-01-04T14:37:20.340-0500][gc          ] GC(31) Pause Young (Normal) (G1 Evacuation Pause) 199M->151M(1024M) 27.072ms
[2023-01-04T14:37:20.340-0500][gc,cpu      ] GC(31) User=0.02s Sys=0.03s Real=0.03s
[2023-01-04T14:38:40.785-0500][gc,heap,exit] Heap
[2023-01-04T14:38:40.785-0500][gc,heap,exit]  garbage-first heap   total 1048576K, used 180302K [0x00000007c0000000, 0x0000000800000000)
[2023-01-04T14:38:40.785-0500][gc,heap,exit]   region size 1024K, 29 young (29696K), 4 survivors (4096K)
[2023-01-04T14:38:40.785-0500][gc,heap,exit]  Metaspace       used 44796K, committed 45504K, reserved 1114112K
[2023-01-04T14:38:40.785-0500][gc,heap,exit]   class space    used 5476K, committed 5824K, reserved 1048576K
