[2023-01-08T16:34:40.664-0500][gc,init] CardTable entry size: 512
[2023-01-08T16:34:40.664-0500][gc     ] Using G1
[2023-01-08T16:34:40.665-0500][gc,init] Version: 19.0.1+10-21 (release)
[2023-01-08T16:34:40.665-0500][gc,init] CPUs: 8 total, 8 available
[2023-01-08T16:34:40.665-0500][gc,init] Memory: 16384M
[2023-01-08T16:34:40.665-0500][gc,init] Large Page Support: Disabled
[2023-01-08T16:34:40.665-0500][gc,init] NUMA Support: Disabled
[2023-01-08T16:34:40.665-0500][gc,init] Compressed Oops: Enabled (Zero based)
[2023-01-08T16:34:40.665-0500][gc,init] Heap Region Size: 1M
[2023-01-08T16:34:40.665-0500][gc,init] Heap Min Capacity: 1G
[2023-01-08T16:34:40.665-0500][gc,init] Heap Initial Capacity: 1G
[2023-01-08T16:34:40.665-0500][gc,init] Heap Max Capacity: 1G
[2023-01-08T16:34:40.665-0500][gc,init] Pre-touch: Disabled
[2023-01-08T16:34:40.665-0500][gc,init] Parallel Workers: 8
[2023-01-08T16:34:40.665-0500][gc,init] Concurrent Workers: 2
[2023-01-08T16:34:40.665-0500][gc,init] Concurrent Refinement Workers: 8
[2023-01-08T16:34:40.665-0500][gc,init] Periodic GC: Disabled
[2023-01-08T16:34:40.665-0500][gc,metaspace] CDS archive(s) mapped at: [0x0000000800000000-0x0000000800c44000-0x0000000800c44000), size 12861440, SharedBaseAddress: 0x0000000800000000, ArchiveRelocationMode: 0.
[2023-01-08T16:34:40.665-0500][gc,metaspace] Compressed class space mapped at: 0x0000000801000000-0x0000000841000000, reserved size: 1073741824
[2023-01-08T16:34:40.665-0500][gc,metaspace] Narrow klass base: 0x0000000800000000, Narrow klass shift: 0, Narrow klass range: 0x100000000
[2023-01-08T16:34:41.530-0500][gc,start    ] GC(0) Pause Young (Normal) (G1 Evacuation Pause)
[2023-01-08T16:34:41.530-0500][gc,task     ] GC(0) Using 8 workers of 8 for evacuation
[2023-01-08T16:34:41.533-0500][gc,phases   ] GC(0)   Pre Evacuate Collection Set: 0.1ms
[2023-01-08T16:34:41.533-0500][gc,phases   ] GC(0)   Merge Heap Roots: 0.0ms
[2023-01-08T16:34:41.533-0500][gc,phases   ] GC(0)   Evacuate Collection Set: 1.9ms
[2023-01-08T16:34:41.533-0500][gc,phases   ] GC(0)   Post Evacuate Collection Set: 0.4ms
[2023-01-08T16:34:41.533-0500][gc,phases   ] GC(0)   Other: 0.2ms
[2023-01-08T16:34:41.533-0500][gc,heap     ] GC(0) Eden regions: 51->0(44)
[2023-01-08T16:34:41.533-0500][gc,heap     ] GC(0) Survivor regions: 0->7(7)
[2023-01-08T16:34:41.533-0500][gc,heap     ] GC(0) Old regions: 0->1
[2023-01-08T16:34:41.533-0500][gc,heap     ] GC(0) Archive regions: 2->2
[2023-01-08T16:34:41.533-0500][gc,heap     ] GC(0) Humongous regions: 0->0
[2023-01-08T16:34:41.533-0500][gc,metaspace] GC(0) Metaspace: 18969K(19200K)->18969K(19200K) NonClass: 16595K(16704K)->16595K(16704K) Class: 2374K(2496K)->2374K(2496K)
[2023-01-08T16:34:41.533-0500][gc          ] GC(0) Pause Young (Normal) (G1 Evacuation Pause) 51M->8M(1024M) 2.745ms
[2023-01-08T16:34:41.533-0500][gc,cpu      ] GC(0) User=0.01s Sys=0.00s Real=0.00s
[2023-01-08T16:34:41.618-0500][gc,start    ] GC(1) Pause Young (Concurrent Start) (Metadata GC Threshold)
[2023-01-08T16:34:41.618-0500][gc,task     ] GC(1) Using 8 workers of 8 for evacuation
[2023-01-08T16:34:41.621-0500][gc,phases   ] GC(1)   Pre Evacuate Collection Set: 0.1ms
[2023-01-08T16:34:41.621-0500][gc,phases   ] GC(1)   Merge Heap Roots: 0.0ms
[2023-01-08T16:34:41.621-0500][gc,phases   ] GC(1)   Evacuate Collection Set: 2.8ms
[2023-01-08T16:34:41.621-0500][gc,phases   ] GC(1)   Post Evacuate Collection Set: 0.2ms
[2023-01-08T16:34:41.621-0500][gc,phases   ] GC(1)   Other: 0.0ms
[2023-01-08T16:34:41.621-0500][gc,heap     ] GC(1) Eden regions: 10->0(49)
[2023-01-08T16:34:41.621-0500][gc,heap     ] GC(1) Survivor regions: 7->2(7)
[2023-01-08T16:34:41.621-0500][gc,heap     ] GC(1) Old regions: 1->8
[2023-01-08T16:34:41.621-0500][gc,heap     ] GC(1) Archive regions: 2->2
[2023-01-08T16:34:41.621-0500][gc,heap     ] GC(1) Humongous regions: 0->0
[2023-01-08T16:34:41.621-0500][gc,metaspace] GC(1) Metaspace: 21327K(21504K)->21327K(21504K) NonClass: 18624K(18688K)->18624K(18688K) Class: 2702K(2816K)->2702K(2816K)
[2023-01-08T16:34:41.621-0500][gc          ] GC(1) Pause Young (Concurrent Start) (Metadata GC Threshold) 17M->9M(1024M) 3.292ms
[2023-01-08T16:34:41.621-0500][gc          ] GC(2) Concurrent Mark Cycle
[2023-01-08T16:34:41.621-0500][gc,cpu      ] GC(1) User=0.01s Sys=0.00s Real=0.01s
[2023-01-08T16:34:41.621-0500][gc,marking  ] GC(2) Concurrent Clear Claimed Marks
[2023-01-08T16:34:41.621-0500][gc,marking  ] GC(2) Concurrent Clear Claimed Marks 0.018ms
[2023-01-08T16:34:41.621-0500][gc,marking  ] GC(2) Concurrent Scan Root Regions
[2023-01-08T16:34:41.622-0500][gc,marking  ] GC(2) Concurrent Scan Root Regions 1.230ms
[2023-01-08T16:34:41.622-0500][gc,marking  ] GC(2) Concurrent Mark
[2023-01-08T16:34:41.622-0500][gc,marking  ] GC(2) Concurrent Mark From Roots
[2023-01-08T16:34:41.622-0500][gc,task     ] GC(2) Using 2 workers of 2 for marking
[2023-01-08T16:34:41.623-0500][gc,marking  ] GC(2) Concurrent Mark From Roots 0.377ms
[2023-01-08T16:34:41.623-0500][gc,marking  ] GC(2) Concurrent Preclean
[2023-01-08T16:34:41.623-0500][gc,marking  ] GC(2) Concurrent Preclean 0.006ms
[2023-01-08T16:34:41.623-0500][gc,start    ] GC(2) Pause Remark
[2023-01-08T16:34:41.624-0500][gc          ] GC(2) Pause Remark 9M->9M(1024M) 1.061ms
[2023-01-08T16:34:41.624-0500][gc,cpu      ] GC(2) User=0.00s Sys=0.00s Real=0.00s
[2023-01-08T16:34:41.624-0500][gc,marking  ] GC(2) Concurrent Mark 1.628ms
[2023-01-08T16:34:41.624-0500][gc,marking  ] GC(2) Concurrent Rebuild Remembered Sets
[2023-01-08T16:34:41.626-0500][gc,marking  ] GC(2) Concurrent Rebuild Remembered Sets 1.482ms
[2023-01-08T16:34:41.626-0500][gc,start    ] GC(2) Pause Cleanup
[2023-01-08T16:34:41.626-0500][gc          ] GC(2) Pause Cleanup 9M->9M(1024M) 0.095ms
[2023-01-08T16:34:41.626-0500][gc,cpu      ] GC(2) User=0.00s Sys=0.00s Real=0.00s
[2023-01-08T16:34:41.626-0500][gc,marking  ] GC(2) Concurrent Cleanup for Next Mark
[2023-01-08T16:34:41.628-0500][gc,marking  ] GC(2) Concurrent Cleanup for Next Mark 1.793ms
[2023-01-08T16:34:41.628-0500][gc          ] GC(2) Concurrent Mark Cycle 6.441ms
[2023-01-08T16:34:43.168-0500][gc,start    ] GC(3) Pause Young (Normal) (G1 Evacuation Pause)
[2023-01-08T16:34:43.168-0500][gc,task     ] GC(3) Using 8 workers of 8 for evacuation
[2023-01-08T16:34:43.170-0500][gc,phases   ] GC(3)   Pre Evacuate Collection Set: 0.1ms
[2023-01-08T16:34:43.170-0500][gc,phases   ] GC(3)   Merge Heap Roots: 0.0ms
[2023-01-08T16:34:43.170-0500][gc,phases   ] GC(3)   Evacuate Collection Set: 1.6ms
[2023-01-08T16:34:43.170-0500][gc,phases   ] GC(3)   Post Evacuate Collection Set: 0.3ms
[2023-01-08T16:34:43.170-0500][gc,phases   ] GC(3)   Other: 0.0ms
[2023-01-08T16:34:43.170-0500][gc,heap     ] GC(3) Eden regions: 49->0(46)
[2023-01-08T16:34:43.170-0500][gc,heap     ] GC(3) Survivor regions: 2->5(7)
[2023-01-08T16:34:43.170-0500][gc,heap     ] GC(3) Old regions: 8->8
[2023-01-08T16:34:43.170-0500][gc,heap     ] GC(3) Archive regions: 2->2
[2023-01-08T16:34:43.170-0500][gc,heap     ] GC(3) Humongous regions: 129->129
[2023-01-08T16:34:43.170-0500][gc,metaspace] GC(3) Metaspace: 31159K(31488K)->31159K(31488K) NonClass: 27433K(27648K)->27433K(27648K) Class: 3725K(3840K)->3725K(3840K)
[2023-01-08T16:34:43.170-0500][gc          ] GC(3) Pause Young (Normal) (G1 Evacuation Pause) 187M->141M(1024M) 2.220ms
[2023-01-08T16:34:43.170-0500][gc,cpu      ] GC(3) User=0.02s Sys=0.01s Real=0.01s
[2023-01-08T16:34:43.336-0500][gc,start    ] GC(4) Pause Young (Concurrent Start) (Metadata GC Threshold)
[2023-01-08T16:34:43.336-0500][gc,task     ] GC(4) Using 8 workers of 8 for evacuation
[2023-01-08T16:34:43.338-0500][gc,phases   ] GC(4)   Pre Evacuate Collection Set: 0.1ms
[2023-01-08T16:34:43.338-0500][gc,phases   ] GC(4)   Merge Heap Roots: 0.0ms
[2023-01-08T16:34:43.338-0500][gc,phases   ] GC(4)   Evacuate Collection Set: 2.1ms
[2023-01-08T16:34:43.338-0500][gc,phases   ] GC(4)   Post Evacuate Collection Set: 0.3ms
[2023-01-08T16:34:43.338-0500][gc,phases   ] GC(4)   Other: 0.0ms
[2023-01-08T16:34:43.338-0500][gc,heap     ] GC(4) Eden regions: 17->0(49)
[2023-01-08T16:34:43.338-0500][gc,heap     ] GC(4) Survivor regions: 5->2(7)
[2023-01-08T16:34:43.338-0500][gc,heap     ] GC(4) Old regions: 8->12
[2023-01-08T16:34:43.338-0500][gc,heap     ] GC(4) Archive regions: 2->2
[2023-01-08T16:34:43.338-0500][gc,heap     ] GC(4) Humongous regions: 129->129
[2023-01-08T16:34:43.338-0500][gc,metaspace] GC(4) Metaspace: 35635K(35968K)->35635K(35968K) NonClass: 31497K(31680K)->31497K(31680K) Class: 4137K(4288K)->4137K(4288K)
[2023-01-08T16:34:43.338-0500][gc          ] GC(4) Pause Young (Concurrent Start) (Metadata GC Threshold) 158M->143M(1024M) 2.852ms
[2023-01-08T16:34:43.338-0500][gc,cpu      ] GC(4) User=0.02s Sys=0.00s Real=0.00s
[2023-01-08T16:34:43.338-0500][gc          ] GC(5) Concurrent Mark Cycle
[2023-01-08T16:34:43.338-0500][gc,marking  ] GC(5) Concurrent Clear Claimed Marks
[2023-01-08T16:34:43.339-0500][gc,marking  ] GC(5) Concurrent Clear Claimed Marks 0.028ms
[2023-01-08T16:34:43.339-0500][gc,marking  ] GC(5) Concurrent Scan Root Regions
[2023-01-08T16:34:43.340-0500][gc,marking  ] GC(5) Concurrent Scan Root Regions 1.520ms
[2023-01-08T16:34:43.340-0500][gc,marking  ] GC(5) Concurrent Mark
[2023-01-08T16:34:43.340-0500][gc,marking  ] GC(5) Concurrent Mark From Roots
[2023-01-08T16:34:43.340-0500][gc,task     ] GC(5) Using 2 workers of 2 for marking
[2023-01-08T16:34:43.344-0500][gc,marking  ] GC(5) Concurrent Mark From Roots 3.547ms
[2023-01-08T16:34:43.344-0500][gc,marking  ] GC(5) Concurrent Preclean
[2023-01-08T16:34:43.344-0500][gc,marking  ] GC(5) Concurrent Preclean 0.123ms
[2023-01-08T16:34:43.344-0500][gc,start    ] GC(5) Pause Remark
[2023-01-08T16:34:43.345-0500][gc          ] GC(5) Pause Remark 144M->144M(1024M) 1.346ms
[2023-01-08T16:34:43.345-0500][gc,cpu      ] GC(5) User=0.01s Sys=0.00s Real=0.00s
[2023-01-08T16:34:43.345-0500][gc,marking  ] GC(5) Concurrent Mark 5.416ms
[2023-01-08T16:34:43.346-0500][gc,marking  ] GC(5) Concurrent Rebuild Remembered Sets
[2023-01-08T16:34:43.348-0500][gc,marking  ] GC(5) Concurrent Rebuild Remembered Sets 2.685ms
[2023-01-08T16:34:43.348-0500][gc,start    ] GC(5) Pause Cleanup
[2023-01-08T16:34:43.348-0500][gc          ] GC(5) Pause Cleanup 144M->144M(1024M) 0.112ms
[2023-01-08T16:34:43.348-0500][gc,cpu      ] GC(5) User=0.00s Sys=0.00s Real=0.00s
[2023-01-08T16:34:43.348-0500][gc,marking  ] GC(5) Concurrent Cleanup for Next Mark
[2023-01-08T16:34:43.350-0500][gc,marking  ] GC(5) Concurrent Cleanup for Next Mark 1.468ms
[2023-01-08T16:34:43.350-0500][gc          ] GC(5) Concurrent Mark Cycle 11.506ms
[2023-01-08T16:53:28.539-0500][gc,start    ] GC(6) Pause Young (Normal) (G1 Evacuation Pause)
[2023-01-08T16:53:28.541-0500][gc,task     ] GC(6) Using 8 workers of 8 for evacuation
[2023-01-08T16:53:28.553-0500][gc,phases   ] GC(6)   Pre Evacuate Collection Set: 0.4ms
[2023-01-08T16:53:28.553-0500][gc,phases   ] GC(6)   Merge Heap Roots: 0.2ms
[2023-01-08T16:53:28.553-0500][gc,phases   ] GC(6)   Evacuate Collection Set: 11.0ms
[2023-01-08T16:53:28.553-0500][gc,phases   ] GC(6)   Post Evacuate Collection Set: 0.6ms
[2023-01-08T16:53:28.553-0500][gc,phases   ] GC(6)   Other: 0.2ms
[2023-01-08T16:53:28.553-0500][gc,heap     ] GC(6) Eden regions: 49->0(48)
[2023-01-08T16:53:28.553-0500][gc,heap     ] GC(6) Survivor regions: 2->3(7)
[2023-01-08T16:53:28.553-0500][gc,heap     ] GC(6) Old regions: 12->12
[2023-01-08T16:53:28.553-0500][gc,heap     ] GC(6) Archive regions: 2->2
[2023-01-08T16:53:28.553-0500][gc,heap     ] GC(6) Humongous regions: 135->129
[2023-01-08T16:53:28.553-0500][gc,metaspace] GC(6) Metaspace: 39982K(40576K)->39982K(40576K) NonClass: 35138K(35456K)->35138K(35456K) Class: 4844K(5120K)->4844K(5120K)
[2023-01-08T16:53:28.553-0500][gc          ] GC(6) Pause Young (Normal) (G1 Evacuation Pause) 198M->144M(1024M) 13.999ms
[2023-01-08T16:53:28.553-0500][gc,cpu      ] GC(6) User=0.02s Sys=0.02s Real=0.02s
[2023-01-08T18:17:31.583-0500][gc,start    ] GC(7) Pause Young (Normal) (G1 Evacuation Pause)
[2023-01-08T18:17:31.584-0500][gc,task     ] GC(7) Using 8 workers of 8 for evacuation
[2023-01-08T18:17:31.594-0500][gc,phases   ] GC(7)   Pre Evacuate Collection Set: 0.5ms
[2023-01-08T18:17:31.594-0500][gc,phases   ] GC(7)   Merge Heap Roots: 0.1ms
[2023-01-08T18:17:31.594-0500][gc,phases   ] GC(7)   Evacuate Collection Set: 8.7ms
[2023-01-08T18:17:31.594-0500][gc,phases   ] GC(7)   Post Evacuate Collection Set: 0.6ms
[2023-01-08T18:17:31.594-0500][gc,phases   ] GC(7)   Other: 0.2ms
[2023-01-08T18:17:31.594-0500][gc,heap     ] GC(7) Eden regions: 48->0(48)
[2023-01-08T18:17:31.594-0500][gc,heap     ] GC(7) Survivor regions: 3->3(7)
[2023-01-08T18:17:31.594-0500][gc,heap     ] GC(7) Old regions: 12->12
[2023-01-08T18:17:31.594-0500][gc,heap     ] GC(7) Archive regions: 2->2
[2023-01-08T18:17:31.594-0500][gc,heap     ] GC(7) Humongous regions: 129->129
[2023-01-08T18:17:31.594-0500][gc,metaspace] GC(7) Metaspace: 40152K(40704K)->40152K(40704K) NonClass: 35308K(35584K)->35308K(35584K) Class: 4844K(5120K)->4844K(5120K)
[2023-01-08T18:17:31.594-0500][gc          ] GC(7) Pause Young (Normal) (G1 Evacuation Pause) 192M->144M(1024M) 11.202ms
[2023-01-08T18:17:31.594-0500][gc,cpu      ] GC(7) User=0.01s Sys=0.01s Real=0.01s
[2023-01-08T18:58:28.202-0500][gc,start    ] GC(8) Pause Young (Normal) (G1 Evacuation Pause)
[2023-01-08T18:58:28.204-0500][gc,task     ] GC(8) Using 8 workers of 8 for evacuation
[2023-01-08T18:58:28.215-0500][gc,phases   ] GC(8)   Pre Evacuate Collection Set: 0.7ms
[2023-01-08T18:58:28.215-0500][gc,phases   ] GC(8)   Merge Heap Roots: 0.2ms
[2023-01-08T18:58:28.215-0500][gc,phases   ] GC(8)   Evacuate Collection Set: 8.9ms
[2023-01-08T18:58:28.215-0500][gc,phases   ] GC(8)   Post Evacuate Collection Set: 0.8ms
[2023-01-08T18:58:28.215-0500][gc,phases   ] GC(8)   Other: 0.3ms
[2023-01-08T18:58:28.215-0500][gc,heap     ] GC(8) Eden regions: 48->0(48)
[2023-01-08T18:58:28.215-0500][gc,heap     ] GC(8) Survivor regions: 3->3(7)
[2023-01-08T18:58:28.215-0500][gc,heap     ] GC(8) Old regions: 12->12
[2023-01-08T18:58:28.215-0500][gc,heap     ] GC(8) Archive regions: 2->2
[2023-01-08T18:58:28.215-0500][gc,heap     ] GC(8) Humongous regions: 129->129
[2023-01-08T18:58:28.215-0500][gc,metaspace] GC(8) Metaspace: 40245K(40768K)->40245K(40768K) NonClass: 35397K(35648K)->35397K(35648K) Class: 4847K(5120K)->4847K(5120K)
[2023-01-08T18:58:28.215-0500][gc          ] GC(8) Pause Young (Normal) (G1 Evacuation Pause) 192M->144M(1024M) 12.656ms
[2023-01-08T18:58:28.215-0500][gc,cpu      ] GC(8) User=0.02s Sys=0.01s Real=0.01s
[2023-01-08T19:39:22.627-0500][gc,start    ] GC(9) Pause Young (Normal) (G1 Evacuation Pause)
[2023-01-08T19:39:22.628-0500][gc,task     ] GC(9) Using 8 workers of 8 for evacuation
[2023-01-08T19:39:22.644-0500][gc,phases   ] GC(9)   Pre Evacuate Collection Set: 1.3ms
[2023-01-08T19:39:22.644-0500][gc,phases   ] GC(9)   Merge Heap Roots: 0.2ms
[2023-01-08T19:39:22.644-0500][gc,phases   ] GC(9)   Evacuate Collection Set: 12.9ms
[2023-01-08T19:39:22.644-0500][gc,phases   ] GC(9)   Post Evacuate Collection Set: 0.9ms
[2023-01-08T19:39:22.644-0500][gc,phases   ] GC(9)   Other: 0.4ms
[2023-01-08T19:39:22.644-0500][gc,heap     ] GC(9) Eden regions: 48->0(47)
[2023-01-08T19:39:22.644-0500][gc,heap     ] GC(9) Survivor regions: 3->4(7)
[2023-01-08T19:39:22.644-0500][gc,heap     ] GC(9) Old regions: 12->12
[2023-01-08T19:39:22.644-0500][gc,heap     ] GC(9) Archive regions: 2->2
[2023-01-08T19:39:22.644-0500][gc,heap     ] GC(9) Humongous regions: 129->129
[2023-01-08T19:39:22.644-0500][gc,metaspace] GC(9) Metaspace: 40278K(40896K)->40278K(40896K) NonClass: 35430K(35776K)->35430K(35776K) Class: 4847K(5120K)->4847K(5120K)
[2023-01-08T19:39:22.644-0500][gc          ] GC(9) Pause Young (Normal) (G1 Evacuation Pause) 192M->144M(1024M) 17.673ms
[2023-01-08T19:39:22.644-0500][gc,cpu      ] GC(9) User=0.02s Sys=0.03s Real=0.02s
[2023-01-08T20:19:48.128-0500][gc,start    ] GC(10) Pause Young (Normal) (G1 Evacuation Pause)
[2023-01-08T20:19:48.129-0500][gc,task     ] GC(10) Using 8 workers of 8 for evacuation
[2023-01-08T20:19:48.141-0500][gc,phases   ] GC(10)   Pre Evacuate Collection Set: 0.5ms
[2023-01-08T20:19:48.141-0500][gc,phases   ] GC(10)   Merge Heap Roots: 0.1ms
[2023-01-08T20:19:48.141-0500][gc,phases   ] GC(10)   Evacuate Collection Set: 10.7ms
[2023-01-08T20:19:48.141-0500][gc,phases   ] GC(10)   Post Evacuate Collection Set: 0.9ms
[2023-01-08T20:19:48.141-0500][gc,phases   ] GC(10)   Other: 0.2ms
[2023-01-08T20:19:48.141-0500][gc,heap     ] GC(10) Eden regions: 47->0(64)
[2023-01-08T20:19:48.141-0500][gc,heap     ] GC(10) Survivor regions: 4->4(7)
[2023-01-08T20:19:48.141-0500][gc,heap     ] GC(10) Old regions: 12->12
[2023-01-08T20:19:48.141-0500][gc,heap     ] GC(10) Archive regions: 2->2
[2023-01-08T20:19:48.141-0500][gc,heap     ] GC(10) Humongous regions: 129->129
[2023-01-08T20:19:48.141-0500][gc,metaspace] GC(10) Metaspace: 40292K(40896K)->40292K(40896K) NonClass: 35444K(35776K)->35444K(35776K) Class: 4848K(5120K)->4848K(5120K)
[2023-01-08T20:19:48.141-0500][gc          ] GC(10) Pause Young (Normal) (G1 Evacuation Pause) 191M->144M(1024M) 13.919ms
[2023-01-08T20:19:48.141-0500][gc,cpu      ] GC(10) User=0.01s Sys=0.01s Real=0.02s
[2023-01-08T21:14:57.967-0500][gc,start    ] GC(11) Pause Young (Normal) (G1 Evacuation Pause)
[2023-01-08T21:14:57.969-0500][gc,task     ] GC(11) Using 8 workers of 8 for evacuation
[2023-01-08T21:14:57.982-0500][gc,phases   ] GC(11)   Pre Evacuate Collection Set: 1.4ms
[2023-01-08T21:14:57.982-0500][gc,phases   ] GC(11)   Merge Heap Roots: 0.2ms
[2023-01-08T21:14:57.982-0500][gc,phases   ] GC(11)   Evacuate Collection Set: 10.5ms
[2023-01-08T21:14:57.982-0500][gc,phases   ] GC(11)   Post Evacuate Collection Set: 1.0ms
[2023-01-08T21:14:57.982-0500][gc,phases   ] GC(11)   Other: 0.5ms
[2023-01-08T21:14:57.982-0500][gc,heap     ] GC(11) Eden regions: 64->0(481)
[2023-01-08T21:14:57.982-0500][gc,heap     ] GC(11) Survivor regions: 4->3(9)
[2023-01-08T21:14:57.982-0500][gc,heap     ] GC(11) Old regions: 12->12
[2023-01-08T21:14:57.982-0500][gc,heap     ] GC(11) Archive regions: 2->2
[2023-01-08T21:14:57.982-0500][gc,heap     ] GC(11) Humongous regions: 129->129
[2023-01-08T21:14:57.982-0500][gc,metaspace] GC(11) Metaspace: 40295K(40896K)->40295K(40896K) NonClass: 35447K(35776K)->35447K(35776K) Class: 4848K(5120K)->4848K(5120K)
[2023-01-08T21:14:57.982-0500][gc          ] GC(11) Pause Young (Normal) (G1 Evacuation Pause) 208M->144M(1024M) 15.506ms
[2023-01-08T21:14:57.982-0500][gc,cpu      ] GC(11) User=0.02s Sys=0.02s Real=0.02s
[2023-01-09T06:27:05.822-0500][gc,heap,exit] Heap
[2023-01-09T06:27:05.822-0500][gc,heap,exit]  garbage-first heap   total 1048576K, used 406687K [0x00000007c0000000, 0x0000000800000000)
[2023-01-09T06:27:05.823-0500][gc,heap,exit]   region size 1024K, 256 young (262144K), 3 survivors (3072K)
[2023-01-09T06:27:05.823-0500][gc,heap,exit]  Metaspace       used 40488K, committed 41024K, reserved 1114112K
[2023-01-09T06:27:05.823-0500][gc,heap,exit]   class space    used 4877K, committed 5120K, reserved 1048576K
