[2023-01-08T16:33:05.436-0500][gc,init] CardTable entry size: 512
[2023-01-08T16:33:05.436-0500][gc     ] Using G1
[2023-01-08T16:33:05.437-0500][gc,init] Version: 19.0.1+10-21 (release)
[2023-01-08T16:33:05.437-0500][gc,init] CPUs: 8 total, 8 available
[2023-01-08T16:33:05.437-0500][gc,init] Memory: 16384M
[2023-01-08T16:33:05.437-0500][gc,init] Large Page Support: Disabled
[2023-01-08T16:33:05.437-0500][gc,init] NUMA Support: Disabled
[2023-01-08T16:33:05.437-0500][gc,init] Compressed Oops: Enabled (Zero based)
[2023-01-08T16:33:05.437-0500][gc,init] Heap Region Size: 1M
[2023-01-08T16:33:05.437-0500][gc,init] Heap Min Capacity: 1G
[2023-01-08T16:33:05.437-0500][gc,init] Heap Initial Capacity: 1G
[2023-01-08T16:33:05.437-0500][gc,init] Heap Max Capacity: 1G
[2023-01-08T16:33:05.437-0500][gc,init] Pre-touch: Disabled
[2023-01-08T16:33:05.437-0500][gc,init] Parallel Workers: 8
[2023-01-08T16:33:05.437-0500][gc,init] Concurrent Workers: 2
[2023-01-08T16:33:05.437-0500][gc,init] Concurrent Refinement Workers: 8
[2023-01-08T16:33:05.437-0500][gc,init] Periodic GC: Disabled
[2023-01-08T16:33:05.437-0500][gc,metaspace] CDS archive(s) mapped at: [0x0000000800000000-0x0000000800c44000-0x0000000800c44000), size 12861440, SharedBaseAddress: 0x0000000800000000, ArchiveRelocationMode: 0.
[2023-01-08T16:33:05.437-0500][gc,metaspace] Compressed class space mapped at: 0x0000000801000000-0x0000000841000000, reserved size: 1073741824
[2023-01-08T16:33:05.437-0500][gc,metaspace] Narrow klass base: 0x0000000800000000, Narrow klass shift: 0, Narrow klass range: 0x100000000
[2023-01-08T16:33:06.334-0500][gc,start    ] GC(0) Pause Young (Normal) (G1 Evacuation Pause)
[2023-01-08T16:33:06.335-0500][gc,task     ] GC(0) Using 8 workers of 8 for evacuation
[2023-01-08T16:33:06.337-0500][gc,phases   ] GC(0)   Pre Evacuate Collection Set: 0.1ms
[2023-01-08T16:33:06.337-0500][gc,phases   ] GC(0)   Merge Heap Roots: 0.0ms
[2023-01-08T16:33:06.337-0500][gc,phases   ] GC(0)   Evacuate Collection Set: 2.2ms
[2023-01-08T16:33:06.337-0500][gc,phases   ] GC(0)   Post Evacuate Collection Set: 0.2ms
[2023-01-08T16:33:06.337-0500][gc,phases   ] GC(0)   Other: 0.2ms
[2023-01-08T16:33:06.337-0500][gc,heap     ] GC(0) Eden regions: 51->0(44)
[2023-01-08T16:33:06.337-0500][gc,heap     ] GC(0) Survivor regions: 0->7(7)
[2023-01-08T16:33:06.337-0500][gc,heap     ] GC(0) Old regions: 0->1
[2023-01-08T16:33:06.337-0500][gc,heap     ] GC(0) Archive regions: 2->2
[2023-01-08T16:33:06.337-0500][gc,heap     ] GC(0) Humongous regions: 0->0
[2023-01-08T16:33:06.337-0500][gc,metaspace] GC(0) Metaspace: 18976K(19200K)->18976K(19200K) NonClass: 16601K(16704K)->16601K(16704K) Class: 2374K(2496K)->2374K(2496K)
[2023-01-08T16:33:06.337-0500][gc          ] GC(0) Pause Young (Normal) (G1 Evacuation Pause) 51M->8M(1024M) 2.859ms
[2023-01-08T16:33:06.337-0500][gc,cpu      ] GC(0) User=0.02s Sys=0.00s Real=0.00s
[2023-01-08T16:33:06.462-0500][gc,start    ] GC(1) Pause Young (Concurrent Start) (Metadata GC Threshold)
[2023-01-08T16:33:06.462-0500][gc,task     ] GC(1) Using 8 workers of 8 for evacuation
[2023-01-08T16:33:06.466-0500][gc,phases   ] GC(1)   Pre Evacuate Collection Set: 0.2ms
[2023-01-08T16:33:06.466-0500][gc,phases   ] GC(1)   Merge Heap Roots: 0.0ms
[2023-01-08T16:33:06.466-0500][gc,phases   ] GC(1)   Evacuate Collection Set: 3.7ms
[2023-01-08T16:33:06.466-0500][gc,phases   ] GC(1)   Post Evacuate Collection Set: 0.4ms
[2023-01-08T16:33:06.466-0500][gc,phases   ] GC(1)   Other: 0.0ms
[2023-01-08T16:33:06.466-0500][gc,heap     ] GC(1) Eden regions: 9->0(49)
[2023-01-08T16:33:06.466-0500][gc,heap     ] GC(1) Survivor regions: 7->2(7)
[2023-01-08T16:33:06.466-0500][gc,heap     ] GC(1) Old regions: 1->8
[2023-01-08T16:33:06.466-0500][gc,heap     ] GC(1) Archive regions: 2->2
[2023-01-08T16:33:06.466-0500][gc,heap     ] GC(1) Humongous regions: 0->0
[2023-01-08T16:33:06.466-0500][gc,metaspace] GC(1) Metaspace: 21328K(21504K)->21328K(21504K) NonClass: 18625K(18688K)->18625K(18688K) Class: 2702K(2816K)->2702K(2816K)
[2023-01-08T16:33:06.466-0500][gc          ] GC(1) Pause Young (Concurrent Start) (Metadata GC Threshold) 17M->9M(1024M) 4.510ms
[2023-01-08T16:33:06.466-0500][gc,cpu      ] GC(1) User=0.02s Sys=0.00s Real=0.00s
[2023-01-08T16:33:06.466-0500][gc          ] GC(2) Concurrent Mark Cycle
[2023-01-08T16:33:06.466-0500][gc,marking  ] GC(2) Concurrent Clear Claimed Marks
[2023-01-08T16:33:06.466-0500][gc,marking  ] GC(2) Concurrent Clear Claimed Marks 0.031ms
[2023-01-08T16:33:06.466-0500][gc,marking  ] GC(2) Concurrent Scan Root Regions
[2023-01-08T16:33:06.468-0500][gc,marking  ] GC(2) Concurrent Scan Root Regions 1.820ms
[2023-01-08T16:33:06.468-0500][gc,marking  ] GC(2) Concurrent Mark
[2023-01-08T16:33:06.468-0500][gc,marking  ] GC(2) Concurrent Mark From Roots
[2023-01-08T16:33:06.468-0500][gc,task     ] GC(2) Using 2 workers of 2 for marking
[2023-01-08T16:33:06.469-0500][gc,marking  ] GC(2) Concurrent Mark From Roots 0.594ms
[2023-01-08T16:33:06.469-0500][gc,marking  ] GC(2) Concurrent Preclean
[2023-01-08T16:33:06.469-0500][gc,marking  ] GC(2) Concurrent Preclean 0.007ms
[2023-01-08T16:33:06.469-0500][gc,start    ] GC(2) Pause Remark
[2023-01-08T16:33:06.470-0500][gc          ] GC(2) Pause Remark 10M->10M(1024M) 0.817ms
[2023-01-08T16:33:06.470-0500][gc,cpu      ] GC(2) User=0.00s Sys=0.00s Real=0.01s
[2023-01-08T16:33:06.470-0500][gc,marking  ] GC(2) Concurrent Mark 1.529ms
[2023-01-08T16:33:06.470-0500][gc,marking  ] GC(2) Concurrent Rebuild Remembered Sets
[2023-01-08T16:33:06.471-0500][gc,marking  ] GC(2) Concurrent Rebuild Remembered Sets 1.440ms
[2023-01-08T16:33:06.471-0500][gc,start    ] GC(2) Pause Cleanup
[2023-01-08T16:33:06.471-0500][gc          ] GC(2) Pause Cleanup 10M->10M(1024M) 0.098ms
[2023-01-08T16:33:06.471-0500][gc,cpu      ] GC(2) User=0.00s Sys=0.00s Real=0.00s
[2023-01-08T16:33:06.471-0500][gc,marking  ] GC(2) Concurrent Cleanup for Next Mark
[2023-01-08T16:33:06.473-0500][gc,marking  ] GC(2) Concurrent Cleanup for Next Mark 2.045ms
[2023-01-08T16:33:06.473-0500][gc          ] GC(2) Concurrent Mark Cycle 7.231ms
[2023-01-08T16:33:08.137-0500][gc,start    ] GC(3) Pause Young (Normal) (G1 Evacuation Pause)
[2023-01-08T16:33:08.137-0500][gc,task     ] GC(3) Using 8 workers of 8 for evacuation
[2023-01-08T16:33:08.139-0500][gc,phases   ] GC(3)   Pre Evacuate Collection Set: 0.1ms
[2023-01-08T16:33:08.139-0500][gc,phases   ] GC(3)   Merge Heap Roots: 0.0ms
[2023-01-08T16:33:08.139-0500][gc,phases   ] GC(3)   Evacuate Collection Set: 1.9ms
[2023-01-08T16:33:08.139-0500][gc,phases   ] GC(3)   Post Evacuate Collection Set: 0.2ms
[2023-01-08T16:33:08.139-0500][gc,phases   ] GC(3)   Other: 0.0ms
[2023-01-08T16:33:08.139-0500][gc,heap     ] GC(3) Eden regions: 49->0(46)
[2023-01-08T16:33:08.139-0500][gc,heap     ] GC(3) Survivor regions: 2->5(7)
[2023-01-08T16:33:08.139-0500][gc,heap     ] GC(3) Old regions: 8->8
[2023-01-08T16:33:08.140-0500][gc,heap     ] GC(3) Archive regions: 2->2
[2023-01-08T16:33:08.140-0500][gc,heap     ] GC(3) Humongous regions: 129->129
[2023-01-08T16:33:08.140-0500][gc,metaspace] GC(3) Metaspace: 31109K(31424K)->31109K(31424K) NonClass: 27393K(27584K)->27393K(27584K) Class: 3716K(3840K)->3716K(3840K)
[2023-01-08T16:33:08.140-0500][gc          ] GC(3) Pause Young (Normal) (G1 Evacuation Pause) 187M->141M(1024M) 2.370ms
[2023-01-08T16:33:08.140-0500][gc,cpu      ] GC(3) User=0.01s Sys=0.00s Real=0.01s
[2023-01-08T16:33:08.317-0500][gc,start    ] GC(4) Pause Young (Concurrent Start) (Metadata GC Threshold)
[2023-01-08T16:33:08.317-0500][gc,task     ] GC(4) Using 8 workers of 8 for evacuation
[2023-01-08T16:33:08.320-0500][gc,phases   ] GC(4)   Pre Evacuate Collection Set: 0.1ms
[2023-01-08T16:33:08.320-0500][gc,phases   ] GC(4)   Merge Heap Roots: 0.0ms
[2023-01-08T16:33:08.320-0500][gc,phases   ] GC(4)   Evacuate Collection Set: 2.2ms
[2023-01-08T16:33:08.320-0500][gc,phases   ] GC(4)   Post Evacuate Collection Set: 0.2ms
[2023-01-08T16:33:08.320-0500][gc,phases   ] GC(4)   Other: 0.0ms
[2023-01-08T16:33:08.320-0500][gc,heap     ] GC(4) Eden regions: 18->0(49)
[2023-01-08T16:33:08.320-0500][gc,heap     ] GC(4) Survivor regions: 5->2(7)
[2023-01-08T16:33:08.320-0500][gc,heap     ] GC(4) Old regions: 8->12
[2023-01-08T16:33:08.320-0500][gc,heap     ] GC(4) Archive regions: 2->2
[2023-01-08T16:33:08.320-0500][gc,heap     ] GC(4) Humongous regions: 129->129
[2023-01-08T16:33:08.320-0500][gc,metaspace] GC(4) Metaspace: 35635K(35968K)->35635K(35968K) NonClass: 31497K(31680K)->31497K(31680K) Class: 4137K(4288K)->4137K(4288K)
[2023-01-08T16:33:08.320-0500][gc          ] GC(4) Pause Young (Concurrent Start) (Metadata GC Threshold) 159M->143M(1024M) 2.762ms
[2023-01-08T16:33:08.320-0500][gc          ] GC(5) Concurrent Mark Cycle
[2023-01-08T16:33:08.320-0500][gc,cpu      ] GC(4) User=0.01s Sys=0.00s Real=0.01s
[2023-01-08T16:33:08.320-0500][gc,marking  ] GC(5) Concurrent Clear Claimed Marks
[2023-01-08T16:33:08.320-0500][gc,marking  ] GC(5) Concurrent Clear Claimed Marks 0.035ms
[2023-01-08T16:33:08.320-0500][gc,marking  ] GC(5) Concurrent Scan Root Regions
[2023-01-08T16:33:08.322-0500][gc,marking  ] GC(5) Concurrent Scan Root Regions 2.023ms
[2023-01-08T16:33:08.322-0500][gc,marking  ] GC(5) Concurrent Mark
[2023-01-08T16:33:08.322-0500][gc,marking  ] GC(5) Concurrent Mark From Roots
[2023-01-08T16:33:08.322-0500][gc,task     ] GC(5) Using 2 workers of 2 for marking
[2023-01-08T16:33:08.325-0500][gc,marking  ] GC(5) Concurrent Mark From Roots 2.647ms
[2023-01-08T16:33:08.325-0500][gc,marking  ] GC(5) Concurrent Preclean
[2023-01-08T16:33:08.325-0500][gc,marking  ] GC(5) Concurrent Preclean 0.078ms
[2023-01-08T16:33:08.325-0500][gc,start    ] GC(5) Pause Remark
[2023-01-08T16:33:08.326-0500][gc          ] GC(5) Pause Remark 144M->144M(1024M) 1.060ms
[2023-01-08T16:33:08.326-0500][gc,cpu      ] GC(5) User=0.00s Sys=0.00s Real=0.00s
[2023-01-08T16:33:08.327-0500][gc,marking  ] GC(5) Concurrent Mark 4.181ms
[2023-01-08T16:33:08.327-0500][gc,marking  ] GC(5) Concurrent Rebuild Remembered Sets
[2023-01-08T16:33:08.330-0500][gc,marking  ] GC(5) Concurrent Rebuild Remembered Sets 3.079ms
[2023-01-08T16:33:08.330-0500][gc,start    ] GC(5) Pause Cleanup
[2023-01-08T16:33:08.330-0500][gc          ] GC(5) Pause Cleanup 145M->145M(1024M) 0.108ms
[2023-01-08T16:33:08.330-0500][gc,cpu      ] GC(5) User=0.00s Sys=0.00s Real=0.00s
[2023-01-08T16:33:08.330-0500][gc,marking  ] GC(5) Concurrent Cleanup for Next Mark
[2023-01-08T16:33:08.331-0500][gc,marking  ] GC(5) Concurrent Cleanup for Next Mark 1.533ms
[2023-01-08T16:33:08.331-0500][gc          ] GC(5) Concurrent Mark Cycle 11.234ms
[2023-01-08T16:33:13.594-0500][gc,heap,exit] Heap
[2023-01-08T16:33:13.594-0500][gc,heap,exit]  garbage-first heap   total 1048576K, used 184867K [0x00000007c0000000, 0x0000000800000000)
[2023-01-08T16:33:13.594-0500][gc,heap,exit]   region size 1024K, 34 young (34816K), 2 survivors (2048K)
[2023-01-08T16:33:13.594-0500][gc,heap,exit]  Metaspace       used 39748K, committed 40256K, reserved 1114112K
[2023-01-08T16:33:13.594-0500][gc,heap,exit]   class space    used 4883K, committed 5120K, reserved 1048576K
