[2023-01-04T14:40:43.280-0500][gc,init] CardTable entry size: 512
[2023-01-04T14:40:43.280-0500][gc     ] Using G1
[2023-01-04T14:40:43.282-0500][gc,init] Version: 19.0.1+10-21 (release)
[2023-01-04T14:40:43.282-0500][gc,init] CPUs: 8 total, 8 available
[2023-01-04T14:40:43.282-0500][gc,init] Memory: 16384M
[2023-01-04T14:40:43.282-0500][gc,init] Large Page Support: Disabled
[2023-01-04T14:40:43.282-0500][gc,init] NUMA Support: Disabled
[2023-01-04T14:40:43.282-0500][gc,init] Compressed Oops: Enabled (Zero based)
[2023-01-04T14:40:43.282-0500][gc,init] Heap Region Size: 1M
[2023-01-04T14:40:43.282-0500][gc,init] Heap Min Capacity: 1G
[2023-01-04T14:40:43.282-0500][gc,init] Heap Initial Capacity: 1G
[2023-01-04T14:40:43.282-0500][gc,init] Heap Max Capacity: 1G
[2023-01-04T14:40:43.282-0500][gc,init] Pre-touch: Disabled
[2023-01-04T14:40:43.282-0500][gc,init] Parallel Workers: 8
[2023-01-04T14:40:43.282-0500][gc,init] Concurrent Workers: 2
[2023-01-04T14:40:43.282-0500][gc,init] Concurrent Refinement Workers: 8
[2023-01-04T14:40:43.282-0500][gc,init] Periodic GC: Disabled
[2023-01-04T14:40:43.282-0500][gc,metaspace] CDS archive(s) mapped at: [0x0000000800000000-0x0000000800c44000-0x0000000800c44000), size 12861440, SharedBaseAddress: 0x0000000800000000, ArchiveRelocationMode: 0.
[2023-01-04T14:40:43.282-0500][gc,metaspace] Compressed class space mapped at: 0x0000000801000000-0x0000000841000000, reserved size: 1073741824
[2023-01-04T14:40:43.282-0500][gc,metaspace] Narrow klass base: 0x0000000800000000, Narrow klass shift: 0, Narrow klass range: 0x100000000
[2023-01-04T14:40:44.148-0500][gc,start    ] GC(0) Pause Young (Normal) (G1 Evacuation Pause)
[2023-01-04T14:40:44.149-0500][gc,task     ] GC(0) Using 8 workers of 8 for evacuation
[2023-01-04T14:40:44.151-0500][gc,phases   ] GC(0)   Pre Evacuate Collection Set: 0.1ms
[2023-01-04T14:40:44.151-0500][gc,phases   ] GC(0)   Merge Heap Roots: 0.1ms
[2023-01-04T14:40:44.151-0500][gc,phases   ] GC(0)   Evacuate Collection Set: 2.0ms
[2023-01-04T14:40:44.151-0500][gc,phases   ] GC(0)   Post Evacuate Collection Set: 0.5ms
[2023-01-04T14:40:44.151-0500][gc,phases   ] GC(0)   Other: 0.2ms
[2023-01-04T14:40:44.151-0500][gc,heap     ] GC(0) Eden regions: 51->0(44)
[2023-01-04T14:40:44.151-0500][gc,heap     ] GC(0) Survivor regions: 0->7(7)
[2023-01-04T14:40:44.151-0500][gc,heap     ] GC(0) Old regions: 0->1
[2023-01-04T14:40:44.151-0500][gc,heap     ] GC(0) Archive regions: 2->2
[2023-01-04T14:40:44.151-0500][gc,heap     ] GC(0) Humongous regions: 0->0
[2023-01-04T14:40:44.151-0500][gc,metaspace] GC(0) Metaspace: 18966K(19200K)->18966K(19200K) NonClass: 16591K(16704K)->16591K(16704K) Class: 2374K(2496K)->2374K(2496K)
[2023-01-04T14:40:44.151-0500][gc          ] GC(0) Pause Young (Normal) (G1 Evacuation Pause) 51M->8M(1024M) 2.958ms
[2023-01-04T14:40:44.151-0500][gc,cpu      ] GC(0) User=0.01s Sys=0.01s Real=0.01s
[2023-01-04T14:40:44.231-0500][gc,start    ] GC(1) Pause Young (Concurrent Start) (Metadata GC Threshold)
[2023-01-04T14:40:44.231-0500][gc,task     ] GC(1) Using 8 workers of 8 for evacuation
[2023-01-04T14:40:44.234-0500][gc,phases   ] GC(1)   Pre Evacuate Collection Set: 0.1ms
[2023-01-04T14:40:44.234-0500][gc,phases   ] GC(1)   Merge Heap Roots: 0.0ms
[2023-01-04T14:40:44.234-0500][gc,phases   ] GC(1)   Evacuate Collection Set: 2.9ms
[2023-01-04T14:40:44.234-0500][gc,phases   ] GC(1)   Post Evacuate Collection Set: 0.3ms
[2023-01-04T14:40:44.234-0500][gc,phases   ] GC(1)   Other: 0.0ms
[2023-01-04T14:40:44.234-0500][gc,heap     ] GC(1) Eden regions: 9->0(50)
[2023-01-04T14:40:44.234-0500][gc,heap     ] GC(1) Survivor regions: 7->1(7)
[2023-01-04T14:40:44.234-0500][gc,heap     ] GC(1) Old regions: 1->8
[2023-01-04T14:40:44.234-0500][gc,heap     ] GC(1) Archive regions: 2->2
[2023-01-04T14:40:44.234-0500][gc,heap     ] GC(1) Humongous regions: 0->0
[2023-01-04T14:40:44.234-0500][gc,metaspace] GC(1) Metaspace: 21308K(21504K)->21308K(21504K) NonClass: 18606K(18688K)->18606K(18688K) Class: 2702K(2816K)->2702K(2816K)
[2023-01-04T14:40:44.234-0500][gc          ] GC(1) Pause Young (Concurrent Start) (Metadata GC Threshold) 17M->9M(1024M) 3.529ms
[2023-01-04T14:40:44.234-0500][gc          ] GC(2) Concurrent Mark Cycle
[2023-01-04T14:40:44.234-0500][gc,cpu      ] GC(1) User=0.01s Sys=0.01s Real=0.00s
[2023-01-04T14:40:44.234-0500][gc,marking  ] GC(2) Concurrent Clear Claimed Marks
[2023-01-04T14:40:44.234-0500][gc,marking  ] GC(2) Concurrent Clear Claimed Marks 0.056ms
[2023-01-04T14:40:44.234-0500][gc,marking  ] GC(2) Concurrent Scan Root Regions
[2023-01-04T14:40:44.236-0500][gc,marking  ] GC(2) Concurrent Scan Root Regions 1.322ms
[2023-01-04T14:40:44.236-0500][gc,marking  ] GC(2) Concurrent Mark
[2023-01-04T14:40:44.236-0500][gc,marking  ] GC(2) Concurrent Mark From Roots
[2023-01-04T14:40:44.236-0500][gc,task     ] GC(2) Using 2 workers of 2 for marking
[2023-01-04T14:40:44.237-0500][gc,marking  ] GC(2) Concurrent Mark From Roots 0.883ms
[2023-01-04T14:40:44.237-0500][gc,marking  ] GC(2) Concurrent Preclean
[2023-01-04T14:40:44.237-0500][gc,marking  ] GC(2) Concurrent Preclean 0.006ms
[2023-01-04T14:40:44.237-0500][gc,start    ] GC(2) Pause Remark
[2023-01-04T14:40:44.238-0500][gc          ] GC(2) Pause Remark 9M->9M(1024M) 0.887ms
[2023-01-04T14:40:44.238-0500][gc,cpu      ] GC(2) User=0.00s Sys=0.00s Real=0.00s
[2023-01-04T14:40:44.238-0500][gc,marking  ] GC(2) Concurrent Mark 1.944ms
[2023-01-04T14:40:44.238-0500][gc,marking  ] GC(2) Concurrent Rebuild Remembered Sets
[2023-01-04T14:40:44.239-0500][gc,marking  ] GC(2) Concurrent Rebuild Remembered Sets 1.542ms
[2023-01-04T14:40:44.239-0500][gc,start    ] GC(2) Pause Cleanup
[2023-01-04T14:40:44.239-0500][gc          ] GC(2) Pause Cleanup 9M->9M(1024M) 0.066ms
[2023-01-04T14:40:44.239-0500][gc,cpu      ] GC(2) User=0.00s Sys=0.00s Real=0.00s
[2023-01-04T14:40:44.239-0500][gc,marking  ] GC(2) Concurrent Cleanup for Next Mark
[2023-01-04T14:40:44.241-0500][gc,marking  ] GC(2) Concurrent Cleanup for Next Mark 1.332ms
[2023-01-04T14:40:44.241-0500][gc          ] GC(2) Concurrent Mark Cycle 6.904ms
[2023-01-04T14:40:45.807-0500][gc,start    ] GC(3) Pause Young (Normal) (G1 Evacuation Pause)
[2023-01-04T14:40:45.807-0500][gc,task     ] GC(3) Using 8 workers of 8 for evacuation
[2023-01-04T14:40:45.811-0500][gc,phases   ] GC(3)   Pre Evacuate Collection Set: 0.2ms
[2023-01-04T14:40:45.811-0500][gc,phases   ] GC(3)   Merge Heap Roots: 0.1ms
[2023-01-04T14:40:45.811-0500][gc,phases   ] GC(3)   Evacuate Collection Set: 3.0ms
[2023-01-04T14:40:45.811-0500][gc,phases   ] GC(3)   Post Evacuate Collection Set: 0.8ms
[2023-01-04T14:40:45.811-0500][gc,phases   ] GC(3)   Other: 0.0ms
[2023-01-04T14:40:45.811-0500][gc,heap     ] GC(3) Eden regions: 50->0(46)
[2023-01-04T14:40:45.811-0500][gc,heap     ] GC(3) Survivor regions: 1->5(7)
[2023-01-04T14:40:45.811-0500][gc,heap     ] GC(3) Old regions: 8->8
[2023-01-04T14:40:45.811-0500][gc,heap     ] GC(3) Archive regions: 2->2
[2023-01-04T14:40:45.811-0500][gc,heap     ] GC(3) Humongous regions: 129->129
[2023-01-04T14:40:45.811-0500][gc,metaspace] GC(3) Metaspace: 31324K(31680K)->31324K(31680K) NonClass: 27567K(27776K)->27567K(27776K) Class: 3756K(3904K)->3756K(3904K)
[2023-01-04T14:40:45.811-0500][gc          ] GC(3) Pause Young (Normal) (G1 Evacuation Pause) 188M->141M(1024M) 4.277ms
[2023-01-04T14:40:45.811-0500][gc,cpu      ] GC(3) User=0.01s Sys=0.00s Real=0.01s
[2023-01-04T14:40:45.964-0500][gc,start    ] GC(4) Pause Young (Concurrent Start) (Metadata GC Threshold)
[2023-01-04T14:40:45.964-0500][gc,task     ] GC(4) Using 8 workers of 8 for evacuation
[2023-01-04T14:40:45.967-0500][gc,phases   ] GC(4)   Pre Evacuate Collection Set: 0.3ms
[2023-01-04T14:40:45.967-0500][gc,phases   ] GC(4)   Merge Heap Roots: 0.1ms
[2023-01-04T14:40:45.967-0500][gc,phases   ] GC(4)   Evacuate Collection Set: 2.6ms
[2023-01-04T14:40:45.967-0500][gc,phases   ] GC(4)   Post Evacuate Collection Set: 0.3ms
[2023-01-04T14:40:45.967-0500][gc,phases   ] GC(4)   Other: 0.1ms
[2023-01-04T14:40:45.967-0500][gc,heap     ] GC(4) Eden regions: 17->0(49)
[2023-01-04T14:40:45.967-0500][gc,heap     ] GC(4) Survivor regions: 5->2(7)
[2023-01-04T14:40:45.967-0500][gc,heap     ] GC(4) Old regions: 8->12
[2023-01-04T14:40:45.967-0500][gc,heap     ] GC(4) Archive regions: 2->2
[2023-01-04T14:40:45.967-0500][gc,heap     ] GC(4) Humongous regions: 129->129
[2023-01-04T14:40:45.967-0500][gc,metaspace] GC(4) Metaspace: 35672K(35968K)->35672K(35968K) NonClass: 31516K(31680K)->31516K(31680K) Class: 4155K(4288K)->4155K(4288K)
[2023-01-04T14:40:45.967-0500][gc          ] GC(4) Pause Young (Concurrent Start) (Metadata GC Threshold) 158M->143M(1024M) 3.478ms
[2023-01-04T14:40:45.967-0500][gc          ] GC(5) Concurrent Mark Cycle
[2023-01-04T14:40:45.967-0500][gc,cpu      ] GC(4) User=0.02s Sys=0.00s Real=0.00s
[2023-01-04T14:40:45.967-0500][gc,marking  ] GC(5) Concurrent Clear Claimed Marks
[2023-01-04T14:40:45.968-0500][gc,marking  ] GC(5) Concurrent Clear Claimed Marks 0.096ms
[2023-01-04T14:40:45.968-0500][gc,marking  ] GC(5) Concurrent Scan Root Regions
[2023-01-04T14:40:45.969-0500][gc,marking  ] GC(5) Concurrent Scan Root Regions 1.955ms
[2023-01-04T14:40:45.970-0500][gc,marking  ] GC(5) Concurrent Mark
[2023-01-04T14:40:45.970-0500][gc,marking  ] GC(5) Concurrent Mark From Roots
[2023-01-04T14:40:45.970-0500][gc,task     ] GC(5) Using 2 workers of 2 for marking
[2023-01-04T14:40:45.973-0500][gc,marking  ] GC(5) Concurrent Mark From Roots 3.133ms
[2023-01-04T14:40:45.973-0500][gc,marking  ] GC(5) Concurrent Preclean
[2023-01-04T14:40:45.973-0500][gc,marking  ] GC(5) Concurrent Preclean 0.087ms
[2023-01-04T14:40:45.973-0500][gc,start    ] GC(5) Pause Remark
[2023-01-04T14:40:45.974-0500][gc          ] GC(5) Pause Remark 144M->144M(1024M) 1.202ms
[2023-01-04T14:40:45.974-0500][gc,cpu      ] GC(5) User=0.00s Sys=0.00s Real=0.00s
[2023-01-04T14:40:45.974-0500][gc,marking  ] GC(5) Concurrent Mark 4.691ms
[2023-01-04T14:40:45.974-0500][gc,marking  ] GC(5) Concurrent Rebuild Remembered Sets
[2023-01-04T14:40:45.977-0500][gc,marking  ] GC(5) Concurrent Rebuild Remembered Sets 2.750ms
[2023-01-04T14:40:45.977-0500][gc,start    ] GC(5) Pause Cleanup
[2023-01-04T14:40:45.977-0500][gc          ] GC(5) Pause Cleanup 144M->144M(1024M) 0.086ms
[2023-01-04T14:40:45.977-0500][gc,cpu      ] GC(5) User=0.01s Sys=0.00s Real=0.00s
[2023-01-04T14:40:45.977-0500][gc,marking  ] GC(5) Concurrent Cleanup for Next Mark
[2023-01-04T14:40:45.979-0500][gc,marking  ] GC(5) Concurrent Cleanup for Next Mark 1.414ms
[2023-01-04T14:40:45.979-0500][gc          ] GC(5) Concurrent Mark Cycle 11.279ms
[2023-01-04T15:01:22.162-0500][gc,start    ] GC(6) Pause Young (Normal) (G1 Evacuation Pause)
[2023-01-04T15:01:22.166-0500][gc,task     ] GC(6) Using 8 workers of 8 for evacuation
[2023-01-04T15:01:22.272-0500][gc,mmu      ] GC(6) MMU target violated: 21.0ms (20.0ms/21.0ms)
[2023-01-04T15:01:22.272-0500][gc,phases   ] GC(6)   Pre Evacuate Collection Set: 8.2ms
[2023-01-04T15:01:22.272-0500][gc,phases   ] GC(6)   Merge Heap Roots: 1.2ms
[2023-01-04T15:01:22.272-0500][gc,phases   ] GC(6)   Evacuate Collection Set: 92.6ms
[2023-01-04T15:01:22.272-0500][gc,phases   ] GC(6)   Post Evacuate Collection Set: 1.3ms
[2023-01-04T15:01:22.272-0500][gc,phases   ] GC(6)   Other: 2.3ms
[2023-01-04T15:01:22.272-0500][gc,heap     ] GC(6) Eden regions: 49->0(48)
[2023-01-04T15:01:22.272-0500][gc,heap     ] GC(6) Survivor regions: 2->3(7)
[2023-01-04T15:01:22.272-0500][gc,heap     ] GC(6) Old regions: 12->12
[2023-01-04T15:01:22.272-0500][gc,heap     ] GC(6) Archive regions: 2->2
[2023-01-04T15:01:22.272-0500][gc,heap     ] GC(6) Humongous regions: 135->129
[2023-01-04T15:01:22.272-0500][gc,metaspace] GC(6) Metaspace: 39756K(40256K)->39756K(40256K) NonClass: 34964K(35264K)->34964K(35264K) Class: 4792K(4992K)->4792K(4992K)
[2023-01-04T15:01:22.272-0500][gc          ] GC(6) Pause Young (Normal) (G1 Evacuation Pause) 198M->144M(1024M) 109.890ms
[2023-01-04T15:01:22.272-0500][gc,cpu      ] GC(6) User=0.07s Sys=0.09s Real=0.11s
[2023-01-04T15:12:44.811-0500][gc,heap,exit] Heap
[2023-01-04T15:12:44.811-0500][gc,heap,exit]  garbage-first heap   total 1048576K, used 172848K [0x00000007c0000000, 0x0000000800000000)
[2023-01-04T15:12:44.811-0500][gc,heap,exit]   region size 1024K, 28 young (28672K), 3 survivors (3072K)
[2023-01-04T15:12:44.811-0500][gc,heap,exit]  Metaspace       used 40525K, committed 41024K, reserved 1114112K
[2023-01-04T15:12:44.811-0500][gc,heap,exit]   class space    used 4951K, committed 5184K, reserved 1048576K
