[2023-01-08T16:12:11.152-0500][gc,init] CardTable entry size: 512
[2023-01-08T16:12:11.152-0500][gc     ] Using G1
[2023-01-08T16:12:11.153-0500][gc,init] Version: 19.0.1+10-21 (release)
[2023-01-08T16:12:11.153-0500][gc,init] CPUs: 8 total, 8 available
[2023-01-08T16:12:11.153-0500][gc,init] Memory: 16384M
[2023-01-08T16:12:11.153-0500][gc,init] Large Page Support: Disabled
[2023-01-08T16:12:11.153-0500][gc,init] NUMA Support: Disabled
[2023-01-08T16:12:11.154-0500][gc,init] Compressed Oops: Enabled (Zero based)
[2023-01-08T16:12:11.154-0500][gc,init] Heap Region Size: 1M
[2023-01-08T16:12:11.154-0500][gc,init] Heap Min Capacity: 1G
[2023-01-08T16:12:11.154-0500][gc,init] Heap Initial Capacity: 1G
[2023-01-08T16:12:11.154-0500][gc,init] Heap Max Capacity: 1G
[2023-01-08T16:12:11.154-0500][gc,init] Pre-touch: Disabled
[2023-01-08T16:12:11.154-0500][gc,init] Parallel Workers: 8
[2023-01-08T16:12:11.154-0500][gc,init] Concurrent Workers: 2
[2023-01-08T16:12:11.154-0500][gc,init] Concurrent Refinement Workers: 8
[2023-01-08T16:12:11.154-0500][gc,init] Periodic GC: Disabled
[2023-01-08T16:12:11.154-0500][gc,metaspace] CDS archive(s) mapped at: [0x0000000800000000-0x0000000800c44000-0x0000000800c44000), size 12861440, SharedBaseAddress: 0x0000000800000000, ArchiveRelocationMode: 0.
[2023-01-08T16:12:11.154-0500][gc,metaspace] Compressed class space mapped at: 0x0000000801000000-0x0000000841000000, reserved size: 1073741824
[2023-01-08T16:12:11.154-0500][gc,metaspace] Narrow klass base: 0x0000000800000000, Narrow klass shift: 0, Narrow klass range: 0x100000000
[2023-01-08T16:12:12.059-0500][gc,start    ] GC(0) Pause Young (Normal) (G1 Evacuation Pause)
[2023-01-08T16:12:12.059-0500][gc,task     ] GC(0) Using 8 workers of 8 for evacuation
[2023-01-08T16:12:12.062-0500][gc,phases   ] GC(0)   Pre Evacuate Collection Set: 0.1ms
[2023-01-08T16:12:12.062-0500][gc,phases   ] GC(0)   Merge Heap Roots: 0.0ms
[2023-01-08T16:12:12.062-0500][gc,phases   ] GC(0)   Evacuate Collection Set: 2.6ms
[2023-01-08T16:12:12.062-0500][gc,phases   ] GC(0)   Post Evacuate Collection Set: 0.4ms
[2023-01-08T16:12:12.062-0500][gc,phases   ] GC(0)   Other: 0.2ms
[2023-01-08T16:12:12.062-0500][gc,heap     ] GC(0) Eden regions: 51->0(44)
[2023-01-08T16:12:12.062-0500][gc,heap     ] GC(0) Survivor regions: 0->7(7)
[2023-01-08T16:12:12.062-0500][gc,heap     ] GC(0) Old regions: 0->1
[2023-01-08T16:12:12.062-0500][gc,heap     ] GC(0) Archive regions: 2->2
[2023-01-08T16:12:12.062-0500][gc,heap     ] GC(0) Humongous regions: 0->0
[2023-01-08T16:12:12.062-0500][gc,metaspace] GC(0) Metaspace: 18961K(19200K)->18961K(19200K) NonClass: 16584K(16704K)->16584K(16704K) Class: 2377K(2496K)->2377K(2496K)
[2023-01-08T16:12:12.062-0500][gc          ] GC(0) Pause Young (Normal) (G1 Evacuation Pause) 51M->8M(1024M) 3.628ms
[2023-01-08T16:12:12.062-0500][gc,cpu      ] GC(0) User=0.02s Sys=0.00s Real=0.01s
[2023-01-08T16:12:12.152-0500][gc,start    ] GC(1) Pause Young (Concurrent Start) (Metadata GC Threshold)
[2023-01-08T16:12:12.152-0500][gc,task     ] GC(1) Using 8 workers of 8 for evacuation
[2023-01-08T16:12:12.155-0500][gc,phases   ] GC(1)   Pre Evacuate Collection Set: 0.1ms
[2023-01-08T16:12:12.155-0500][gc,phases   ] GC(1)   Merge Heap Roots: 0.0ms
[2023-01-08T16:12:12.155-0500][gc,phases   ] GC(1)   Evacuate Collection Set: 2.7ms
[2023-01-08T16:12:12.155-0500][gc,phases   ] GC(1)   Post Evacuate Collection Set: 0.2ms
[2023-01-08T16:12:12.155-0500][gc,phases   ] GC(1)   Other: 0.0ms
[2023-01-08T16:12:12.155-0500][gc,heap     ] GC(1) Eden regions: 10->0(49)
[2023-01-08T16:12:12.155-0500][gc,heap     ] GC(1) Survivor regions: 7->2(7)
[2023-01-08T16:12:12.155-0500][gc,heap     ] GC(1) Old regions: 1->8
[2023-01-08T16:12:12.155-0500][gc,heap     ] GC(1) Archive regions: 2->2
[2023-01-08T16:12:12.155-0500][gc,heap     ] GC(1) Humongous regions: 0->0
[2023-01-08T16:12:12.155-0500][gc,metaspace] GC(1) Metaspace: 21316K(21504K)->21316K(21504K) NonClass: 18613K(18688K)->18613K(18688K) Class: 2703K(2816K)->2703K(2816K)
[2023-01-08T16:12:12.155-0500][gc          ] GC(1) Pause Young (Concurrent Start) (Metadata GC Threshold) 17M->9M(1024M) 3.194ms
[2023-01-08T16:12:12.155-0500][gc          ] GC(2) Concurrent Mark Cycle
[2023-01-08T16:12:12.155-0500][gc,cpu      ] GC(1) User=0.02s Sys=0.00s Real=0.00s
[2023-01-08T16:12:12.155-0500][gc,marking  ] GC(2) Concurrent Clear Claimed Marks
[2023-01-08T16:12:12.155-0500][gc,marking  ] GC(2) Concurrent Clear Claimed Marks 0.020ms
[2023-01-08T16:12:12.155-0500][gc,marking  ] GC(2) Concurrent Scan Root Regions
[2023-01-08T16:12:12.156-0500][gc,marking  ] GC(2) Concurrent Scan Root Regions 1.195ms
[2023-01-08T16:12:12.156-0500][gc,marking  ] GC(2) Concurrent Mark
[2023-01-08T16:12:12.156-0500][gc,marking  ] GC(2) Concurrent Mark From Roots
[2023-01-08T16:12:12.156-0500][gc,task     ] GC(2) Using 2 workers of 2 for marking
[2023-01-08T16:12:12.157-0500][gc,marking  ] GC(2) Concurrent Mark From Roots 0.357ms
[2023-01-08T16:12:12.157-0500][gc,marking  ] GC(2) Concurrent Preclean
[2023-01-08T16:12:12.157-0500][gc,marking  ] GC(2) Concurrent Preclean 0.005ms
[2023-01-08T16:12:12.157-0500][gc,start    ] GC(2) Pause Remark
[2023-01-08T16:12:12.157-0500][gc          ] GC(2) Pause Remark 9M->9M(1024M) 0.798ms
[2023-01-08T16:12:12.157-0500][gc,cpu      ] GC(2) User=0.00s Sys=0.00s Real=0.00s
[2023-01-08T16:12:12.157-0500][gc,marking  ] GC(2) Concurrent Mark 1.274ms
[2023-01-08T16:12:12.157-0500][gc,marking  ] GC(2) Concurrent Rebuild Remembered Sets
[2023-01-08T16:12:12.159-0500][gc,marking  ] GC(2) Concurrent Rebuild Remembered Sets 1.341ms
[2023-01-08T16:12:12.159-0500][gc,start    ] GC(2) Pause Cleanup
[2023-01-08T16:12:12.159-0500][gc          ] GC(2) Pause Cleanup 9M->9M(1024M) 0.065ms
[2023-01-08T16:12:12.159-0500][gc,cpu      ] GC(2) User=0.00s Sys=0.00s Real=0.00s
[2023-01-08T16:12:12.159-0500][gc,marking  ] GC(2) Concurrent Cleanup for Next Mark
[2023-01-08T16:12:12.161-0500][gc,marking  ] GC(2) Concurrent Cleanup for Next Mark 1.645ms
[2023-01-08T16:12:12.161-0500][gc          ] GC(2) Concurrent Mark Cycle 5.732ms
[2023-01-08T16:12:12.651-0500][gc,start    ] GC(3) Pause Young (Normal) (G1 Evacuation Pause)
[2023-01-08T16:12:12.652-0500][gc,task     ] GC(3) Using 8 workers of 8 for evacuation
[2023-01-08T16:12:12.659-0500][gc,phases   ] GC(3)   Pre Evacuate Collection Set: 0.8ms
[2023-01-08T16:12:12.659-0500][gc,phases   ] GC(3)   Merge Heap Roots: 0.5ms
[2023-01-08T16:12:12.659-0500][gc,phases   ] GC(3)   Evacuate Collection Set: 5.1ms
[2023-01-08T16:12:12.659-0500][gc,phases   ] GC(3)   Post Evacuate Collection Set: 0.8ms
[2023-01-08T16:12:12.659-0500][gc,phases   ] GC(3)   Other: 0.1ms
[2023-01-08T16:12:12.659-0500][gc,heap     ] GC(3) Eden regions: 49->0(46)
[2023-01-08T16:12:12.659-0500][gc,heap     ] GC(3) Survivor regions: 2->5(7)
[2023-01-08T16:12:12.659-0500][gc,heap     ] GC(3) Old regions: 8->8
[2023-01-08T16:12:12.659-0500][gc,heap     ] GC(3) Archive regions: 2->2
[2023-01-08T16:12:12.659-0500][gc,heap     ] GC(3) Humongous regions: 129->129
[2023-01-08T16:12:12.659-0500][gc,metaspace] GC(3) Metaspace: 31486K(31744K)->31486K(31744K) NonClass: 27703K(27840K)->27703K(27840K) Class: 3782K(3904K)->3782K(3904K)
[2023-01-08T16:12:12.659-0500][gc          ] GC(3) Pause Young (Normal) (G1 Evacuation Pause) 187M->142M(1024M) 7.528ms
[2023-01-08T16:12:12.659-0500][gc,cpu      ] GC(3) User=0.01s Sys=0.00s Real=0.00s
[2023-01-08T16:12:12.818-0500][gc,start    ] GC(4) Pause Young (Concurrent Start) (Metadata GC Threshold)
[2023-01-08T16:12:12.818-0500][gc,task     ] GC(4) Using 8 workers of 8 for evacuation
[2023-01-08T16:12:12.821-0500][gc,phases   ] GC(4)   Pre Evacuate Collection Set: 0.1ms
[2023-01-08T16:12:12.821-0500][gc,phases   ] GC(4)   Merge Heap Roots: 0.0ms
[2023-01-08T16:12:12.821-0500][gc,phases   ] GC(4)   Evacuate Collection Set: 2.2ms
[2023-01-08T16:12:12.821-0500][gc,phases   ] GC(4)   Post Evacuate Collection Set: 0.2ms
[2023-01-08T16:12:12.821-0500][gc,phases   ] GC(4)   Other: 0.0ms
[2023-01-08T16:12:12.821-0500][gc,heap     ] GC(4) Eden regions: 16->0(49)
[2023-01-08T16:12:12.821-0500][gc,heap     ] GC(4) Survivor regions: 5->2(7)
[2023-01-08T16:12:12.821-0500][gc,heap     ] GC(4) Old regions: 8->12
[2023-01-08T16:12:12.821-0500][gc,heap     ] GC(4) Archive regions: 2->2
[2023-01-08T16:12:12.821-0500][gc,heap     ] GC(4) Humongous regions: 129->129
[2023-01-08T16:12:12.821-0500][gc,metaspace] GC(4) Metaspace: 35669K(35968K)->35669K(35968K) NonClass: 31516K(31680K)->31516K(31680K) Class: 4153K(4288K)->4153K(4288K)
[2023-01-08T16:12:12.821-0500][gc          ] GC(4) Pause Young (Concurrent Start) (Metadata GC Threshold) 158M->143M(1024M) 2.694ms
[2023-01-08T16:12:12.821-0500][gc          ] GC(5) Concurrent Mark Cycle
[2023-01-08T16:12:12.821-0500][gc,cpu      ] GC(4) User=0.02s Sys=0.00s Real=0.01s
[2023-01-08T16:12:12.821-0500][gc,marking  ] GC(5) Concurrent Clear Claimed Marks
[2023-01-08T16:12:12.821-0500][gc,marking  ] GC(5) Concurrent Clear Claimed Marks 0.035ms
[2023-01-08T16:12:12.821-0500][gc,marking  ] GC(5) Concurrent Scan Root Regions
[2023-01-08T16:12:12.823-0500][gc,marking  ] GC(5) Concurrent Scan Root Regions 1.434ms
[2023-01-08T16:12:12.823-0500][gc,marking  ] GC(5) Concurrent Mark
[2023-01-08T16:12:12.823-0500][gc,marking  ] GC(5) Concurrent Mark From Roots
[2023-01-08T16:12:12.823-0500][gc,task     ] GC(5) Using 2 workers of 2 for marking
[2023-01-08T16:12:12.827-0500][gc,marking  ] GC(5) Concurrent Mark From Roots 4.063ms
[2023-01-08T16:12:12.827-0500][gc,marking  ] GC(5) Concurrent Preclean
[2023-01-08T16:12:12.827-0500][gc,marking  ] GC(5) Concurrent Preclean 0.098ms
[2023-01-08T16:12:12.827-0500][gc,start    ] GC(5) Pause Remark
[2023-01-08T16:12:12.829-0500][gc          ] GC(5) Pause Remark 144M->144M(1024M) 1.788ms
[2023-01-08T16:12:12.829-0500][gc,cpu      ] GC(5) User=0.01s Sys=0.00s Real=0.00s
[2023-01-08T16:12:12.829-0500][gc,marking  ] GC(5) Concurrent Mark 6.328ms
[2023-01-08T16:12:12.829-0500][gc,marking  ] GC(5) Concurrent Rebuild Remembered Sets
[2023-01-08T16:12:12.829-0500][gc,marking  ] GC(5) Concurrent Rebuild Remembered Sets 0.004ms
[2023-01-08T16:12:12.829-0500][gc,start    ] GC(5) Pause Cleanup
[2023-01-08T16:12:12.829-0500][gc          ] GC(5) Pause Cleanup 144M->144M(1024M) 0.010ms
[2023-01-08T16:12:12.829-0500][gc,cpu      ] GC(5) User=0.00s Sys=0.00s Real=0.00s
[2023-01-08T16:12:12.829-0500][gc,marking  ] GC(5) Concurrent Cleanup for Next Mark
[2023-01-08T16:12:12.831-0500][gc,marking  ] GC(5) Concurrent Cleanup for Next Mark 2.006ms
[2023-01-08T16:12:12.831-0500][gc          ] GC(5) Concurrent Mark Cycle 9.993ms
[2023-01-08T16:12:17.497-0500][gc,start    ] GC(6) Pause Young (Normal) (G1 Evacuation Pause)
[2023-01-08T16:12:17.516-0500][gc,task     ] GC(6) Using 8 workers of 8 for evacuation
[2023-01-08T16:12:17.518-0500][gc,phases   ] GC(6)   Pre Evacuate Collection Set: 0.2ms
[2023-01-08T16:12:17.518-0500][gc,phases   ] GC(6)   Merge Heap Roots: 0.1ms
[2023-01-08T16:12:17.518-0500][gc,phases   ] GC(6)   Evacuate Collection Set: 1.6ms
[2023-01-08T16:12:17.518-0500][gc,phases   ] GC(6)   Post Evacuate Collection Set: 0.4ms
[2023-01-08T16:12:17.518-0500][gc,phases   ] GC(6)   Other: 0.1ms
[2023-01-08T16:12:17.518-0500][gc,heap     ] GC(6) Eden regions: 49->0(47)
[2023-01-08T16:12:17.518-0500][gc,heap     ] GC(6) Survivor regions: 2->4(7)
[2023-01-08T16:12:17.518-0500][gc,heap     ] GC(6) Old regions: 12->12
[2023-01-08T16:12:17.518-0500][gc,heap     ] GC(6) Archive regions: 2->2
[2023-01-08T16:12:17.518-0500][gc,heap     ] GC(6) Humongous regions: 135->129
[2023-01-08T16:12:17.518-0500][gc,metaspace] GC(6) Metaspace: 40261K(40832K)->40261K(40832K) NonClass: 35342K(35648K)->35342K(35648K) Class: 4918K(5184K)->4918K(5184K)
[2023-01-08T16:12:17.518-0500][gc          ] GC(6) Pause Young (Normal) (G1 Evacuation Pause) 198M->145M(1024M) 21.284ms
[2023-01-08T16:12:17.518-0500][gc,cpu      ] GC(6) User=0.01s Sys=0.00s Real=0.02s
[2023-01-08T16:14:11.320-0500][gc,start    ] GC(7) Pause Young (Normal) (G1 Evacuation Pause)
[2023-01-08T16:14:11.321-0500][gc,task     ] GC(7) Using 8 workers of 8 for evacuation
[2023-01-08T16:14:11.331-0500][gc,phases   ] GC(7)   Pre Evacuate Collection Set: 0.4ms
[2023-01-08T16:14:11.331-0500][gc,phases   ] GC(7)   Merge Heap Roots: 0.1ms
[2023-01-08T16:14:11.331-0500][gc,phases   ] GC(7)   Evacuate Collection Set: 8.3ms
[2023-01-08T16:14:11.331-0500][gc,phases   ] GC(7)   Post Evacuate Collection Set: 0.6ms
[2023-01-08T16:14:11.331-0500][gc,phases   ] GC(7)   Other: 0.2ms
[2023-01-08T16:14:11.331-0500][gc,heap     ] GC(7) Eden regions: 47->0(47)
[2023-01-08T16:14:11.331-0500][gc,heap     ] GC(7) Survivor regions: 4->4(7)
[2023-01-08T16:14:11.331-0500][gc,heap     ] GC(7) Old regions: 12->14
[2023-01-08T16:14:11.331-0500][gc,heap     ] GC(7) Archive regions: 2->2
[2023-01-08T16:14:11.331-0500][gc,heap     ] GC(7) Humongous regions: 129->129
[2023-01-08T16:14:11.331-0500][gc,metaspace] GC(7) Metaspace: 41761K(42432K)->41761K(42432K) NonClass: 36748K(37120K)->36748K(37120K) Class: 5012K(5312K)->5012K(5312K)
[2023-01-08T16:14:11.331-0500][gc          ] GC(7) Pause Young (Normal) (G1 Evacuation Pause) 192M->146M(1024M) 11.470ms
[2023-01-08T16:14:11.331-0500][gc,cpu      ] GC(7) User=0.03s Sys=0.00s Real=0.01s
[2023-01-08T16:18:02.378-0500][gc,start    ] GC(8) Pause Young (Normal) (G1 Evacuation Pause)
[2023-01-08T16:18:02.379-0500][gc,task     ] GC(8) Using 8 workers of 8 for evacuation
[2023-01-08T16:18:02.388-0500][gc,phases   ] GC(8)   Pre Evacuate Collection Set: 0.3ms
[2023-01-08T16:18:02.388-0500][gc,phases   ] GC(8)   Merge Heap Roots: 0.1ms
[2023-01-08T16:18:02.388-0500][gc,phases   ] GC(8)   Evacuate Collection Set: 8.0ms
[2023-01-08T16:18:02.388-0500][gc,phases   ] GC(8)   Post Evacuate Collection Set: 0.7ms
[2023-01-08T16:18:02.388-0500][gc,phases   ] GC(8)   Other: 0.2ms
[2023-01-08T16:18:02.389-0500][gc,heap     ] GC(8) Eden regions: 47->0(47)
[2023-01-08T16:18:02.389-0500][gc,heap     ] GC(8) Survivor regions: 4->4(7)
[2023-01-08T16:18:02.389-0500][gc,heap     ] GC(8) Old regions: 14->14
[2023-01-08T16:18:02.389-0500][gc,heap     ] GC(8) Archive regions: 2->2
[2023-01-08T16:18:02.389-0500][gc,heap     ] GC(8) Humongous regions: 129->129
[2023-01-08T16:18:02.389-0500][gc,metaspace] GC(8) Metaspace: 41973K(42560K)->41973K(42560K) NonClass: 36959K(37248K)->36959K(37248K) Class: 5013K(5312K)->5013K(5312K)
[2023-01-08T16:18:02.389-0500][gc          ] GC(8) Pause Young (Normal) (G1 Evacuation Pause) 193M->146M(1024M) 11.080ms
[2023-01-08T16:18:02.389-0500][gc,cpu      ] GC(8) User=0.03s Sys=0.00s Real=0.01s
[2023-01-08T16:22:12.912-0500][gc,start    ] GC(9) Pause Young (Normal) (G1 Evacuation Pause)
[2023-01-08T16:22:12.913-0500][gc,task     ] GC(9) Using 8 workers of 8 for evacuation
[2023-01-08T16:22:12.923-0500][gc,phases   ] GC(9)   Pre Evacuate Collection Set: 0.4ms
[2023-01-08T16:22:12.923-0500][gc,phases   ] GC(9)   Merge Heap Roots: 0.2ms
[2023-01-08T16:22:12.923-0500][gc,phases   ] GC(9)   Evacuate Collection Set: 8.4ms
[2023-01-08T16:22:12.923-0500][gc,phases   ] GC(9)   Post Evacuate Collection Set: 0.7ms
[2023-01-08T16:22:12.923-0500][gc,phases   ] GC(9)   Other: 0.2ms
[2023-01-08T16:22:12.923-0500][gc,heap     ] GC(9) Eden regions: 47->0(69)
[2023-01-08T16:22:12.923-0500][gc,heap     ] GC(9) Survivor regions: 4->4(7)
[2023-01-08T16:22:12.923-0500][gc,heap     ] GC(9) Old regions: 14->14
[2023-01-08T16:22:12.923-0500][gc,heap     ] GC(9) Archive regions: 2->2
[2023-01-08T16:22:12.923-0500][gc,heap     ] GC(9) Humongous regions: 129->129
[2023-01-08T16:22:12.923-0500][gc,metaspace] GC(9) Metaspace: 42245K(42880K)->42245K(42880K) NonClass: 37229K(37568K)->37229K(37568K) Class: 5016K(5312K)->5016K(5312K)
[2023-01-08T16:22:12.923-0500][gc          ] GC(9) Pause Young (Normal) (G1 Evacuation Pause) 193M->146M(1024M) 11.436ms
[2023-01-08T16:22:12.923-0500][gc,cpu      ] GC(9) User=0.03s Sys=0.00s Real=0.01s
[2023-01-08T16:23:25.215-0500][gc,heap,exit] Heap
[2023-01-08T16:23:25.215-0500][gc,heap,exit]  garbage-first heap   total 1048576K, used 172749K [0x00000007c0000000, 0x0000000800000000)
[2023-01-08T16:23:25.215-0500][gc,heap,exit]   region size 1024K, 27 young (27648K), 4 survivors (4096K)
[2023-01-08T16:23:25.215-0500][gc,heap,exit]  Metaspace       used 42871K, committed 43456K, reserved 1114112K
[2023-01-08T16:23:25.215-0500][gc,heap,exit]   class space    used 5168K, committed 5440K, reserved 1048576K
