[2023-01-08T16:11:33.057-0500][gc,init] CardTable entry size: 512
[2023-01-08T16:11:33.057-0500][gc     ] Using G1
[2023-01-08T16:11:33.058-0500][gc,init] Version: 19.0.1+10-21 (release)
[2023-01-08T16:11:33.058-0500][gc,init] CPUs: 8 total, 8 available
[2023-01-08T16:11:33.058-0500][gc,init] Memory: 16384M
[2023-01-08T16:11:33.058-0500][gc,init] Large Page Support: Disabled
[2023-01-08T16:11:33.058-0500][gc,init] NUMA Support: Disabled
[2023-01-08T16:11:33.058-0500][gc,init] Compressed Oops: Enabled (Zero based)
[2023-01-08T16:11:33.058-0500][gc,init] Heap Region Size: 1M
[2023-01-08T16:11:33.058-0500][gc,init] Heap Min Capacity: 1G
[2023-01-08T16:11:33.058-0500][gc,init] Heap Initial Capacity: 1G
[2023-01-08T16:11:33.058-0500][gc,init] Heap Max Capacity: 1G
[2023-01-08T16:11:33.058-0500][gc,init] Pre-touch: Disabled
[2023-01-08T16:11:33.058-0500][gc,init] Parallel Workers: 8
[2023-01-08T16:11:33.058-0500][gc,init] Concurrent Workers: 2
[2023-01-08T16:11:33.058-0500][gc,init] Concurrent Refinement Workers: 8
[2023-01-08T16:11:33.058-0500][gc,init] Periodic GC: Disabled
[2023-01-08T16:11:33.059-0500][gc,metaspace] CDS archive(s) mapped at: [0x0000000800000000-0x0000000800c44000-0x0000000800c44000), size 12861440, SharedBaseAddress: 0x0000000800000000, ArchiveRelocationMode: 0.
[2023-01-08T16:11:33.059-0500][gc,metaspace] Compressed class space mapped at: 0x0000000801000000-0x0000000841000000, reserved size: 1073741824
[2023-01-08T16:11:33.059-0500][gc,metaspace] Narrow klass base: 0x0000000800000000, Narrow klass shift: 0, Narrow klass range: 0x100000000
[2023-01-08T16:11:35.472-0500][gc,start    ] GC(0) Pause Young (Normal) (G1 Evacuation Pause)
[2023-01-08T16:11:35.473-0500][gc,task     ] GC(0) Using 8 workers of 8 for evacuation
[2023-01-08T16:11:35.476-0500][gc,phases   ] GC(0)   Pre Evacuate Collection Set: 0.1ms
[2023-01-08T16:11:35.476-0500][gc,phases   ] GC(0)   Merge Heap Roots: 0.0ms
[2023-01-08T16:11:35.476-0500][gc,phases   ] GC(0)   Evacuate Collection Set: 2.7ms
[2023-01-08T16:11:35.476-0500][gc,phases   ] GC(0)   Post Evacuate Collection Set: 0.3ms
[2023-01-08T16:11:35.476-0500][gc,phases   ] GC(0)   Other: 0.4ms
[2023-01-08T16:11:35.476-0500][gc,heap     ] GC(0) Eden regions: 51->0(44)
[2023-01-08T16:11:35.476-0500][gc,heap     ] GC(0) Survivor regions: 0->7(7)
[2023-01-08T16:11:35.476-0500][gc,heap     ] GC(0) Old regions: 0->1
[2023-01-08T16:11:35.476-0500][gc,heap     ] GC(0) Archive regions: 2->2
[2023-01-08T16:11:35.476-0500][gc,heap     ] GC(0) Humongous regions: 0->0
[2023-01-08T16:11:35.476-0500][gc,metaspace] GC(0) Metaspace: 19066K(19328K)->19066K(19328K) NonClass: 16681K(16832K)->16681K(16832K) Class: 2384K(2496K)->2384K(2496K)
[2023-01-08T16:11:35.476-0500][gc          ] GC(0) Pause Young (Normal) (G1 Evacuation Pause) 51M->8M(1024M) 3.724ms
[2023-01-08T16:11:35.476-0500][gc,cpu      ] GC(0) User=0.01s Sys=0.01s Real=0.00s
[2023-01-08T16:11:35.580-0500][gc,start    ] GC(1) Pause Young (Concurrent Start) (Metadata GC Threshold)
[2023-01-08T16:11:35.580-0500][gc,task     ] GC(1) Using 8 workers of 8 for evacuation
[2023-01-08T16:11:35.584-0500][gc,phases   ] GC(1)   Pre Evacuate Collection Set: 0.2ms
[2023-01-08T16:11:35.584-0500][gc,phases   ] GC(1)   Merge Heap Roots: 0.0ms
[2023-01-08T16:11:35.584-0500][gc,phases   ] GC(1)   Evacuate Collection Set: 3.6ms
[2023-01-08T16:11:35.584-0500][gc,phases   ] GC(1)   Post Evacuate Collection Set: 0.2ms
[2023-01-08T16:11:35.584-0500][gc,phases   ] GC(1)   Other: 0.0ms
[2023-01-08T16:11:35.584-0500][gc,heap     ] GC(1) Eden regions: 9->0(50)
[2023-01-08T16:11:35.584-0500][gc,heap     ] GC(1) Survivor regions: 7->1(7)
[2023-01-08T16:11:35.584-0500][gc,heap     ] GC(1) Old regions: 1->8
[2023-01-08T16:11:35.584-0500][gc,heap     ] GC(1) Archive regions: 2->2
[2023-01-08T16:11:35.584-0500][gc,heap     ] GC(1) Humongous regions: 0->0
[2023-01-08T16:11:35.584-0500][gc,metaspace] GC(1) Metaspace: 21306K(21504K)->21306K(21504K) NonClass: 18601K(18688K)->18601K(18688K) Class: 2704K(2816K)->2704K(2816K)
[2023-01-08T16:11:35.584-0500][gc          ] GC(1) Pause Young (Concurrent Start) (Metadata GC Threshold) 17M->9M(1024M) 4.220ms
[2023-01-08T16:11:35.584-0500][gc          ] GC(2) Concurrent Mark Cycle
[2023-01-08T16:11:35.584-0500][gc,cpu      ] GC(1) User=0.02s Sys=0.00s Real=0.00s
[2023-01-08T16:11:35.584-0500][gc,marking  ] GC(2) Concurrent Clear Claimed Marks
[2023-01-08T16:11:35.584-0500][gc,marking  ] GC(2) Concurrent Clear Claimed Marks 0.023ms
[2023-01-08T16:11:35.584-0500][gc,marking  ] GC(2) Concurrent Scan Root Regions
[2023-01-08T16:11:35.585-0500][gc,marking  ] GC(2) Concurrent Scan Root Regions 1.160ms
[2023-01-08T16:11:35.585-0500][gc,marking  ] GC(2) Concurrent Mark
[2023-01-08T16:11:35.585-0500][gc,marking  ] GC(2) Concurrent Mark From Roots
[2023-01-08T16:11:35.585-0500][gc,task     ] GC(2) Using 2 workers of 2 for marking
[2023-01-08T16:11:35.586-0500][gc,marking  ] GC(2) Concurrent Mark From Roots 0.910ms
[2023-01-08T16:11:35.586-0500][gc,marking  ] GC(2) Concurrent Preclean
[2023-01-08T16:11:35.586-0500][gc,marking  ] GC(2) Concurrent Preclean 0.006ms
[2023-01-08T16:11:35.586-0500][gc,start    ] GC(2) Pause Remark
[2023-01-08T16:11:35.587-0500][gc          ] GC(2) Pause Remark 9M->9M(1024M) 0.887ms
[2023-01-08T16:11:35.587-0500][gc,cpu      ] GC(2) User=0.00s Sys=0.01s Real=0.00s
[2023-01-08T16:11:35.587-0500][gc,marking  ] GC(2) Concurrent Mark 1.942ms
[2023-01-08T16:11:35.587-0500][gc,marking  ] GC(2) Concurrent Rebuild Remembered Sets
[2023-01-08T16:11:35.589-0500][gc,marking  ] GC(2) Concurrent Rebuild Remembered Sets 1.489ms
[2023-01-08T16:11:35.589-0500][gc,start    ] GC(2) Pause Cleanup
[2023-01-08T16:11:35.589-0500][gc          ] GC(2) Pause Cleanup 9M->9M(1024M) 0.078ms
[2023-01-08T16:11:35.589-0500][gc,cpu      ] GC(2) User=0.00s Sys=0.00s Real=0.00s
[2023-01-08T16:11:35.589-0500][gc,marking  ] GC(2) Concurrent Cleanup for Next Mark
[2023-01-08T16:11:35.591-0500][gc,marking  ] GC(2) Concurrent Cleanup for Next Mark 1.717ms
[2023-01-08T16:11:35.591-0500][gc          ] GC(2) Concurrent Mark Cycle 6.627ms
[2023-01-08T16:11:37.296-0500][gc,start    ] GC(3) Pause Young (Normal) (G1 Evacuation Pause)
[2023-01-08T16:11:37.296-0500][gc,task     ] GC(3) Using 8 workers of 8 for evacuation
[2023-01-08T16:11:37.298-0500][gc,phases   ] GC(3)   Pre Evacuate Collection Set: 0.1ms
[2023-01-08T16:11:37.298-0500][gc,phases   ] GC(3)   Merge Heap Roots: 0.0ms
[2023-01-08T16:11:37.298-0500][gc,phases   ] GC(3)   Evacuate Collection Set: 1.7ms
[2023-01-08T16:11:37.298-0500][gc,phases   ] GC(3)   Post Evacuate Collection Set: 0.2ms
[2023-01-08T16:11:37.298-0500][gc,phases   ] GC(3)   Other: 0.0ms
[2023-01-08T16:11:37.298-0500][gc,heap     ] GC(3) Eden regions: 50->0(46)
[2023-01-08T16:11:37.298-0500][gc,heap     ] GC(3) Survivor regions: 1->5(7)
[2023-01-08T16:11:37.298-0500][gc,heap     ] GC(3) Old regions: 8->8
[2023-01-08T16:11:37.298-0500][gc,heap     ] GC(3) Archive regions: 2->2
[2023-01-08T16:11:37.298-0500][gc,heap     ] GC(3) Humongous regions: 129->129
[2023-01-08T16:11:37.298-0500][gc,metaspace] GC(3) Metaspace: 31226K(31616K)->31226K(31616K) NonClass: 27489K(27712K)->27489K(27712K) Class: 3736K(3904K)->3736K(3904K)
[2023-01-08T16:11:37.298-0500][gc          ] GC(3) Pause Young (Normal) (G1 Evacuation Pause) 188M->141M(1024M) 2.219ms
[2023-01-08T16:11:37.298-0500][gc,cpu      ] GC(3) User=0.01s Sys=0.00s Real=0.00s
[2023-01-08T16:11:40.196-0500][gc,heap,exit] Heap
[2023-01-08T16:11:40.196-0500][gc,heap,exit]  garbage-first heap   total 1048576K, used 157567K [0x00000007c0000000, 0x0000000800000000)
[2023-01-08T16:11:40.196-0500][gc,heap,exit]   region size 1024K, 17 young (17408K), 5 survivors (5120K)
[2023-01-08T16:11:40.196-0500][gc,heap,exit]  Metaspace       used 32813K, committed 33152K, reserved 1114112K
[2023-01-08T16:11:40.196-0500][gc,heap,exit]   class space    used 4004K, committed 4160K, reserved 1048576K
