[2023-01-09T09:06:14.862-0500][gc,init] CardTable entry size: 512
[2023-01-09T09:06:14.863-0500][gc     ] Using G1
[2023-01-09T09:06:14.863-0500][gc,init] Version: 19.0.1+10-21 (release)
[2023-01-09T09:06:14.863-0500][gc,init] CPUs: 8 total, 8 available
[2023-01-09T09:06:14.863-0500][gc,init] Memory: 16384M
[2023-01-09T09:06:14.863-0500][gc,init] Large Page Support: Disabled
[2023-01-09T09:06:14.863-0500][gc,init] NUMA Support: Disabled
[2023-01-09T09:06:14.863-0500][gc,init] Compressed Oops: Enabled (Zero based)
[2023-01-09T09:06:14.863-0500][gc,init] Heap Region Size: 1M
[2023-01-09T09:06:14.863-0500][gc,init] Heap Min Capacity: 512M
[2023-01-09T09:06:14.863-0500][gc,init] Heap Initial Capacity: 512M
[2023-01-09T09:06:14.863-0500][gc,init] Heap Max Capacity: 512M
[2023-01-09T09:06:14.863-0500][gc,init] Pre-touch: Disabled
[2023-01-09T09:06:14.863-0500][gc,init] Parallel Workers: 8
[2023-01-09T09:06:14.863-0500][gc,init] Concurrent Workers: 2
[2023-01-09T09:06:14.863-0500][gc,init] Concurrent Refinement Workers: 8
[2023-01-09T09:06:14.863-0500][gc,init] Periodic GC: Disabled
[2023-01-09T09:06:14.864-0500][gc,metaspace] CDS archive(s) mapped at: [0x0000000800000000-0x0000000800c44000-0x0000000800c44000), size 12861440, SharedBaseAddress: 0x0000000800000000, ArchiveRelocationMode: 0.
[2023-01-09T09:06:14.864-0500][gc,metaspace] Compressed class space mapped at: 0x0000000801000000-0x0000000841000000, reserved size: 1073741824
[2023-01-09T09:06:14.864-0500][gc,metaspace] Narrow klass base: 0x0000000800000000, Narrow klass shift: 0, Narrow klass range: 0x100000000
[2023-01-09T09:06:15.334-0500][gc,start    ] GC(0) Pause Young (Normal) (G1 Evacuation Pause)
[2023-01-09T09:06:15.334-0500][gc,task     ] GC(0) Using 8 workers of 8 for evacuation
[2023-01-09T09:06:15.338-0500][gc,phases   ] GC(0)   Pre Evacuate Collection Set: 0.1ms
[2023-01-09T09:06:15.338-0500][gc,phases   ] GC(0)   Merge Heap Roots: 0.0ms
[2023-01-09T09:06:15.338-0500][gc,phases   ] GC(0)   Evacuate Collection Set: 3.6ms
[2023-01-09T09:06:15.338-0500][gc,phases   ] GC(0)   Post Evacuate Collection Set: 0.3ms
[2023-01-09T09:06:15.338-0500][gc,phases   ] GC(0)   Other: 0.2ms
[2023-01-09T09:06:15.338-0500][gc,heap     ] GC(0) Eden regions: 25->0(21)
[2023-01-09T09:06:15.338-0500][gc,heap     ] GC(0) Survivor regions: 0->4(4)
[2023-01-09T09:06:15.338-0500][gc,heap     ] GC(0) Old regions: 0->4
[2023-01-09T09:06:15.338-0500][gc,heap     ] GC(0) Archive regions: 2->2
[2023-01-09T09:06:15.338-0500][gc,heap     ] GC(0) Humongous regions: 0->0
[2023-01-09T09:06:15.338-0500][gc,metaspace] GC(0) Metaspace: 8331K(8576K)->8331K(8576K) NonClass: 7455K(7616K)->7455K(7616K) Class: 875K(960K)->875K(960K)
[2023-01-09T09:06:15.338-0500][gc          ] GC(0) Pause Young (Normal) (G1 Evacuation Pause) 25M->8M(512M) 4.384ms
[2023-01-09T09:06:15.338-0500][gc,cpu      ] GC(0) User=0.01s Sys=0.00s Real=0.00s
