[2022-12-29T19:54:31.092-0500][gc,init] CardTable entry size: 512
[2022-12-29T19:54:31.093-0500][gc     ] Using G1
[2022-12-29T19:54:31.093-0500][gc,init] Version: 19.0.1+10-21 (release)
[2022-12-29T19:54:31.093-0500][gc,init] CPUs: 8 total, 8 available
[2022-12-29T19:54:31.093-0500][gc,init] Memory: 16384M
[2022-12-29T19:54:31.093-0500][gc,init] Large Page Support: Disabled
[2022-12-29T19:54:31.093-0500][gc,init] NUMA Support: Disabled
[2022-12-29T19:54:31.093-0500][gc,init] Compressed Oops: Enabled (Zero based)
[2022-12-29T19:54:31.093-0500][gc,init] Heap Region Size: 1M
[2022-12-29T19:54:31.093-0500][gc,init] Heap Min Capacity: 512M
[2022-12-29T19:54:31.093-0500][gc,init] Heap Initial Capacity: 512M
[2022-12-29T19:54:31.093-0500][gc,init] Heap Max Capacity: 512M
[2022-12-29T19:54:31.093-0500][gc,init] Pre-touch: Disabled
[2022-12-29T19:54:31.093-0500][gc,init] Parallel Workers: 8
[2022-12-29T19:54:31.093-0500][gc,init] Concurrent Workers: 2
[2022-12-29T19:54:31.093-0500][gc,init] Concurrent Refinement Workers: 8
[2022-12-29T19:54:31.093-0500][gc,init] Periodic GC: Disabled
[2022-12-29T19:54:31.094-0500][gc,metaspace] CDS archive(s) mapped at: [0x0000000800000000-0x0000000800c44000-0x0000000800c44000), size 12861440, SharedBaseAddress: 0x0000000800000000, ArchiveRelocationMode: 0.
[2022-12-29T19:54:31.094-0500][gc,metaspace] Compressed class space mapped at: 0x0000000801000000-0x0000000841000000, reserved size: 1073741824
[2022-12-29T19:54:31.094-0500][gc,metaspace] Narrow klass base: 0x0000000800000000, Narrow klass shift: 0, Narrow klass range: 0x100000000
[2022-12-29T19:54:31.655-0500][gc,start    ] GC(0) Pause Young (Normal) (G1 Evacuation Pause)
[2022-12-29T19:54:31.656-0500][gc,task     ] GC(0) Using 8 workers of 8 for evacuation
[2022-12-29T19:54:31.658-0500][gc,phases   ] GC(0)   Pre Evacuate Collection Set: 0.1ms
[2022-12-29T19:54:31.658-0500][gc,phases   ] GC(0)   Merge Heap Roots: 0.0ms
[2022-12-29T19:54:31.658-0500][gc,phases   ] GC(0)   Evacuate Collection Set: 2.1ms
[2022-12-29T19:54:31.658-0500][gc,phases   ] GC(0)   Post Evacuate Collection Set: 0.3ms
[2022-12-29T19:54:31.658-0500][gc,phases   ] GC(0)   Other: 0.4ms
[2022-12-29T19:54:31.658-0500][gc,heap     ] GC(0) Eden regions: 25->0(21)
[2022-12-29T19:54:31.658-0500][gc,heap     ] GC(0) Survivor regions: 0->4(4)
[2022-12-29T19:54:31.658-0500][gc,heap     ] GC(0) Old regions: 0->4
[2022-12-29T19:54:31.658-0500][gc,heap     ] GC(0) Archive regions: 2->2
[2022-12-29T19:54:31.658-0500][gc,heap     ] GC(0) Humongous regions: 0->0
[2022-12-29T19:54:31.658-0500][gc,metaspace] GC(0) Metaspace: 8001K(8192K)->8001K(8192K) NonClass: 7164K(7296K)->7164K(7296K) Class: 836K(896K)->836K(896K)
[2022-12-29T19:54:31.658-0500][gc          ] GC(0) Pause Young (Normal) (G1 Evacuation Pause) 25M->8M(512M) 3.105ms
[2022-12-29T19:54:31.658-0500][gc,cpu      ] GC(0) User=0.01s Sys=0.01s Real=0.00s
[2022-12-29T23:31:33.881-0500][gc,heap,exit] Heap
[2022-12-29T23:31:33.881-0500][gc,heap,exit]  garbage-first heap   total 524288K, used 11521K [0x00000007e0000000, 0x0000000800000000)
[2022-12-29T23:31:33.881-0500][gc,heap,exit]   region size 1024K, 8 young (8192K), 4 survivors (4096K)
[2022-12-29T23:31:33.881-0500][gc,heap,exit]  Metaspace       used 8491K, committed 8704K, reserved 1114112K
[2022-12-29T23:31:33.881-0500][gc,heap,exit]   class space    used 898K, committed 1024K, reserved 1048576K
