[2022-12-29T23:31:56.130-0500][gc,init] CardTable entry size: 512
[2022-12-29T23:31:56.130-0500][gc     ] Using G1
[2022-12-29T23:31:56.131-0500][gc,init] Version: 19.0.1+10-21 (release)
[2022-12-29T23:31:56.131-0500][gc,init] CPUs: 8 total, 8 available
[2022-12-29T23:31:56.131-0500][gc,init] Memory: 16384M
[2022-12-29T23:31:56.131-0500][gc,init] Large Page Support: Disabled
[2022-12-29T23:31:56.131-0500][gc,init] NUMA Support: Disabled
[2022-12-29T23:31:56.131-0500][gc,init] Compressed Oops: Enabled (Zero based)
[2022-12-29T23:31:56.131-0500][gc,init] Heap Region Size: 1M
[2022-12-29T23:31:56.131-0500][gc,init] Heap Min Capacity: 512M
[2022-12-29T23:31:56.131-0500][gc,init] Heap Initial Capacity: 512M
[2022-12-29T23:31:56.131-0500][gc,init] Heap Max Capacity: 512M
[2022-12-29T23:31:56.131-0500][gc,init] Pre-touch: Disabled
[2022-12-29T23:31:56.131-0500][gc,init] Parallel Workers: 8
[2022-12-29T23:31:56.131-0500][gc,init] Concurrent Workers: 2
[2022-12-29T23:31:56.131-0500][gc,init] Concurrent Refinement Workers: 8
[2022-12-29T23:31:56.131-0500][gc,init] Periodic GC: Disabled
[2022-12-29T23:31:56.131-0500][gc,metaspace] CDS archive(s) mapped at: [0x0000000800000000-0x0000000800c44000-0x0000000800c44000), size 12861440, SharedBaseAddress: 0x0000000800000000, ArchiveRelocationMode: 0.
[2022-12-29T23:31:56.131-0500][gc,metaspace] Compressed class space mapped at: 0x0000000801000000-0x0000000841000000, reserved size: 1073741824
[2022-12-29T23:31:56.131-0500][gc,metaspace] Narrow klass base: 0x0000000800000000, Narrow klass shift: 0, Narrow klass range: 0x100000000
[2022-12-29T23:32:56.543-0500][gc,start    ] GC(0) Pause Young (Normal) (G1 Evacuation Pause)
[2022-12-29T23:32:56.545-0500][gc,task     ] GC(0) Using 8 workers of 8 for evacuation
[2022-12-29T23:32:56.564-0500][gc,phases   ] GC(0)   Pre Evacuate Collection Set: 0.5ms
[2022-12-29T23:32:56.564-0500][gc,phases   ] GC(0)   Merge Heap Roots: 0.1ms
[2022-12-29T23:32:56.564-0500][gc,phases   ] GC(0)   Evacuate Collection Set: 17.1ms
[2022-12-29T23:32:56.564-0500][gc,phases   ] GC(0)   Post Evacuate Collection Set: 0.8ms
[2022-12-29T23:32:56.564-0500][gc,phases   ] GC(0)   Other: 1.0ms
[2022-12-29T23:32:56.564-0500][gc,heap     ] GC(0) Eden regions: 25->0(21)
[2022-12-29T23:32:56.564-0500][gc,heap     ] GC(0) Survivor regions: 0->4(4)
[2022-12-29T23:32:56.564-0500][gc,heap     ] GC(0) Old regions: 0->4
[2022-12-29T23:32:56.564-0500][gc,heap     ] GC(0) Archive regions: 2->2
[2022-12-29T23:32:56.564-0500][gc,heap     ] GC(0) Humongous regions: 0->0
[2022-12-29T23:32:56.564-0500][gc,metaspace] GC(0) Metaspace: 8325K(8576K)->8325K(8576K) NonClass: 7441K(7552K)->7441K(7552K) Class: 884K(1024K)->884K(1024K)
[2022-12-29T23:32:56.564-0500][gc          ] GC(0) Pause Young (Normal) (G1 Evacuation Pause) 25M->8M(512M) 21.445ms
[2022-12-29T23:32:56.564-0500][gc,cpu      ] GC(0) User=0.02s Sys=0.04s Real=0.02s
[2022-12-30T00:24:40.562-0500][gc,heap,exit] Heap
[2022-12-30T00:24:40.563-0500][gc,heap,exit]  garbage-first heap   total 524288K, used 9486K [0x00000007e0000000, 0x0000000800000000)
[2022-12-30T00:24:40.563-0500][gc,heap,exit]   region size 1024K, 6 young (6144K), 4 survivors (4096K)
[2022-12-30T00:24:40.563-0500][gc,heap,exit]  Metaspace       used 8338K, committed 8640K, reserved 1114112K
[2022-12-30T00:24:40.563-0500][gc,heap,exit]   class space    used 884K, committed 1024K, reserved 1048576K
