[2023-01-04T23:54:47.065-0500][gc,init] CardTable entry size: 512
[2023-01-04T23:54:47.065-0500][gc     ] Using G1
[2023-01-04T23:54:47.065-0500][gc,init] Version: 19.0.1+10-21 (release)
[2023-01-04T23:54:47.065-0500][gc,init] CPUs: 8 total, 8 available
[2023-01-04T23:54:47.065-0500][gc,init] Memory: 16384M
[2023-01-04T23:54:47.065-0500][gc,init] Large Page Support: Disabled
[2023-01-04T23:54:47.065-0500][gc,init] NUMA Support: Disabled
[2023-01-04T23:54:47.065-0500][gc,init] Compressed Oops: Enabled (Zero based)
[2023-01-04T23:54:47.065-0500][gc,init] Heap Region Size: 1M
[2023-01-04T23:54:47.065-0500][gc,init] Heap Min Capacity: 512M
[2023-01-04T23:54:47.065-0500][gc,init] Heap Initial Capacity: 512M
[2023-01-04T23:54:47.065-0500][gc,init] Heap Max Capacity: 512M
[2023-01-04T23:54:47.065-0500][gc,init] Pre-touch: Disabled
[2023-01-04T23:54:47.065-0500][gc,init] Parallel Workers: 8
[2023-01-04T23:54:47.065-0500][gc,init] Concurrent Workers: 2
[2023-01-04T23:54:47.065-0500][gc,init] Concurrent Refinement Workers: 8
[2023-01-04T23:54:47.065-0500][gc,init] Periodic GC: Disabled
[2023-01-04T23:54:47.066-0500][gc,metaspace] CDS archive(s) mapped at: [0x0000000800000000-0x0000000800c44000-0x0000000800c44000), size 12861440, SharedBaseAddress: 0x0000000800000000, ArchiveRelocationMode: 0.
[2023-01-04T23:54:47.066-0500][gc,metaspace] Compressed class space mapped at: 0x0000000801000000-0x0000000841000000, reserved size: 1073741824
[2023-01-04T23:54:47.066-0500][gc,metaspace] Narrow klass base: 0x0000000800000000, Narrow klass shift: 0, Narrow klass range: 0x100000000
[2023-01-04T23:54:47.847-0500][gc,start    ] GC(0) Pause Young (Normal) (G1 Evacuation Pause)
[2023-01-04T23:54:47.847-0500][gc,task     ] GC(0) Using 8 workers of 8 for evacuation
[2023-01-04T23:54:47.849-0500][gc,phases   ] GC(0)   Pre Evacuate Collection Set: 0.1ms
[2023-01-04T23:54:47.849-0500][gc,phases   ] GC(0)   Merge Heap Roots: 0.0ms
[2023-01-04T23:54:47.849-0500][gc,phases   ] GC(0)   Evacuate Collection Set: 1.8ms
[2023-01-04T23:54:47.849-0500][gc,phases   ] GC(0)   Post Evacuate Collection Set: 0.2ms
[2023-01-04T23:54:47.849-0500][gc,phases   ] GC(0)   Other: 0.2ms
[2023-01-04T23:54:47.849-0500][gc,heap     ] GC(0) Eden regions: 25->0(21)
[2023-01-04T23:54:47.849-0500][gc,heap     ] GC(0) Survivor regions: 0->4(4)
[2023-01-04T23:54:47.849-0500][gc,heap     ] GC(0) Old regions: 0->4
[2023-01-04T23:54:47.849-0500][gc,heap     ] GC(0) Archive regions: 2->2
[2023-01-04T23:54:47.849-0500][gc,heap     ] GC(0) Humongous regions: 0->0
[2023-01-04T23:54:47.849-0500][gc,metaspace] GC(0) Metaspace: 8243K(8384K)->8243K(8384K) NonClass: 7394K(7488K)->7394K(7488K) Class: 848K(896K)->848K(896K)
[2023-01-04T23:54:47.849-0500][gc          ] GC(0) Pause Young (Normal) (G1 Evacuation Pause) 25M->8M(512M) 2.500ms
[2023-01-04T23:54:47.849-0500][gc,cpu      ] GC(0) User=0.01s Sys=0.01s Real=0.00s
[2023-01-05T00:30:03.761-0500][gc,start    ] GC(1) Pause Young (Normal) (G1 Evacuation Pause)
[2023-01-05T00:30:03.762-0500][gc,task     ] GC(1) Using 8 workers of 8 for evacuation
[2023-01-05T00:30:03.946-0500][gc,mmu      ] GC(1) MMU target violated: 21.0ms (20.0ms/21.0ms)
[2023-01-05T00:30:03.946-0500][gc,phases   ] GC(1)   Pre Evacuate Collection Set: 3.7ms
[2023-01-05T00:30:03.946-0500][gc,phases   ] GC(1)   Merge Heap Roots: 0.2ms
[2023-01-05T00:30:03.946-0500][gc,phases   ] GC(1)   Evacuate Collection Set: 175.7ms
[2023-01-05T00:30:03.946-0500][gc,phases   ] GC(1)   Post Evacuate Collection Set: 4.4ms
[2023-01-05T00:30:03.946-0500][gc,phases   ] GC(1)   Other: 0.4ms
[2023-01-05T00:30:03.946-0500][gc,heap     ] GC(1) Eden regions: 21->0(24)
[2023-01-05T00:30:03.946-0500][gc,heap     ] GC(1) Survivor regions: 4->1(4)
[2023-01-05T00:30:03.946-0500][gc,heap     ] GC(1) Old regions: 4->8
[2023-01-05T00:30:03.946-0500][gc,heap     ] GC(1) Archive regions: 2->2
[2023-01-05T00:30:03.946-0500][gc,heap     ] GC(1) Humongous regions: 0->0
[2023-01-05T00:30:03.946-0500][gc,metaspace] GC(1) Metaspace: 9548K(9792K)->9548K(9792K) NonClass: 8602K(8704K)->8602K(8704K) Class: 946K(1088K)->946K(1088K)
[2023-01-05T00:30:03.946-0500][gc          ] GC(1) Pause Young (Normal) (G1 Evacuation Pause) 29M->9M(512M) 185.466ms
[2023-01-05T00:30:03.946-0500][gc,cpu      ] GC(1) User=0.02s Sys=0.11s Real=0.18s
[2023-01-05T03:27:06.576-0500][gc,start    ] GC(2) Pause Young (Normal) (G1 Evacuation Pause)
[2023-01-05T03:27:06.577-0500][gc,task     ] GC(2) Using 8 workers of 8 for evacuation
[2023-01-05T03:27:06.668-0500][gc,mmu      ] GC(2) MMU target violated: 21.0ms (20.0ms/21.0ms)
[2023-01-05T03:27:06.668-0500][gc,phases   ] GC(2)   Pre Evacuate Collection Set: 2.1ms
[2023-01-05T03:27:06.668-0500][gc,phases   ] GC(2)   Merge Heap Roots: 0.6ms
[2023-01-05T03:27:06.668-0500][gc,phases   ] GC(2)   Evacuate Collection Set: 75.5ms
[2023-01-05T03:27:06.668-0500][gc,phases   ] GC(2)   Post Evacuate Collection Set: 13.0ms
[2023-01-05T03:27:06.668-0500][gc,phases   ] GC(2)   Other: 0.3ms
[2023-01-05T03:27:06.668-0500][gc,heap     ] GC(2) Eden regions: 24->0(24)
[2023-01-05T03:27:06.668-0500][gc,heap     ] GC(2) Survivor regions: 1->1(4)
[2023-01-05T03:27:06.668-0500][gc,heap     ] GC(2) Old regions: 8->8
[2023-01-05T03:27:06.668-0500][gc,heap     ] GC(2) Archive regions: 2->2
[2023-01-05T03:27:06.668-0500][gc,heap     ] GC(2) Humongous regions: 0->0
[2023-01-05T03:27:06.668-0500][gc,metaspace] GC(2) Metaspace: 9556K(9792K)->9556K(9792K) NonClass: 8610K(8704K)->8610K(8704K) Class: 946K(1088K)->946K(1088K)
[2023-01-05T03:27:06.669-0500][gc          ] GC(2) Pause Young (Normal) (G1 Evacuation Pause) 33M->9M(512M) 92.729ms
[2023-01-05T03:27:06.669-0500][gc,cpu      ] GC(2) User=0.01s Sys=0.07s Real=0.09s
[2023-01-05T10:13:27.065-0500][gc,heap,exit] Heap
[2023-01-05T10:13:27.082-0500][gc,heap,exit]  garbage-first heap   total 524288K, used 27017K [0x00000007e0000000, 0x0000000800000000)
[2023-01-05T10:13:27.082-0500][gc,heap,exit]   region size 1024K, 19 young (19456K), 1 survivors (1024K)
[2023-01-05T10:13:27.082-0500][gc,heap,exit]  Metaspace       used 9570K, committed 9856K, reserved 1114112K
[2023-01-05T10:13:27.082-0500][gc,heap,exit]   class space    used 946K, committed 1088K, reserved 1048576K
