[2023-01-04T11:08:26.640-0500][gc,init] CardTable entry size: 512
[2023-01-04T11:08:26.640-0500][gc     ] Using G1
[2023-01-04T11:08:26.641-0500][gc,init] Version: 19.0.1+10-21 (release)
[2023-01-04T11:08:26.641-0500][gc,init] CPUs: 8 total, 8 available
[2023-01-04T11:08:26.641-0500][gc,init] Memory: 16384M
[2023-01-04T11:08:26.641-0500][gc,init] Large Page Support: Disabled
[2023-01-04T11:08:26.641-0500][gc,init] NUMA Support: Disabled
[2023-01-04T11:08:26.641-0500][gc,init] Compressed Oops: Enabled (Zero based)
[2023-01-04T11:08:26.641-0500][gc,init] Heap Region Size: 1M
[2023-01-04T11:08:26.641-0500][gc,init] Heap Min Capacity: 512M
[2023-01-04T11:08:26.641-0500][gc,init] Heap Initial Capacity: 512M
[2023-01-04T11:08:26.641-0500][gc,init] Heap Max Capacity: 512M
[2023-01-04T11:08:26.641-0500][gc,init] Pre-touch: Disabled
[2023-01-04T11:08:26.641-0500][gc,init] Parallel Workers: 8
[2023-01-04T11:08:26.641-0500][gc,init] Concurrent Workers: 2
[2023-01-04T11:08:26.641-0500][gc,init] Concurrent Refinement Workers: 8
[2023-01-04T11:08:26.641-0500][gc,init] Periodic GC: Disabled
[2023-01-04T11:08:26.641-0500][gc,metaspace] CDS archive(s) mapped at: [0x0000000800000000-0x0000000800c44000-0x0000000800c44000), size 12861440, SharedBaseAddress: 0x0000000800000000, ArchiveRelocationMode: 0.
[2023-01-04T11:08:26.641-0500][gc,metaspace] Compressed class space mapped at: 0x0000000801000000-0x0000000841000000, reserved size: 1073741824
[2023-01-04T11:08:26.641-0500][gc,metaspace] Narrow klass base: 0x0000000800000000, Narrow klass shift: 0, Narrow klass range: 0x100000000
[2023-01-04T11:08:28.413-0500][gc,start    ] GC(0) Pause Young (Normal) (G1 Evacuation Pause)
[2023-01-04T11:08:28.414-0500][gc,task     ] GC(0) Using 8 workers of 8 for evacuation
[2023-01-04T11:08:28.422-0500][gc,phases   ] GC(0)   Pre Evacuate Collection Set: 0.2ms
[2023-01-04T11:08:28.422-0500][gc,phases   ] GC(0)   Merge Heap Roots: 0.0ms
[2023-01-04T11:08:28.422-0500][gc,phases   ] GC(0)   Evacuate Collection Set: 7.1ms
[2023-01-04T11:08:28.422-0500][gc,phases   ] GC(0)   Post Evacuate Collection Set: 0.6ms
[2023-01-04T11:08:28.422-0500][gc,phases   ] GC(0)   Other: 0.4ms
[2023-01-04T11:08:28.422-0500][gc,heap     ] GC(0) Eden regions: 25->0(21)
[2023-01-04T11:08:28.422-0500][gc,heap     ] GC(0) Survivor regions: 0->4(4)
[2023-01-04T11:08:28.422-0500][gc,heap     ] GC(0) Old regions: 0->4
[2023-01-04T11:08:28.422-0500][gc,heap     ] GC(0) Archive regions: 2->2
[2023-01-04T11:08:28.422-0500][gc,heap     ] GC(0) Humongous regions: 0->0
[2023-01-04T11:08:28.422-0500][gc,metaspace] GC(0) Metaspace: 8258K(8512K)->8258K(8512K) NonClass: 7377K(7488K)->7377K(7488K) Class: 880K(1024K)->880K(1024K)
[2023-01-04T11:08:28.422-0500][gc          ] GC(0) Pause Young (Normal) (G1 Evacuation Pause) 25M->8M(512M) 8.850ms
[2023-01-04T11:08:28.422-0500][gc,cpu      ] GC(0) User=0.02s Sys=0.01s Real=0.01s
[2023-01-04T12:42:11.610-0500][gc,start    ] GC(1) Pause Young (Normal) (G1 Evacuation Pause)
[2023-01-04T12:42:11.611-0500][gc,task     ] GC(1) Using 8 workers of 8 for evacuation
[2023-01-04T12:42:11.720-0500][gc,mmu      ] GC(1) MMU target violated: 21.0ms (20.0ms/21.0ms)
[2023-01-04T12:42:11.720-0500][gc,phases   ] GC(1)   Pre Evacuate Collection Set: 1.7ms
[2023-01-04T12:42:11.720-0500][gc,phases   ] GC(1)   Merge Heap Roots: 0.8ms
[2023-01-04T12:42:11.720-0500][gc,phases   ] GC(1)   Evacuate Collection Set: 104.5ms
[2023-01-04T12:42:11.720-0500][gc,phases   ] GC(1)   Post Evacuate Collection Set: 1.4ms
[2023-01-04T12:42:11.720-0500][gc,phases   ] GC(1)   Other: 0.9ms
[2023-01-04T12:42:11.720-0500][gc,heap     ] GC(1) Eden regions: 21->0(24)
[2023-01-04T12:42:11.720-0500][gc,heap     ] GC(1) Survivor regions: 4->1(4)
[2023-01-04T12:42:11.720-0500][gc,heap     ] GC(1) Old regions: 4->8
[2023-01-04T12:42:11.720-0500][gc,heap     ] GC(1) Archive regions: 2->2
[2023-01-04T12:42:11.720-0500][gc,heap     ] GC(1) Humongous regions: 0->0
[2023-01-04T12:42:11.720-0500][gc,metaspace] GC(1) Metaspace: 9510K(9728K)->9510K(9728K) NonClass: 8564K(8640K)->8564K(8640K) Class: 946K(1088K)->946K(1088K)
[2023-01-04T12:42:11.720-0500][gc          ] GC(1) Pause Young (Normal) (G1 Evacuation Pause) 29M->8M(512M) 109.706ms
[2023-01-04T12:42:11.720-0500][gc,cpu      ] GC(1) User=0.01s Sys=0.04s Real=0.11s
[2023-01-04T14:12:38.166-0500][gc,start    ] GC(2) Pause Young (Normal) (G1 Evacuation Pause)
[2023-01-04T14:12:38.169-0500][gc,task     ] GC(2) Using 8 workers of 8 for evacuation
[2023-01-04T14:12:38.259-0500][gc,mmu      ] GC(2) MMU target violated: 21.0ms (20.0ms/21.0ms)
[2023-01-04T14:12:38.259-0500][gc,phases   ] GC(2)   Pre Evacuate Collection Set: 2.7ms
[2023-01-04T14:12:38.259-0500][gc,phases   ] GC(2)   Merge Heap Roots: 0.5ms
[2023-01-04T14:12:38.259-0500][gc,phases   ] GC(2)   Evacuate Collection Set: 73.8ms
[2023-01-04T14:12:38.259-0500][gc,phases   ] GC(2)   Post Evacuate Collection Set: 11.1ms
[2023-01-04T14:12:38.259-0500][gc,phases   ] GC(2)   Other: 2.4ms
[2023-01-04T14:12:38.259-0500][gc,heap     ] GC(2) Eden regions: 24->0(24)
[2023-01-04T14:12:38.259-0500][gc,heap     ] GC(2) Survivor regions: 1->1(4)
[2023-01-04T14:12:38.259-0500][gc,heap     ] GC(2) Old regions: 8->8
[2023-01-04T14:12:38.259-0500][gc,heap     ] GC(2) Archive regions: 2->2
[2023-01-04T14:12:38.259-0500][gc,heap     ] GC(2) Humongous regions: 0->0
[2023-01-04T14:12:38.259-0500][gc,metaspace] GC(2) Metaspace: 9520K(9792K)->9520K(9792K) NonClass: 8574K(8704K)->8574K(8704K) Class: 946K(1088K)->946K(1088K)
[2023-01-04T14:12:38.259-0500][gc          ] GC(2) Pause Young (Normal) (G1 Evacuation Pause) 32M->8M(512M) 92.758ms
[2023-01-04T14:12:38.259-0500][gc,cpu      ] GC(2) User=0.01s Sys=0.05s Real=0.09s
[2023-01-04T15:12:38.274-0500][gc,heap,exit] Heap
[2023-01-04T15:12:38.275-0500][gc,heap,exit]  garbage-first heap   total 524288K, used 19455K [0x00000007e0000000, 0x0000000800000000)
[2023-01-04T15:12:38.275-0500][gc,heap,exit]   region size 1024K, 12 young (12288K), 1 survivors (1024K)
[2023-01-04T15:12:38.275-0500][gc,heap,exit]  Metaspace       used 9525K, committed 9792K, reserved 1114112K
[2023-01-04T15:12:38.275-0500][gc,heap,exit]   class space    used 946K, committed 1088K, reserved 1048576K
