[2022-12-31T09:47:53.559-0500][gc,init] CardTable entry size: 512
[2022-12-31T09:47:53.559-0500][gc     ] Using G1
[2022-12-31T09:47:53.559-0500][gc,init] Version: 19.0.1+10-21 (release)
[2022-12-31T09:47:53.559-0500][gc,init] CPUs: 8 total, 8 available
[2022-12-31T09:47:53.559-0500][gc,init] Memory: 16384M
[2022-12-31T09:47:53.559-0500][gc,init] Large Page Support: Disabled
[2022-12-31T09:47:53.560-0500][gc,init] NUMA Support: Disabled
[2022-12-31T09:47:53.560-0500][gc,init] Compressed Oops: Enabled (Zero based)
[2022-12-31T09:47:53.560-0500][gc,init] Heap Region Size: 1M
[2022-12-31T09:47:53.560-0500][gc,init] Heap Min Capacity: 512M
[2022-12-31T09:47:53.560-0500][gc,init] Heap Initial Capacity: 512M
[2022-12-31T09:47:53.560-0500][gc,init] Heap Max Capacity: 512M
[2022-12-31T09:47:53.560-0500][gc,init] Pre-touch: Disabled
[2022-12-31T09:47:53.560-0500][gc,init] Parallel Workers: 8
[2022-12-31T09:47:53.560-0500][gc,init] Concurrent Workers: 2
[2022-12-31T09:47:53.560-0500][gc,init] Concurrent Refinement Workers: 8
[2022-12-31T09:47:53.560-0500][gc,init] Periodic GC: Disabled
[2022-12-31T09:47:53.560-0500][gc,metaspace] CDS archive(s) mapped at: [0x0000000800000000-0x0000000800c44000-0x0000000800c44000), size 12861440, SharedBaseAddress: 0x0000000800000000, ArchiveRelocationMode: 0.
[2022-12-31T09:47:53.560-0500][gc,metaspace] Compressed class space mapped at: 0x0000000801000000-0x0000000841000000, reserved size: 1073741824
[2022-12-31T09:47:53.560-0500][gc,metaspace] Narrow klass base: 0x0000000800000000, Narrow klass shift: 0, Narrow klass range: 0x100000000
[2022-12-31T09:48:46.368-0500][gc,start    ] GC(0) Pause Young (Normal) (G1 Evacuation Pause)
[2022-12-31T09:48:46.370-0500][gc,task     ] GC(0) Using 8 workers of 8 for evacuation
[2022-12-31T09:48:46.375-0500][gc,phases   ] GC(0)   Pre Evacuate Collection Set: 0.2ms
[2022-12-31T09:48:46.375-0500][gc,phases   ] GC(0)   Merge Heap Roots: 0.1ms
[2022-12-31T09:48:46.375-0500][gc,phases   ] GC(0)   Evacuate Collection Set: 3.4ms
[2022-12-31T09:48:46.375-0500][gc,phases   ] GC(0)   Post Evacuate Collection Set: 0.9ms
[2022-12-31T09:48:46.375-0500][gc,phases   ] GC(0)   Other: 1.9ms
[2022-12-31T09:48:46.375-0500][gc,heap     ] GC(0) Eden regions: 25->0(21)
[2022-12-31T09:48:46.375-0500][gc,heap     ] GC(0) Survivor regions: 0->4(4)
[2022-12-31T09:48:46.375-0500][gc,heap     ] GC(0) Old regions: 0->4
[2022-12-31T09:48:46.375-0500][gc,heap     ] GC(0) Archive regions: 2->2
[2022-12-31T09:48:46.375-0500][gc,heap     ] GC(0) Humongous regions: 0->0
[2022-12-31T09:48:46.375-0500][gc,metaspace] GC(0) Metaspace: 8331K(8512K)->8331K(8512K) NonClass: 7447K(7552K)->7447K(7552K) Class: 883K(960K)->883K(960K)
[2022-12-31T09:48:46.375-0500][gc          ] GC(0) Pause Young (Normal) (G1 Evacuation Pause) 25M->8M(512M) 6.937ms
[2022-12-31T09:48:46.375-0500][gc,cpu      ] GC(0) User=0.01s Sys=0.01s Real=0.01s
[2022-12-31T10:58:56.537-0500][gc,start    ] GC(1) Pause Young (Normal) (G1 Evacuation Pause)
[2022-12-31T10:58:56.539-0500][gc,task     ] GC(1) Using 8 workers of 8 for evacuation
[2022-12-31T10:58:56.556-0500][gc,phases   ] GC(1)   Pre Evacuate Collection Set: 0.4ms
[2022-12-31T10:58:56.556-0500][gc,phases   ] GC(1)   Merge Heap Roots: 0.1ms
[2022-12-31T10:58:56.556-0500][gc,phases   ] GC(1)   Evacuate Collection Set: 16.2ms
[2022-12-31T10:58:56.556-0500][gc,phases   ] GC(1)   Post Evacuate Collection Set: 0.7ms
[2022-12-31T10:58:56.556-0500][gc,phases   ] GC(1)   Other: 0.1ms
[2022-12-31T10:58:56.556-0500][gc,heap     ] GC(1) Eden regions: 21->0(24)
[2022-12-31T10:58:56.556-0500][gc,heap     ] GC(1) Survivor regions: 4->1(4)
[2022-12-31T10:58:56.556-0500][gc,heap     ] GC(1) Old regions: 4->8
[2022-12-31T10:58:56.556-0500][gc,heap     ] GC(1) Archive regions: 2->2
[2022-12-31T10:58:56.556-0500][gc,heap     ] GC(1) Humongous regions: 0->0
[2022-12-31T10:58:56.556-0500][gc,metaspace] GC(1) Metaspace: 9515K(9792K)->9515K(9792K) NonClass: 8569K(8704K)->8569K(8704K) Class: 946K(1088K)->946K(1088K)
[2022-12-31T10:58:56.556-0500][gc          ] GC(1) Pause Young (Normal) (G1 Evacuation Pause) 29M->9M(512M) 19.113ms
[2022-12-31T10:58:56.556-0500][gc,cpu      ] GC(1) User=0.01s Sys=0.03s Real=0.02s
[2022-12-31T12:39:42.454-0500][gc,start    ] GC(2) Pause Young (Normal) (G1 Evacuation Pause)
[2022-12-31T12:39:42.454-0500][gc,task     ] GC(2) Using 8 workers of 8 for evacuation
[2022-12-31T12:39:42.464-0500][gc,phases   ] GC(2)   Pre Evacuate Collection Set: 0.4ms
[2022-12-31T12:39:42.464-0500][gc,phases   ] GC(2)   Merge Heap Roots: 0.2ms
[2022-12-31T12:39:42.464-0500][gc,phases   ] GC(2)   Evacuate Collection Set: 8.9ms
[2022-12-31T12:39:42.464-0500][gc,phases   ] GC(2)   Post Evacuate Collection Set: 0.4ms
[2022-12-31T12:39:42.464-0500][gc,phases   ] GC(2)   Other: 0.2ms
[2022-12-31T12:39:42.464-0500][gc,heap     ] GC(2) Eden regions: 24->0(24)
[2022-12-31T12:39:42.464-0500][gc,heap     ] GC(2) Survivor regions: 1->1(4)
[2022-12-31T12:39:42.464-0500][gc,heap     ] GC(2) Old regions: 8->8
[2022-12-31T12:39:42.464-0500][gc,heap     ] GC(2) Archive regions: 2->2
[2022-12-31T12:39:42.464-0500][gc,heap     ] GC(2) Humongous regions: 0->0
[2022-12-31T12:39:42.464-0500][gc,metaspace] GC(2) Metaspace: 9518K(9792K)->9518K(9792K) NonClass: 8572K(8704K)->8572K(8704K) Class: 946K(1088K)->946K(1088K)
[2022-12-31T12:39:42.464-0500][gc          ] GC(2) Pause Young (Normal) (G1 Evacuation Pause) 33M->8M(512M) 10.783ms
[2022-12-31T12:39:42.465-0500][gc,cpu      ] GC(2) User=0.01s Sys=0.03s Real=0.01s
[2022-12-31T12:43:06.965-0500][gc,heap,exit] Heap
[2022-12-31T12:43:06.966-0500][gc,heap,exit]  garbage-first heap   total 524288K, used 11211K [0x00000007e0000000, 0x0000000800000000)
[2022-12-31T12:43:06.966-0500][gc,heap,exit]   region size 1024K, 4 young (4096K), 1 survivors (1024K)
[2022-12-31T12:43:06.966-0500][gc,heap,exit]  Metaspace       used 9522K, committed 9792K, reserved 1114112K
[2022-12-31T12:43:06.966-0500][gc,heap,exit]   class space    used 946K, committed 1088K, reserved 1048576K
