[2023-01-02T12:13:17.332-0500][gc,init] CardTable entry size: 512
[2023-01-02T12:13:17.332-0500][gc     ] Using G1
[2023-01-02T12:13:17.333-0500][gc,init] Version: 19.0.1+10-21 (release)
[2023-01-02T12:13:17.333-0500][gc,init] CPUs: 8 total, 8 available
[2023-01-02T12:13:17.333-0500][gc,init] Memory: 16384M
[2023-01-02T12:13:17.333-0500][gc,init] Large Page Support: Disabled
[2023-01-02T12:13:17.333-0500][gc,init] NUMA Support: Disabled
[2023-01-02T12:13:17.333-0500][gc,init] Compressed Oops: Enabled (Zero based)
[2023-01-02T12:13:17.333-0500][gc,init] Heap Region Size: 1M
[2023-01-02T12:13:17.333-0500][gc,init] Heap Min Capacity: 512M
[2023-01-02T12:13:17.333-0500][gc,init] Heap Initial Capacity: 512M
[2023-01-02T12:13:17.333-0500][gc,init] Heap Max Capacity: 512M
[2023-01-02T12:13:17.333-0500][gc,init] Pre-touch: Disabled
[2023-01-02T12:13:17.333-0500][gc,init] Parallel Workers: 8
[2023-01-02T12:13:17.333-0500][gc,init] Concurrent Workers: 2
[2023-01-02T12:13:17.333-0500][gc,init] Concurrent Refinement Workers: 8
[2023-01-02T12:13:17.333-0500][gc,init] Periodic GC: Disabled
[2023-01-02T12:13:17.333-0500][gc,metaspace] CDS archive(s) mapped at: [0x0000000800000000-0x0000000800c44000-0x0000000800c44000), size 12861440, SharedBaseAddress: 0x0000000800000000, ArchiveRelocationMode: 0.
[2023-01-02T12:13:17.333-0500][gc,metaspace] Compressed class space mapped at: 0x0000000801000000-0x0000000841000000, reserved size: 1073741824
[2023-01-02T12:13:17.333-0500][gc,metaspace] Narrow klass base: 0x0000000800000000, Narrow klass shift: 0, Narrow klass range: 0x100000000
[2023-01-02T12:13:17.771-0500][gc,start    ] GC(0) Pause Young (Normal) (G1 Evacuation Pause)
[2023-01-02T12:13:17.771-0500][gc,task     ] GC(0) Using 8 workers of 8 for evacuation
[2023-01-02T12:13:17.775-0500][gc,phases   ] GC(0)   Pre Evacuate Collection Set: 0.1ms
[2023-01-02T12:13:17.775-0500][gc,phases   ] GC(0)   Merge Heap Roots: 0.0ms
[2023-01-02T12:13:17.775-0500][gc,phases   ] GC(0)   Evacuate Collection Set: 3.0ms
[2023-01-02T12:13:17.775-0500][gc,phases   ] GC(0)   Post Evacuate Collection Set: 0.8ms
[2023-01-02T12:13:17.775-0500][gc,phases   ] GC(0)   Other: 0.4ms
[2023-01-02T12:13:17.775-0500][gc,heap     ] GC(0) Eden regions: 25->0(21)
[2023-01-02T12:13:17.775-0500][gc,heap     ] GC(0) Survivor regions: 0->4(4)
[2023-01-02T12:13:17.775-0500][gc,heap     ] GC(0) Old regions: 0->4
[2023-01-02T12:13:17.775-0500][gc,heap     ] GC(0) Archive regions: 2->2
[2023-01-02T12:13:17.775-0500][gc,heap     ] GC(0) Humongous regions: 0->0
[2023-01-02T12:13:17.775-0500][gc,metaspace] GC(0) Metaspace: 8246K(8384K)->8246K(8384K) NonClass: 7398K(7488K)->7398K(7488K) Class: 847K(896K)->847K(896K)
[2023-01-02T12:13:17.775-0500][gc          ] GC(0) Pause Young (Normal) (G1 Evacuation Pause) 25M->8M(512M) 4.631ms
[2023-01-02T12:13:17.775-0500][gc,cpu      ] GC(0) User=0.01s Sys=0.00s Real=0.00s
[2023-01-02T12:19:50.242-0500][gc,heap,exit] Heap
[2023-01-02T12:19:50.248-0500][gc,heap,exit]  garbage-first heap   total 524288K, used 22868K [0x00000007e0000000, 0x0000000800000000)
[2023-01-02T12:19:50.248-0500][gc,heap,exit]   region size 1024K, 19 young (19456K), 4 survivors (4096K)
[2023-01-02T12:19:50.248-0500][gc,heap,exit]  Metaspace       used 9371K, committed 9600K, reserved 1114112K
[2023-01-02T12:19:50.248-0500][gc,heap,exit]   class space    used 946K, committed 1088K, reserved 1048576K
